Archive member included because of file (symbol)

C:\EstacaoMeteo\EstacaoMet\mbed\TARGET_LPC1768\TOOLCHAIN_GCC_CR\libmbed.a(gpio_api.o)
                              ./SHTx/i2c.o (gpio_dir)
C:\EstacaoMeteo\EstacaoMet\mbed\TARGET_LPC1768\TOOLCHAIN_GCC_CR\libmbed.a(pinmap.o)
                              C:\EstacaoMeteo\EstacaoMet\mbed\TARGET_LPC1768\TOOLCHAIN_GCC_CR\libmbed.a(gpio_api.o) (pin_function)
C:\EstacaoMeteo\EstacaoMet\mbed\TARGET_LPC1768\TOOLCHAIN_GCC_CR\libmbed.a(serial_api.o)
                              C:/EstacaoMeteo/EstacaoMet/mbed/TARGET_LPC1768/TOOLCHAIN_GCC_CR/retarget.o (serial_getc)
C:\EstacaoMeteo\EstacaoMet\mbed\TARGET_LPC1768\TOOLCHAIN_GCC_CR\libmbed.a(FilePath.o)
                              C:/EstacaoMeteo/EstacaoMet/mbed/TARGET_LPC1768/TOOLCHAIN_GCC_CR/retarget.o (mbed::FilePath::FilePath(char const*))
C:\EstacaoMeteo\EstacaoMet\mbed\TARGET_LPC1768\TOOLCHAIN_GCC_CR\libmbed.a(FileSystemLike.o)
                              C:/EstacaoMeteo/EstacaoMet/mbed/TARGET_LPC1768/TOOLCHAIN_GCC_CR/retarget.o (mbed::FileSystemLike::opendir())
C:\EstacaoMeteo\EstacaoMet\mbed\TARGET_LPC1768\TOOLCHAIN_GCC_CR\libmbed.a(InterruptIn.o)
                              ./nRF24L01P/nRF24L01P.o (mbed::InterruptIn::InterruptIn(PinName))
C:\EstacaoMeteo\EstacaoMet\mbed\TARGET_LPC1768\TOOLCHAIN_GCC_CR\libmbed.a(SPI.o)
                              ./nRF24L01P/nRF24L01P.o (mbed::SPI::SPI(PinName, PinName, PinName, PinName))
C:\EstacaoMeteo\EstacaoMet\mbed\TARGET_LPC1768\TOOLCHAIN_GCC_CR\libmbed.a(Serial.o)
                              ./Logger/Logger.o (mbed::Serial::Serial(PinName, PinName, char const*))
C:\EstacaoMeteo\EstacaoMet\mbed\TARGET_LPC1768\TOOLCHAIN_GCC_CR\libmbed.a(SerialBase.o)
                              C:\EstacaoMeteo\EstacaoMet\mbed\TARGET_LPC1768\TOOLCHAIN_GCC_CR\libmbed.a(Serial.o) (mbed::SerialBase::SerialBase(PinName, PinName))
C:\EstacaoMeteo\EstacaoMet\mbed\TARGET_LPC1768\TOOLCHAIN_GCC_CR\libmbed.a(Stream.o)
                              C:\EstacaoMeteo\EstacaoMet\mbed\TARGET_LPC1768\TOOLCHAIN_GCC_CR\libmbed.a(Serial.o) (mbed::Stream::close())
C:\EstacaoMeteo\EstacaoMet\mbed\TARGET_LPC1768\TOOLCHAIN_GCC_CR\libmbed.a(assert.o)
                              ./nRF24L01P/nRF24L01P.o (mbed_assert_internal)
C:\EstacaoMeteo\EstacaoMet\mbed\TARGET_LPC1768\TOOLCHAIN_GCC_CR\libmbed.a(error.o)
                              ./nRF24L01P/nRF24L01P.o (error)
C:\EstacaoMeteo\EstacaoMet\mbed\TARGET_LPC1768\TOOLCHAIN_GCC_CR\libmbed.a(gpio.o)
                              ./SHTx/i2c.o (gpio_init_in)
C:\EstacaoMeteo\EstacaoMet\mbed\TARGET_LPC1768\TOOLCHAIN_GCC_CR\libmbed.a(mbed_interface.o)
                              C:/EstacaoMeteo/EstacaoMet/mbed/TARGET_LPC1768/TOOLCHAIN_GCC_CR/retarget.o (mbed_interface_connected)
C:\EstacaoMeteo\EstacaoMet\mbed\TARGET_LPC1768\TOOLCHAIN_GCC_CR\libmbed.a(pinmap_common.o)
                              C:\EstacaoMeteo\EstacaoMet\mbed\TARGET_LPC1768\TOOLCHAIN_GCC_CR\libmbed.a(serial_api.o) (pinmap_pinout)
C:\EstacaoMeteo\EstacaoMet\mbed\TARGET_LPC1768\TOOLCHAIN_GCC_CR\libmbed.a(rtc_time.o)
                              ./Logger/Logger.o (time)
C:\EstacaoMeteo\EstacaoMet\mbed\TARGET_LPC1768\TOOLCHAIN_GCC_CR\libmbed.a(semihost_api.o)
                              C:/EstacaoMeteo/EstacaoMet/mbed/TARGET_LPC1768/TOOLCHAIN_GCC_CR/retarget.o (semihost_exit)
C:\EstacaoMeteo\EstacaoMet\mbed\TARGET_LPC1768\TOOLCHAIN_GCC_CR\libmbed.a(wait_api.o)
                              ./nRF24L01P/nRF24L01P.o (wait_us)
C:\EstacaoMeteo\EstacaoMet\mbed\TARGET_LPC1768\TOOLCHAIN_GCC_CR\libmbed.a(gpio_irq_api.o)
                              C:\EstacaoMeteo\EstacaoMet\mbed\TARGET_LPC1768\TOOLCHAIN_GCC_CR\libmbed.a(InterruptIn.o) (gpio_irq_init)
C:\EstacaoMeteo\EstacaoMet\mbed\TARGET_LPC1768\TOOLCHAIN_GCC_CR\libmbed.a(rtc_api.o)
                              C:\EstacaoMeteo\EstacaoMet\mbed\TARGET_LPC1768\TOOLCHAIN_GCC_CR\libmbed.a(rtc_time.o) (rtc_init)
C:\EstacaoMeteo\EstacaoMet\mbed\TARGET_LPC1768\TOOLCHAIN_GCC_CR\libmbed.a(spi_api.o)
                              C:\EstacaoMeteo\EstacaoMet\mbed\TARGET_LPC1768\TOOLCHAIN_GCC_CR\libmbed.a(SPI.o) (spi_init)
C:\EstacaoMeteo\EstacaoMet\mbed\TARGET_LPC1768\TOOLCHAIN_GCC_CR\libmbed.a(us_ticker.o)
                              C:\EstacaoMeteo\EstacaoMet\mbed\TARGET_LPC1768\TOOLCHAIN_GCC_CR\libmbed.a(rtc_time.o) (us_ticker_read)
C:\EstacaoMeteo\EstacaoMet\mbed\TARGET_LPC1768\TOOLCHAIN_GCC_CR\libmbed.a(FileLike.o)
                              C:\EstacaoMeteo\EstacaoMet\mbed\TARGET_LPC1768\TOOLCHAIN_GCC_CR\libmbed.a(Stream.o) (mbed::FileLike::~FileLike())
C:\EstacaoMeteo\EstacaoMet\mbed\TARGET_LPC1768\TOOLCHAIN_GCC_CR\libmbed.a(FileBase.o)
                              C:\EstacaoMeteo\EstacaoMet\mbed\TARGET_LPC1768\TOOLCHAIN_GCC_CR\libmbed.a(FileSystemLike.o) (mbed::FileBase::~FileBase())
C:\EstacaoMeteo\EstacaoMet\mbed\TARGET_LPC1768\TOOLCHAIN_GCC_CR\libmbed.a(us_ticker_api.o)
[...]
Memory Configuration

Name             Origin             Length             Attributes
MFlash512        0x00000000         0x00080000         xr
RamLoc32         0x100000c8         0x00007f38         xrw
RamAHB_USB       0x2007c000         0x00004000         xrw
RamAHB_Eth       0x20080000         0x00004000         xrw
*default*        0x00000000         0xffffffff

Linker script and memory map

LOAD ./nRF24L01P/nRF24L01P.o
LOAD ./SHTx/i2c.o
LOAD ./SHTx/sht15.o
LOAD ./PowerControl/EthernetPowerControl.o
LOAD ./Logger/Logger.o
LOAD ./GPS/GPS.o
LOAD ./FaultInjector/FaultInjector.o
LOAD ./ConfigFile/ConfigFile.o
LOAD ./ConfigFile/ConfigList.o
LOAD ./main.o
LOAD C:/EstacaoMeteo/EstacaoMet/mbed/TARGET_LPC1768/TOOLCHAIN_GCC_CR/board.o
LOAD C:/EstacaoMeteo/EstacaoMet/mbed/TARGET_LPC1768/TOOLCHAIN_GCC_CR/cmsis_nvic.o
LOAD C:/EstacaoMeteo/EstacaoMet/mbed/TARGET_LPC1768/TOOLCHAIN_GCC_CR/retarget.o
LOAD C:/EstacaoMeteo/EstacaoMet/mbed/TARGET_LPC1768/TOOLCHAIN_GCC_CR/startup_LPC17xx.o
LOAD C:/EstacaoMeteo/EstacaoMet/mbed/TARGET_LPC1768/TOOLCHAIN_GCC_CR/system_LPC17xx.o
LOAD C:\EstacaoMeteo\EstacaoMet\mbed\TARGET_LPC1768\TOOLCHAIN_GCC_CR\libmbed.a
START GROUP
LOAD c:/nxp/lpcxpresso_7.9.2_493/lpcxpresso/tools/bin/../lib/gcc/arm-none-eabi/4.9.3/armv7-m\libgcc.a
LOAD c:/nxp/lpcxpresso_7.9.2_493/lpcxpresso/tools/bin/../lib/gcc/arm-none-eabi/4.9.3/../../../../arm-none-eabi/lib/armv7-m\libc.a
LOAD c:/nxp/lpcxpresso_7.9.2_493/lpcxpresso/tools/bin/../lib/gcc/arm-none-eabi/4.9.3/../../../../arm-none-eabi/lib/armv7-m\libstdc++.a
LOAD c:/nxp/lpcxpresso_7.9.2_493/lpcxpresso/tools/bin/../lib/gcc/arm-none-eabi/4.9.3/../../../../arm-none-eabi/lib/armv7-m\libm.a
LOAD c:/nxp/lpcxpresso_7.9.2_493/lpcxpresso/tools/bin/../lib/gcc/arm-none-eabi/4.9.3/../../../../arm-none-eabi/lib/armv7-m\libcr_newlib_nohost.a
LOAD c:/nxp/lpcxpresso_7.9.2_493/lpcxpresso/tools/bin/../lib/gcc/arm-none-eabi/4.9.3/armv7-m\crti.o
LOAD c:/nxp/lpcxpresso_7.9.2_493/lpcxpresso/tools/bin/../lib/gcc/arm-none-eabi/4.9.3/armv7-m\crtn.o
LOAD c:/nxp/lpcxpresso_7.9.2_493/lpcxpresso/tools/bin/../lib/gcc/arm-none-eabi/4.9.3/armv7-m\crtbegin.o
LOAD c:/nxp/lpcxpresso_7.9.2_493/lpcxpresso/tools/bin/../lib/gcc/arm-none-eabi/4.9.3/armv7-m\crtend.o
END GROUP
                0x00080000                __top_MFlash512 = 0x80000
                0x10008000                __top_RamLoc32 = 0x10008000
                0x20084000                __top_RamAHB32 = 0x20084000

.text           0x00000000     0x7750
 FILL mask 0xff
 *(.isr_vector)
 .isr_vector    0x00000000       0xcc C:/EstacaoMeteo/EstacaoMet/mbed/TARGET_LPC1768/TOOLCHAIN_GCC_CR/startup_LPC17xx.o
                0x00000000                g_pfnVectors
                0x000000cc                . = ALIGN (0x4)
                0x000000cc                __section_table_start = .
                0x000000cc                __data_section_table = .
                0x000000cc        0x4 LONG 0x7758 LOADADDR (.data)
                0x000000d0        0x4 LONG 0x100000c8 ADDR (.data)
                0x000000d4        0x4 LONG 0x8a4 SIZEOF (.data)
                0x000000d8        0x4 LONG 0x7758 LOADADDR (.data_RAM2)
                0x000000dc        0x4 LONG 0x2007c000 ADDR (.data_RAM2)
                0x000000e0        0x4 LONG 0x0 SIZEOF (.data_RAM2)
                0x000000e4                __data_section_table_end = .
                0x000000e4                __bss_section_table = .
                0x000000e4        0x4 LONG 0x1000096c ADDR (.bss)
                0x000000e8        0x4 LONG 0x26c SIZEOF (.bss)
                0x000000ec        0x4 LONG 0x2007c000 ADDR (.bss_RAM2)
                0x000000f0        0x4 LONG 0x0 SIZEOF (.bss_RAM2)
                0x000000f4                __bss_section_table_end = .
                0x000000f4                __section_table_end = .
 *(.after_vectors*)
 .after_vectors
                0x000000f4       0xd0 C:/EstacaoMeteo/EstacaoMet/mbed/TARGET_LPC1768/TOOLCHAIN_GCC_CR/startup_LPC17xx.o
                0x000000f4                NMI_Handler
                0x000000f8                HardFault_Handler
                0x000000fc                MemManage_Handler
                0x00000100                BusFault_Handler
                0x00000104                UsageFault_Handler
                0x00000108                SVC_Handler
                0x0000010c                DebugMon_Handler
                0x00000110                PendSV_Handler
                0x00000114                SysTick_Handler
                0x00000118                PWM1_IRQHandler
                0x00000118                I2C1_IRQHandler
                0x00000118                EINT2_IRQHandler
                0x00000118                UART1_IRQHandler
                0x00000118                EINT3_IRQHandler
                0x00000118                CANActivity_IRQHandler
                0x00000118                TIMER3_IRQHandler
                0x00000118                UART0_IRQHandler
                0x00000118                MCPWM_IRQHandler
                0x00000118                I2C0_IRQHandler
                0x00000118                IntDefaultHandler
                0x00000118                RIT_IRQHandler
                0x00000118                CAN_IRQHandler
                0x00000118                PLL1_IRQHandler
                0x00000118                SSP0_IRQHandler
                0x00000118                I2S_IRQHandler
                0x00000118                I2C2_IRQHandler
                0x00000118                RTC_IRQHandler
                0x00000118                TIMER0_IRQHandler
                0x00000118                SPI_IRQHandler
                0x00000118                UART3_IRQHandler
                0x00000118                EINT1_IRQHandler
                0x00000118                TIMER1_IRQHandler
                0x00000118                UART2_IRQHandler
                0x00000118                ADC_IRQHandler
                0x00000118                SSP1_IRQHandler
                0x00000118                USB_IRQHandler
                0x00000118                BOD_IRQHandler
                0x00000118                USBActivity_IRQHandler
                0x00000118                WDT_IRQHandler
                0x00000118                PLL0_IRQHandler
                0x00000118                QEI_IRQHandler
                0x00000118                EINT0_IRQHandler
                0x00000118                TIMER2_IRQHandler
                0x00000118                DMA_IRQHandler
                0x00000118                ENET_IRQHandler
                0x0000011c                ResetISR
                0x0000019c                data_init
                0x000001b4                bss_init
 *(.text*)
 .text.gpio_write
                0x000001c4       0x48 ./nRF24L01P/nRF24L01P.o
 .text._ZN4mbed10DigitalOutC2E7PinName
                0x0000020c       0x44 ./nRF24L01P/nRF24L01P.o
                0x0000020c                mbed::DigitalOut::DigitalOut(PinName)
                0x0000020c                mbed::DigitalOut::DigitalOut(PinName)
 .text._ZN4mbed10DigitalOut5writeEi
                0x00000250       0x1c ./nRF24L01P/nRF24L01P.o
                0x00000250                mbed::DigitalOut::write(int)
 .text._ZN4mbed10DigitalOutaSEi
                0x0000026c       0x1c ./nRF24L01P/nRF24L01P.o
                0x0000026c                mbed::DigitalOut::operator=(int)
 .text.main     0x00000288       0x2c ./main.o
                0x00000288                main
 .text._Z41__static_initialization_and_destruction_0ii
                0x000002b4       0x30 ./main.o
 .text._GLOBAL__sub_I_myled
                0x000002e4       0x10 ./main.o
 .text.mbed_die
                0x000002f4      0x10c C:/EstacaoMeteo/EstacaoMet/mbed/TARGET_LPC1768/TOOLCHAIN_GCC_CR/board.o
                0x000002f4                mbed_die
 .text.NVIC_SetVector
                0x00000400       0x3c C:/EstacaoMeteo/EstacaoMet/mbed/TARGET_LPC1768/TOOLCHAIN_GCC_CR/cmsis_nvic.o
                0x00000400                NVIC_SetVector
 .text._ZL11init_serialv.part.0
                0x0000043c       0x18 C:/EstacaoMeteo/EstacaoMet/mbed/TARGET_LPC1768/TOOLCHAIN_GCC_CR/retarget.o
 .text._close   0x00000454       0x2c C:/EstacaoMeteo/EstacaoMet/mbed/TARGET_LPC1768/TOOLCHAIN_GCC_CR/retarget.o
                0x00000454                _close
 .text._write   0x00000480       0x50 C:/EstacaoMeteo/EstacaoMet/mbed/TARGET_LPC1768/TOOLCHAIN_GCC_CR/retarget.o
                0x00000480                _write
 .text._read    0x000004d0       0x4c C:/EstacaoMeteo/EstacaoMet/mbed/TARGET_LPC1768/TOOLCHAIN_GCC_CR/retarget.o
                0x000004d0                _read
 .text._isatty  0x0000051c       0x28 C:/EstacaoMeteo/EstacaoMet/mbed/TARGET_LPC1768/TOOLCHAIN_GCC_CR/retarget.o
                0x0000051c                _isatty
 .text._lseek   0x00000544       0x28 C:/EstacaoMeteo/EstacaoMet/mbed/TARGET_LPC1768/TOOLCHAIN_GCC_CR/retarget.o
                0x00000544                _lseek
 .text._fstat   0x0000056c       0x20 C:/EstacaoMeteo/EstacaoMet/mbed/TARGET_LPC1768/TOOLCHAIN_GCC_CR/retarget.o
                0x0000056c                _fstat
 .text.exit     0x0000058c       0x30 C:/EstacaoMeteo/EstacaoMet/mbed/TARGET_LPC1768/TOOLCHAIN_GCC_CR/retarget.o
                0x0000058c                exit
 .text.SystemInit
                0x000005bc       0xb8 C:/EstacaoMeteo/EstacaoMet/mbed/TARGET_LPC1768/TOOLCHAIN_GCC_CR/system_LPC17xx.o
                0x000005bc                SystemInit
 .text.gpio_set
                0x00000674       0x30 C:\EstacaoMeteo\EstacaoMet\mbed\TARGET_LPC1768\TOOLCHAIN_GCC_CR\libmbed.a(gpio_api.o)
                0x00000674                gpio_set
 .text.gpio_init
                0x000006a4       0x30 C:\EstacaoMeteo\EstacaoMet\mbed\TARGET_LPC1768\TOOLCHAIN_GCC_CR\libmbed.a(gpio_api.o)
                0x000006a4                gpio_init
 .text.gpio_mode
                0x000006d4        0x8 C:\EstacaoMeteo\EstacaoMet\mbed\TARGET_LPC1768\TOOLCHAIN_GCC_CR\libmbed.a(gpio_api.o)
                0x000006d4                gpio_mode
 .text.gpio_dir
                0x000006dc       0x44 C:\EstacaoMeteo\EstacaoMet\mbed\TARGET_LPC1768\TOOLCHAIN_GCC_CR\libmbed.a(gpio_api.o)
                0x000006dc                gpio_dir
 .text.pin_function
                0x00000720       0x50 C:\EstacaoMeteo\EstacaoMet\mbed\TARGET_LPC1768\TOOLCHAIN_GCC_CR\libmbed.a(pinmap.o)
                0x00000720                pin_function
 .text.pin_mode
                0x00000770       0x78 C:\EstacaoMeteo\EstacaoMet\mbed\TARGET_LPC1768\TOOLCHAIN_GCC_CR\libmbed.a(pinmap.o)
                0x00000770                pin_mode
 .text.uart2_irq
                0x000007e8       0x64 C:\EstacaoMeteo\EstacaoMet\mbed\TARGET_LPC1768\TOOLCHAIN_GCC_CR\libmbed.a(serial_api.o)
                0x000007e8                uart2_irq
 .text.serial_irq_set_internal
                0x0000084c       0xcc C:\EstacaoMeteo\EstacaoMet\mbed\TARGET_LPC1768\TOOLCHAIN_GCC_CR\libmbed.a(serial_api.o)
 .text.uart0_irq
                0x00000918       0x64 C:\EstacaoMeteo\EstacaoMet\mbed\TARGET_LPC1768\TOOLCHAIN_GCC_CR\libmbed.a(serial_api.o)
                0x00000918                uart0_irq
 .text.uart3_irq
                0x0000097c       0x6c C:\EstacaoMeteo\EstacaoMet\mbed\TARGET_LPC1768\TOOLCHAIN_GCC_CR\libmbed.a(serial_api.o)
                0x0000097c                uart3_irq
 .text.uart1_irq
                0x000009e8       0x64 C:\EstacaoMeteo\EstacaoMet\mbed\TARGET_LPC1768\TOOLCHAIN_GCC_CR\libmbed.a(serial_api.o)
                0x000009e8                uart1_irq
 .text.serial_baud
                0x00000a4c      0x244 C:\EstacaoMeteo\EstacaoMet\mbed\TARGET_LPC1768\TOOLCHAIN_GCC_CR\libmbed.a(serial_api.o)
                0x00000a4c                serial_baud
 .text.serial_format
                0x00000c90       0x78 C:\EstacaoMeteo\EstacaoMet\mbed\TARGET_LPC1768\TOOLCHAIN_GCC_CR\libmbed.a(serial_api.o)
                0x00000c90                serial_format
 .text.serial_getc
                0x00000d08       0x38 C:\EstacaoMeteo\EstacaoMet\mbed\TARGET_LPC1768\TOOLCHAIN_GCC_CR\libmbed.a(serial_api.o)
                0x00000d08                serial_getc
 .text.serial_writable
                0x00000d40       0x74 C:\EstacaoMeteo\EstacaoMet\mbed\TARGET_LPC1768\TOOLCHAIN_GCC_CR\libmbed.a(serial_api.o)
                0x00000d40                serial_writable
 .text.serial_putc
                0x00000db4       0x34 C:\EstacaoMeteo\EstacaoMet\mbed\TARGET_LPC1768\TOOLCHAIN_GCC_CR\libmbed.a(serial_api.o)
                0x00000db4                serial_putc
 .text.serial_set_flow_control
                0x00000de8      0x12c C:\EstacaoMeteo\EstacaoMet\mbed\TARGET_LPC1768\TOOLCHAIN_GCC_CR\libmbed.a(serial_api.o)
                0x00000de8                serial_set_flow_control
 .text.serial_init
                0x00000f14      0x1bc C:\EstacaoMeteo\EstacaoMet\mbed\TARGET_LPC1768\TOOLCHAIN_GCC_CR\libmbed.a(serial_api.o)
                0x00000f14                serial_init
 .text.mbed_assert_internal
                0x000010d0       0x18 C:\EstacaoMeteo\EstacaoMet\mbed\TARGET_LPC1768\TOOLCHAIN_GCC_CR\libmbed.a(assert.o)
                0x000010d0                mbed_assert_internal
 .text.error    0x000010e8       0x24 C:\EstacaoMeteo\EstacaoMet\mbed\TARGET_LPC1768\TOOLCHAIN_GCC_CR\libmbed.a(error.o)
                0x000010e8                error
 .text.gpio_init_in
                0x0000110c       0x24 C:\EstacaoMeteo\EstacaoMet\mbed\TARGET_LPC1768\TOOLCHAIN_GCC_CR\libmbed.a(gpio.o)
                0x0000110c                gpio_init_in
 .text.gpio_init_out
                0x00001130       0x44 C:\EstacaoMeteo\EstacaoMet\mbed\TARGET_LPC1768\TOOLCHAIN_GCC_CR\libmbed.a(gpio.o)
                0x00001130                gpio_init_out
 .text.gpio_init_out_ex
                0x00001174       0x54 C:\EstacaoMeteo\EstacaoMet\mbed\TARGET_LPC1768\TOOLCHAIN_GCC_CR\libmbed.a(gpio.o)
                0x00001174                gpio_init_out_ex
 .text.mbed_interface_connected
                0x000011c8        0x4 C:\EstacaoMeteo\EstacaoMet\mbed\TARGET_LPC1768\TOOLCHAIN_GCC_CR\libmbed.a(mbed_interface.o)
                0x000011c8                mbed_interface_connected
 .text.pinmap_pinout
                0x000011cc       0x40 C:\EstacaoMeteo\EstacaoMet\mbed\TARGET_LPC1768\TOOLCHAIN_GCC_CR\libmbed.a(pinmap_common.o)
                0x000011cc                pinmap_pinout
 .text.pinmap_merge
                0x0000120c       0x24 C:\EstacaoMeteo\EstacaoMet\mbed\TARGET_LPC1768\TOOLCHAIN_GCC_CR\libmbed.a(pinmap_common.o)
                0x0000120c                pinmap_merge
 .text.pinmap_find_peripheral
                0x00001230       0x1c C:\EstacaoMeteo\EstacaoMet\mbed\TARGET_LPC1768\TOOLCHAIN_GCC_CR\libmbed.a(pinmap_common.o)
                0x00001230                pinmap_find_peripheral
 .text.pinmap_peripheral
                0x0000124c       0x34 C:\EstacaoMeteo\EstacaoMet\mbed\TARGET_LPC1768\TOOLCHAIN_GCC_CR\libmbed.a(pinmap_common.o)
                0x0000124c                pinmap_peripheral
 .text.semihost_exit
                0x00001280       0x18 C:\EstacaoMeteo\EstacaoMet\mbed\TARGET_LPC1768\TOOLCHAIN_GCC_CR\libmbed.a(semihost_api.o)
                0x00001280                semihost_exit
 .text.semihost_connected
                0x00001298       0x10 C:\EstacaoMeteo\EstacaoMet\mbed\TARGET_LPC1768\TOOLCHAIN_GCC_CR\libmbed.a(semihost_api.o)
                0x00001298                semihost_connected
 .text.wait_us  0x000012a8       0x18 C:\EstacaoMeteo\EstacaoMet\mbed\TARGET_LPC1768\TOOLCHAIN_GCC_CR\libmbed.a(wait_api.o)
                0x000012a8                wait_us
 .text.wait     0x000012c0       0x18 C:\EstacaoMeteo\EstacaoMet\mbed\TARGET_LPC1768\TOOLCHAIN_GCC_CR\libmbed.a(wait_api.o)
                0x000012c0                wait
 .text.wait_ms  0x000012d8        0xc C:\EstacaoMeteo\EstacaoMet\mbed\TARGET_LPC1768\TOOLCHAIN_GCC_CR\libmbed.a(wait_api.o)
                0x000012d8                wait_ms
 .text.us_ticker_init
                0x000012e4       0x68 C:\EstacaoMeteo\EstacaoMet\mbed\TARGET_LPC1768\TOOLCHAIN_GCC_CR\libmbed.a(us_ticker.o)
                0x000012e4                us_ticker_init
 .text.us_ticker_read
                0x0000134c       0x1c C:\EstacaoMeteo\EstacaoMet\mbed\TARGET_LPC1768\TOOLCHAIN_GCC_CR\libmbed.a(us_ticker.o)
                0x0000134c                us_ticker_read
 .text.us_ticker_set_interrupt
                0x00001368       0x14 C:\EstacaoMeteo\EstacaoMet\mbed\TARGET_LPC1768\TOOLCHAIN_GCC_CR\libmbed.a(us_ticker.o)
                0x00001368                us_ticker_set_interrupt
 .text.us_ticker_disable_interrupt
                0x0000137c       0x10 C:\EstacaoMeteo\EstacaoMet\mbed\TARGET_LPC1768\TOOLCHAIN_GCC_CR\libmbed.a(us_ticker.o)
                0x0000137c                us_ticker_disable_interrupt
 .text.us_ticker_clear_interrupt
                0x0000138c        0xc C:\EstacaoMeteo\EstacaoMet\mbed\TARGET_LPC1768\TOOLCHAIN_GCC_CR\libmbed.a(us_ticker.o)
                0x0000138c                us_ticker_clear_interrupt
 .text.us_ticker_irq_handler
                0x00001398        0xc C:\EstacaoMeteo\EstacaoMet\mbed\TARGET_LPC1768\TOOLCHAIN_GCC_CR\libmbed.a(us_ticker_api.o)
                0x00001398                us_ticker_irq_handler
 .text.ticker_irq_handler
                0x000013a4       0x48 C:\EstacaoMeteo\EstacaoMet\mbed\TARGET_LPC1768\TOOLCHAIN_GCC_CR\libmbed.a(ticker_api.o)
                0x000013a4                ticker_irq_handler
 .text          0x000013ec      0x370 c:/nxp/lpcxpresso_7.9.2_493/lpcxpresso/tools/bin/../lib/gcc/arm-none-eabi/4.9.3/armv7-m\libgcc.a(_arm_addsubdf3.o)
                0x000013ec                __aeabi_drsub
                0x000013f4                __aeabi_dsub
                0x000013f4                __subdf3
                0x000013f8                __aeabi_dadd
                0x000013f8                __adddf3
                0x00001670                __floatunsidf
                0x00001670                __aeabi_ui2d
                0x00001690                __floatsidf
                0x00001690                __aeabi_i2d
                0x000016b4                __aeabi_f2d
                0x000016b4                __extendsfdf2
                0x000016f0                __floatundidf
                0x000016f0                __aeabi_ul2d
                0x00001700                __floatdidf
                0x00001700                __aeabi_l2d
 .text          0x0000175c       0x50 c:/nxp/lpcxpresso_7.9.2_493/lpcxpresso/tools/bin/../lib/gcc/arm-none-eabi/4.9.3/armv7-m\libgcc.a(_arm_fixdfsi.o)
                0x0000175c                __aeabi_d2iz
                0x0000175c                __fixdfsi
 .text          0x000017ac      0x2a0 c:/nxp/lpcxpresso_7.9.2_493/lpcxpresso/tools/bin/../lib/gcc/arm-none-eabi/4.9.3/armv7-m\libgcc.a(_arm_muldivsf3.o)
                0x000017ac                __mulsf3
                0x000017ac                __aeabi_fmul
                0x00001914                __aeabi_fdiv
                0x00001914                __divsf3
 .text          0x00001a4c       0x4c c:/nxp/lpcxpresso_7.9.2_493/lpcxpresso/tools/bin/../lib/gcc/arm-none-eabi/4.9.3/armv7-m\libgcc.a(_arm_fixsfsi.o)
                0x00001a4c                __aeabi_f2iz
                0x00001a4c                __fixsfsi
 .text          0x00001a98       0x30 c:/nxp/lpcxpresso_7.9.2_493/lpcxpresso/tools/bin/../lib/gcc/arm-none-eabi/4.9.3/armv7-m\libgcc.a(_aeabi_uldivmod.o)
                0x00001a98                __aeabi_uldivmod
 .text          0x00001ac8       0x60 c:/nxp/lpcxpresso_7.9.2_493/lpcxpresso/tools/bin/../lib/gcc/arm-none-eabi/4.9.3/armv7-m\libgcc.a(bpabi.o)
                0x00001ac8                __gnu_ldivmod_helper
                0x00001af8                __gnu_uldivmod_helper
 .text          0x00001b28        0x4 c:/nxp/lpcxpresso_7.9.2_493/lpcxpresso/tools/bin/../lib/gcc/arm-none-eabi/4.9.3/armv7-m\libgcc.a(_dvmd_tls.o)
                0x00001b28                __aeabi_idiv0
                0x00001b28                __aeabi_ldiv0
 .text          0x00001b2c      0x2ac c:/nxp/lpcxpresso_7.9.2_493/lpcxpresso/tools/bin/../lib/gcc/arm-none-eabi/4.9.3/armv7-m\libgcc.a(_divdi3.o)
                0x00001b2c                __divdi3
 .text          0x00001dd8      0x270 c:/nxp/lpcxpresso_7.9.2_493/lpcxpresso/tools/bin/../lib/gcc/arm-none-eabi/4.9.3/armv7-m\libgcc.a(_udivdi3.o)
                0x00001dd8                __udivdi3
 .text.abs      0x00002048        0x8 c:/nxp/lpcxpresso_7.9.2_493/lpcxpresso/tools/bin/../lib/gcc/arm-none-eabi/4.9.3/../../../../arm-none-eabi/lib/armv7-m\libc.a(lib_a-abs.o)
                0x00002048                abs
 .text._calloc_r
                0x00002050       0x60 c:/nxp/lpcxpresso_7.9.2_493/lpcxpresso/tools/bin/../lib/gcc/arm-none-eabi/4.9.3/../../../../arm-none-eabi/lib/armv7-m\libc.a(lib_a-callocr.o)
                0x00002050                _calloc_r
 .text.__errno  0x000020b0        0xc c:/nxp/lpcxpresso_7.9.2_493/lpcxpresso/tools/bin/../lib/gcc/arm-none-eabi/4.9.3/../../../../arm-none-eabi/lib/armv7-m\libc.a(lib_a-errno.o)
                0x000020b0                __errno
 .text._fclose_r
                0x000020bc       0x84 c:/nxp/lpcxpresso_7.9.2_493/lpcxpresso/tools/bin/../lib/gcc/arm-none-eabi/4.9.3/../../../../arm-none-eabi/lib/armv7-m\libc.a(lib_a-fclose.o)
                0x000020bc                _fclose_r
 .text.__sflush_r
                0x00002140      0x148 c:/nxp/lpcxpresso_7.9.2_493/lpcxpresso/tools/bin/../lib/gcc/arm-none-eabi/4.9.3/../../../../arm-none-eabi/lib/armv7-m\libc.a(lib_a-fflush.o)
                0x00002140                __sflush_r
 .text._fflush_r
                0x00002288       0x2c c:/nxp/lpcxpresso_7.9.2_493/lpcxpresso/tools/bin/../lib/gcc/arm-none-eabi/4.9.3/../../../../arm-none-eabi/lib/armv7-m\libc.a(lib_a-fflush.o)
                0x00002288                _fflush_r
 .text.fflush   0x000022b4       0x24 c:/nxp/lpcxpresso_7.9.2_493/lpcxpresso/tools/bin/../lib/gcc/arm-none-eabi/4.9.3/../../../../arm-none-eabi/lib/armv7-m\libc.a(lib_a-fflush.o)
                0x000022b4                fflush
 .text._cleanup_r
                0x000022d8        0xc c:/nxp/lpcxpresso_7.9.2_493/lpcxpresso/tools/bin/../lib/gcc/arm-none-eabi/4.9.3/../../../../arm-none-eabi/lib/armv7-m\libc.a(lib_a-findfp.o)
                0x000022d8                _cleanup_r
 .text.__sinit.part.1
                0x000022e4       0xf0 c:/nxp/lpcxpresso_7.9.2_493/lpcxpresso/tools/bin/../lib/gcc/arm-none-eabi/4.9.3/../../../../arm-none-eabi/lib/armv7-m\libc.a(lib_a-findfp.o)
 .text.__sinit  0x000023d4        0xc c:/nxp/lpcxpresso_7.9.2_493/lpcxpresso/tools/bin/../lib/gcc/arm-none-eabi/4.9.3/../../../../arm-none-eabi/lib/armv7-m\libc.a(lib_a-findfp.o)
                0x000023d4                __sinit
 .text.__sfp_lock_acquire
                0x000023e0        0x4 c:/nxp/lpcxpresso_7.9.2_493/lpcxpresso/tools/bin/../lib/gcc/arm-none-eabi/4.9.3/../../../../arm-none-eabi/lib/armv7-m\libc.a(lib_a-findfp.o)
                0x000023e0                __sfp_lock_acquire
 .text.__sfp_lock_release
                0x000023e4        0x4 c:/nxp/lpcxpresso_7.9.2_493/lpcxpresso/tools/bin/../lib/gcc/arm-none-eabi/4.9.3/../../../../arm-none-eabi/lib/armv7-m\libc.a(lib_a-findfp.o)
                0x000023e4                __sfp_lock_release
 .text._malloc_trim_r
                0x000023e8       0x9c c:/nxp/lpcxpresso_7.9.2_493/lpcxpresso/tools/bin/../lib/gcc/arm-none-eabi/4.9.3/../../../../arm-none-eabi/lib/armv7-m\libc.a(lib_a-freer.o)
                0x000023e8                _malloc_trim_r
 .text._free_r  0x00002484      0x1b0 c:/nxp/lpcxpresso_7.9.2_493/lpcxpresso/tools/bin/../lib/gcc/arm-none-eabi/4.9.3/../../../../arm-none-eabi/lib/armv7-m\libc.a(lib_a-freer.o)
                0x00002484                _free_r
 .text._fstat_r
                0x00002634       0x28 c:/nxp/lpcxpresso_7.9.2_493/lpcxpresso/tools/bin/../lib/gcc/arm-none-eabi/4.9.3/../../../../arm-none-eabi/lib/armv7-m\libc.a(lib_a-fstatr.o)
                0x00002634                _fstat_r
 .text.__sfvwrite_r
                0x0000265c      0x320 c:/nxp/lpcxpresso_7.9.2_493/lpcxpresso/tools/bin/../lib/gcc/arm-none-eabi/4.9.3/../../../../arm-none-eabi/lib/armv7-m\libc.a(lib_a-fvwrite.o)
                0x0000265c                __sfvwrite_r
 .text._fwalk_reent
                0x0000297c       0x50 c:/nxp/lpcxpresso_7.9.2_493/lpcxpresso/tools/bin/../lib/gcc/arm-none-eabi/4.9.3/../../../../arm-none-eabi/lib/armv7-m\libc.a(lib_a-fwalk.o)
                0x0000297c                _fwalk_reent
 .text.__libc_init_array
                0x000029cc       0x50 c:/nxp/lpcxpresso_7.9.2_493/lpcxpresso/tools/bin/../lib/gcc/arm-none-eabi/4.9.3/../../../../arm-none-eabi/lib/armv7-m\libc.a(lib_a-init.o)
                0x000029cc                __libc_init_array
 .text.__smakebuf_r
                0x00002a1c       0xe0 c:/nxp/lpcxpresso_7.9.2_493/lpcxpresso/tools/bin/../lib/gcc/arm-none-eabi/4.9.3/../../../../arm-none-eabi/lib/armv7-m\libc.a(lib_a-makebuf.o)
                0x00002a1c                __smakebuf_r
 .text._malloc_r
                0x00002afc      0x50c c:/nxp/lpcxpresso_7.9.2_493/lpcxpresso/tools/bin/../lib/gcc/arm-none-eabi/4.9.3/../../../../arm-none-eabi/lib/armv7-m\libc.a(lib_a-mallocr.o)
                0x00002afc                _malloc_r
 .text.memchr   0x00003008       0x94 c:/nxp/lpcxpresso_7.9.2_493/lpcxpresso/tools/bin/../lib/gcc/arm-none-eabi/4.9.3/../../../../arm-none-eabi/lib/armv7-m\libc.a(lib_a-memchr.o)
                0x00003008                memchr
 .text          0x0000309c       0xec c:/nxp/lpcxpresso_7.9.2_493/lpcxpresso/tools/bin/../lib/gcc/arm-none-eabi/4.9.3/../../../../arm-none-eabi/lib/armv7-m\libc.a(lib_a-memcpy.o)
                0x0000309c                memcpy
 .text.memmove  0x00003188       0xc8 c:/nxp/lpcxpresso_7.9.2_493/lpcxpresso/tools/bin/../lib/gcc/arm-none-eabi/4.9.3/../../../../arm-none-eabi/lib/armv7-m\libc.a(lib_a-memmove.o)
                0x00003188                memmove
 .text.memset   0x00003250       0x9c c:/nxp/lpcxpresso_7.9.2_493/lpcxpresso/tools/bin/../lib/gcc/arm-none-eabi/4.9.3/../../../../arm-none-eabi/lib/armv7-m\libc.a(lib_a-memset.o)
                0x00003250                memset
 .text.__malloc_lock
                0x000032ec        0x4 c:/nxp/lpcxpresso_7.9.2_493/lpcxpresso/tools/bin/../lib/gcc/arm-none-eabi/4.9.3/../../../../arm-none-eabi/lib/armv7-m\libc.a(lib_a-mlock.o)
                0x000032ec                __malloc_lock
 .text.__malloc_unlock
                0x000032f0        0x4 c:/nxp/lpcxpresso_7.9.2_493/lpcxpresso/tools/bin/../lib/gcc/arm-none-eabi/4.9.3/../../../../arm-none-eabi/lib/armv7-m\libc.a(lib_a-mlock.o)
                0x000032f0                __malloc_unlock
 .text._realloc_r
                0x000032f4      0x3e0 c:/nxp/lpcxpresso_7.9.2_493/lpcxpresso/tools/bin/../lib/gcc/arm-none-eabi/4.9.3/../../../../arm-none-eabi/lib/armv7-m\libc.a(lib_a-reallocr.o)
                0x000032f4                _realloc_r
 .text._sbrk_r  0x000036d4       0x24 c:/nxp/lpcxpresso_7.9.2_493/lpcxpresso/tools/bin/../lib/gcc/arm-none-eabi/4.9.3/../../../../arm-none-eabi/lib/armv7-m\libc.a(lib_a-sbrkr.o)
                0x000036d4                _sbrk_r
 .text.__sread  0x000036f8       0x24 c:/nxp/lpcxpresso_7.9.2_493/lpcxpresso/tools/bin/../lib/gcc/arm-none-eabi/4.9.3/../../../../arm-none-eabi/lib/armv7-m\libc.a(lib_a-stdio.o)
                0x000036f8                __sread
 .text.__swrite
                0x0000371c       0x38 c:/nxp/lpcxpresso_7.9.2_493/lpcxpresso/tools/bin/../lib/gcc/arm-none-eabi/4.9.3/../../../../arm-none-eabi/lib/armv7-m\libc.a(lib_a-stdio.o)
                0x0000371c                __swrite
 .text.__sseek  0x00003754       0x20 c:/nxp/lpcxpresso_7.9.2_493/lpcxpresso/tools/bin/../lib/gcc/arm-none-eabi/4.9.3/../../../../arm-none-eabi/lib/armv7-m\libc.a(lib_a-stdio.o)
                0x00003754                __sseek
 .text.__sclose
                0x00003774        0x8 c:/nxp/lpcxpresso_7.9.2_493/lpcxpresso/tools/bin/../lib/gcc/arm-none-eabi/4.9.3/../../../../arm-none-eabi/lib/armv7-m\libc.a(lib_a-stdio.o)
                0x00003774                __sclose
 .text.strlen   0x0000377c       0x5c c:/nxp/lpcxpresso_7.9.2_493/lpcxpresso/tools/bin/../lib/gcc/arm-none-eabi/4.9.3/../../../../arm-none-eabi/lib/armv7-m\libc.a(lib_a-strlen.o)
                0x0000377c                strlen
 .text._vfprintf_r
                0x000037d8     0x1448 c:/nxp/lpcxpresso_7.9.2_493/lpcxpresso/tools/bin/../lib/gcc/arm-none-eabi/4.9.3/../../../../arm-none-eabi/lib/armv7-m\libc.a(lib_a-vfprintf.o)
                0x000037d8                _vfprintf_r
 .text.vfprintf
                0x00004c20       0x18 c:/nxp/lpcxpresso_7.9.2_493/lpcxpresso/tools/bin/../lib/gcc/arm-none-eabi/4.9.3/../../../../arm-none-eabi/lib/armv7-m\libc.a(lib_a-vfprintf.o)
                0x00004c20                vfprintf
 .text.__sbprintf
                0x00004c38       0x7c c:/nxp/lpcxpresso_7.9.2_493/lpcxpresso/tools/bin/../lib/gcc/arm-none-eabi/4.9.3/../../../../arm-none-eabi/lib/armv7-m\libc.a(lib_a-vfprintf.o)
 .text.__swbuf_r
                0x00004cb4       0xa8 c:/nxp/lpcxpresso_7.9.2_493/lpcxpresso/tools/bin/../lib/gcc/arm-none-eabi/4.9.3/../../../../arm-none-eabi/lib/armv7-m\libc.a(lib_a-wbuf.o)
                0x00004cb4                __swbuf_r
 .text._write_r
                0x00004d5c       0x28 c:/nxp/lpcxpresso_7.9.2_493/lpcxpresso/tools/bin/../lib/gcc/arm-none-eabi/4.9.3/../../../../arm-none-eabi/lib/armv7-m\libc.a(lib_a-writer.o)
                0x00004d5c                _write_r
 .text.__swsetup_r
                0x00004d84       0xc4 c:/nxp/lpcxpresso_7.9.2_493/lpcxpresso/tools/bin/../lib/gcc/arm-none-eabi/4.9.3/../../../../arm-none-eabi/lib/armv7-m\libc.a(lib_a-wsetup.o)
                0x00004d84                __swsetup_r
 .text._close_r
                0x00004e48       0x24 c:/nxp/lpcxpresso_7.9.2_493/lpcxpresso/tools/bin/../lib/gcc/arm-none-eabi/4.9.3/../../../../arm-none-eabi/lib/armv7-m\libc.a(lib_a-closer.o)
                0x00004e48                _close_r
 .text.quorem   0x00004e6c      0x130 c:/nxp/lpcxpresso_7.9.2_493/lpcxpresso/tools/bin/../lib/gcc/arm-none-eabi/4.9.3/../../../../arm-none-eabi/lib/armv7-m\libc.a(lib_a-dtoa.o)
 *fill*         0x00004f9c        0x4 
 .text._dtoa_r  0x00004fa0      0xea4 c:/nxp/lpcxpresso_7.9.2_493/lpcxpresso/tools/bin/../lib/gcc/arm-none-eabi/4.9.3/../../../../arm-none-eabi/lib/armv7-m\libc.a(lib_a-dtoa.o)
                0x00004fa0                _dtoa_r
 .text._isatty_r
                0x00005e44       0x24 c:/nxp/lpcxpresso_7.9.2_493/lpcxpresso/tools/bin/../lib/gcc/arm-none-eabi/4.9.3/../../../../arm-none-eabi/lib/armv7-m\libc.a(lib_a-isattyr.o)
                0x00005e44                _isatty_r
 .text.__locale_charset
                0x00005e68        0x8 c:/nxp/lpcxpresso_7.9.2_493/lpcxpresso/tools/bin/../lib/gcc/arm-none-eabi/4.9.3/../../../../arm-none-eabi/lib/armv7-m\libc.a(lib_a-locale.o)
                0x00005e68                __locale_charset
 .text.__locale_mb_cur_max
                0x00005e70        0xc c:/nxp/lpcxpresso_7.9.2_493/lpcxpresso/tools/bin/../lib/gcc/arm-none-eabi/4.9.3/../../../../arm-none-eabi/lib/armv7-m\libc.a(lib_a-locale.o)
                0x00005e70                __locale_mb_cur_max
 .text._localeconv_r
                0x00005e7c        0x8 c:/nxp/lpcxpresso_7.9.2_493/lpcxpresso/tools/bin/../lib/gcc/arm-none-eabi/4.9.3/../../../../arm-none-eabi/lib/armv7-m\libc.a(lib_a-locale.o)
                0x00005e7c                _localeconv_r
 .text._lseek_r
                0x00005e84       0x28 c:/nxp/lpcxpresso_7.9.2_493/lpcxpresso/tools/bin/../lib/gcc/arm-none-eabi/4.9.3/../../../../arm-none-eabi/lib/armv7-m\libc.a(lib_a-lseekr.o)
                0x00005e84                _lseek_r
 .text._Balloc  0x00005eac       0x50 c:/nxp/lpcxpresso_7.9.2_493/lpcxpresso/tools/bin/../lib/gcc/arm-none-eabi/4.9.3/../../../../arm-none-eabi/lib/armv7-m\libc.a(lib_a-mprec.o)
                0x00005eac                _Balloc
 .text._Bfree   0x00005efc       0x14 c:/nxp/lpcxpresso_7.9.2_493/lpcxpresso/tools/bin/../lib/gcc/arm-none-eabi/4.9.3/../../../../arm-none-eabi/lib/armv7-m\libc.a(lib_a-mprec.o)
                0x00005efc                _Bfree
 .text.__multadd
                0x00005f10       0x84 c:/nxp/lpcxpresso_7.9.2_493/lpcxpresso/tools/bin/../lib/gcc/arm-none-eabi/4.9.3/../../../../arm-none-eabi/lib/armv7-m\libc.a(lib_a-mprec.o)
                0x00005f10                __multadd
 .text.__hi0bits
                0x00005f94       0x40 c:/nxp/lpcxpresso_7.9.2_493/lpcxpresso/tools/bin/../lib/gcc/arm-none-eabi/4.9.3/../../../../arm-none-eabi/lib/armv7-m\libc.a(lib_a-mprec.o)
                0x00005f94                __hi0bits
 .text.__lo0bits
                0x00005fd4       0x5c c:/nxp/lpcxpresso_7.9.2_493/lpcxpresso/tools/bin/../lib/gcc/arm-none-eabi/4.9.3/../../../../arm-none-eabi/lib/armv7-m\libc.a(lib_a-mprec.o)
                0x00005fd4                __lo0bits
 .text.__i2b    0x00006030       0x14 c:/nxp/lpcxpresso_7.9.2_493/lpcxpresso/tools/bin/../lib/gcc/arm-none-eabi/4.9.3/../../../../arm-none-eabi/lib/armv7-m\libc.a(lib_a-mprec.o)
                0x00006030                __i2b
 .text.__multiply
                0x00006044      0x140 c:/nxp/lpcxpresso_7.9.2_493/lpcxpresso/tools/bin/../lib/gcc/arm-none-eabi/4.9.3/../../../../arm-none-eabi/lib/armv7-m\libc.a(lib_a-mprec.o)
                0x00006044                __multiply
 .text.__pow5mult
                0x00006184       0xa0 c:/nxp/lpcxpresso_7.9.2_493/lpcxpresso/tools/bin/../lib/gcc/arm-none-eabi/4.9.3/../../../../arm-none-eabi/lib/armv7-m\libc.a(lib_a-mprec.o)
                0x00006184                __pow5mult
 .text.__lshift
                0x00006224       0xb0 c:/nxp/lpcxpresso_7.9.2_493/lpcxpresso/tools/bin/../lib/gcc/arm-none-eabi/4.9.3/../../../../arm-none-eabi/lib/armv7-m\libc.a(lib_a-mprec.o)
                0x00006224                __lshift
 .text.__mcmp   0x000062d4       0x48 c:/nxp/lpcxpresso_7.9.2_493/lpcxpresso/tools/bin/../lib/gcc/arm-none-eabi/4.9.3/../../../../arm-none-eabi/lib/armv7-m\libc.a(lib_a-mprec.o)
                0x000062d4                __mcmp
 .text.__mdiff  0x0000631c       0xe4 c:/nxp/lpcxpresso_7.9.2_493/lpcxpresso/tools/bin/../lib/gcc/arm-none-eabi/4.9.3/../../../../arm-none-eabi/lib/armv7-m\libc.a(lib_a-mprec.o)
                0x0000631c                __mdiff
 .text.__d2b    0x00006400       0xa8 c:/nxp/lpcxpresso_7.9.2_493/lpcxpresso/tools/bin/../lib/gcc/arm-none-eabi/4.9.3/../../../../arm-none-eabi/lib/armv7-m\libc.a(lib_a-mprec.o)
                0x00006400                __d2b
 .text._read_r  0x000064a8       0x28 c:/nxp/lpcxpresso_7.9.2_493/lpcxpresso/tools/bin/../lib/gcc/arm-none-eabi/4.9.3/../../../../arm-none-eabi/lib/armv7-m\libc.a(lib_a-readr.o)
                0x000064a8                _read_r
 .text.__fpclassifyd
                0x000064d0       0x58 c:/nxp/lpcxpresso_7.9.2_493/lpcxpresso/tools/bin/../lib/gcc/arm-none-eabi/4.9.3/../../../../arm-none-eabi/lib/armv7-m\libc.a(lib_a-s_fpclassify.o)
                0x000064d0                __fpclassifyd
 .text.__sprint_r.part.0
                0x00006528       0x78 c:/nxp/lpcxpresso_7.9.2_493/lpcxpresso/tools/bin/../lib/gcc/arm-none-eabi/4.9.3/../../../../arm-none-eabi/lib/armv7-m\libc.a(lib_a-vfiprintf.o)
 .text.__sprint_r
                0x000065a0       0x18 c:/nxp/lpcxpresso_7.9.2_493/lpcxpresso/tools/bin/../lib/gcc/arm-none-eabi/4.9.3/../../../../arm-none-eabi/lib/armv7-m\libc.a(lib_a-vfiprintf.o)
                0x000065a0                __sprint_r
 .text.__fputwc
                0x000065b8       0xb0 c:/nxp/lpcxpresso_7.9.2_493/lpcxpresso/tools/bin/../lib/gcc/arm-none-eabi/4.9.3/../../../../arm-none-eabi/lib/armv7-m\libc.a(lib_a-fputwc.o)
                0x000065b8                __fputwc
 .text._fputwc_r
                0x00006668       0x24 c:/nxp/lpcxpresso_7.9.2_493/lpcxpresso/tools/bin/../lib/gcc/arm-none-eabi/4.9.3/../../../../arm-none-eabi/lib/armv7-m\libc.a(lib_a-fputwc.o)
                0x00006668                _fputwc_r
 .text._wcrtomb_r
                0x0000668c       0x54 c:/nxp/lpcxpresso_7.9.2_493/lpcxpresso/tools/bin/../lib/gcc/arm-none-eabi/4.9.3/../../../../arm-none-eabi/lib/armv7-m\libc.a(lib_a-wcrtomb.o)
                0x0000668c                _wcrtomb_r
 .text.__ascii_wctomb
                0x000066e0       0x1c c:/nxp/lpcxpresso_7.9.2_493/lpcxpresso/tools/bin/../lib/gcc/arm-none-eabi/4.9.3/../../../../arm-none-eabi/lib/armv7-m\libc.a(lib_a-wctomb_r.o)
                0x000066e0                __ascii_wctomb
 .text._sbrk    0x000066fc       0x3c c:/nxp/lpcxpresso_7.9.2_493/lpcxpresso/tools/bin/../lib/gcc/arm-none-eabi/4.9.3/../../../../arm-none-eabi/lib/armv7-m\libcr_newlib_nohost.a(_cr_sbrk.o)
                0x000066fc                _sbrk
 .text.__check_heap_overflow
                0x00006738       0x18 c:/nxp/lpcxpresso_7.9.2_493/lpcxpresso/tools/bin/../lib/gcc/arm-none-eabi/4.9.3/../../../../arm-none-eabi/lib/armv7-m\libcr_newlib_nohost.a(_cr_check_heap.o)
                0x00006738                __check_heap_overflow
 .text          0x00006750       0x5c c:/nxp/lpcxpresso_7.9.2_493/lpcxpresso/tools/bin/../lib/gcc/arm-none-eabi/4.9.3/armv7-m\crtbegin.o
 .text          0x000067ac      0x424 c:/nxp/lpcxpresso_7.9.2_493/lpcxpresso/tools/bin/../lib/gcc/arm-none-eabi/4.9.3/armv7-m\libgcc.a(_arm_muldivdf3.o)
                0x000067ac                __aeabi_dmul
                0x000067ac                __muldf3
                0x00006a00                __divdf3
                0x00006a00                __aeabi_ddiv
 .text          0x00006bd0      0x110 c:/nxp/lpcxpresso_7.9.2_493/lpcxpresso/tools/bin/../lib/gcc/arm-none-eabi/4.9.3/armv7-m\libgcc.a(_arm_cmpdf2.o)
                0x00006bd0                __gtdf2
                0x00006bd0                __gedf2
                0x00006bd8                __ltdf2
                0x00006bd8                __ledf2
                0x00006be0                __nedf2
                0x00006be0                __eqdf2
                0x00006be0                __cmpdf2
                0x00006c5c                __aeabi_cdrcmple
                0x00006c6c                __aeabi_cdcmpeq
                0x00006c6c                __aeabi_cdcmple
                0x00006c7c                __aeabi_dcmpeq
                0x00006c90                __aeabi_dcmplt
                0x00006ca4                __aeabi_dcmple
                0x00006cb8                __aeabi_dcmpge
                0x00006ccc                __aeabi_dcmpgt
 *(.rodata .rodata.*)
 .rodata        0x00006ce0      0x3ad ./nRF24L01P/nRF24L01P.o
 *fill*         0x0000708d        0x3 
 .rodata.str1.4
                0x00007090       0x80 C:/EstacaoMeteo/EstacaoMet/mbed/TARGET_LPC1768/TOOLCHAIN_GCC_CR/board.o
 .rodata.str1.4
                0x00007110       0x7a C:\EstacaoMeteo\EstacaoMet\mbed\TARGET_LPC1768\TOOLCHAIN_GCC_CR\libmbed.a(gpio_api.o)
                                 0x94 (size before relaxing)
 *fill*         0x0000718a        0x2 
 .rodata.str1.4
                0x0000718c       0x64 C:\EstacaoMeteo\EstacaoMet\mbed\TARGET_LPC1768\TOOLCHAIN_GCC_CR\libmbed.a(pinmap.o)
                                 0x78 (size before relaxing)
 .rodata.PinMap_UART_RTS
                0x000071f0       0x24 C:\EstacaoMeteo\EstacaoMet\mbed\TARGET_LPC1768\TOOLCHAIN_GCC_CR\libmbed.a(serial_api.o)
 .rodata.CSWTCH.24
                0x00007214       0x10 C:\EstacaoMeteo\EstacaoMet\mbed\TARGET_LPC1768\TOOLCHAIN_GCC_CR\libmbed.a(serial_api.o)
 .rodata.PinMap_UART_RX
                0x00007224       0x6c C:\EstacaoMeteo\EstacaoMet\mbed\TARGET_LPC1768\TOOLCHAIN_GCC_CR\libmbed.a(serial_api.o)
 .rodata.str1.4
                0x00007290      0x1d0 C:\EstacaoMeteo\EstacaoMet\mbed\TARGET_LPC1768\TOOLCHAIN_GCC_CR\libmbed.a(serial_api.o)
                                0x1e8 (size before relaxing)
 .rodata.PinMap_UART_TX
                0x00007460       0x6c C:\EstacaoMeteo\EstacaoMet\mbed\TARGET_LPC1768\TOOLCHAIN_GCC_CR\libmbed.a(serial_api.o)
 .rodata.PinMap_UART_CTS
                0x000074cc       0x24 C:\EstacaoMeteo\EstacaoMet\mbed\TARGET_LPC1768\TOOLCHAIN_GCC_CR\libmbed.a(serial_api.o)
 .rodata.str1.4
                0x000074f0       0x31 C:\EstacaoMeteo\EstacaoMet\mbed\TARGET_LPC1768\TOOLCHAIN_GCC_CR\libmbed.a(assert.o)
                                 0x34 (size before relaxing)
 .rodata.str1.4
                0x00000000       0x80 C:\EstacaoMeteo\EstacaoMet\mbed\TARGET_LPC1768\TOOLCHAIN_GCC_CR\libmbed.a(gpio.o)
 *fill*         0x00007521        0x3 
 .rodata.str1.4
                0x00007524       0x66 C:\EstacaoMeteo\EstacaoMet\mbed\TARGET_LPC1768\TOOLCHAIN_GCC_CR\libmbed.a(pinmap_common.o)
                                 0x68 (size before relaxing)
 *fill*         0x0000758a        0x2 
 .rodata.us_interface
                0x0000758c       0x14 C:\EstacaoMeteo\EstacaoMet\mbed\TARGET_LPC1768\TOOLCHAIN_GCC_CR\libmbed.a(us_ticker_api.o)
 .rodata.us_data
                0x000075a0        0x8 C:\EstacaoMeteo\EstacaoMet\mbed\TARGET_LPC1768\TOOLCHAIN_GCC_CR\libmbed.a(us_ticker_api.o)
 .rodata.str1.4
                0x000075a8        0x2 c:/nxp/lpcxpresso_7.9.2_493/lpcxpresso/tools/bin/../lib/gcc/arm-none-eabi/4.9.3/../../../../arm-none-eabi/lib/armv7-m\libc.a(lib_a-impure.o)
 *fill*         0x000075aa        0x2 
 .rodata._global_impure_ptr
                0x000075ac        0x4 c:/nxp/lpcxpresso_7.9.2_493/lpcxpresso/tools/bin/../lib/gcc/arm-none-eabi/4.9.3/../../../../arm-none-eabi/lib/armv7-m\libc.a(lib_a-impure.o)
                0x000075ac                _global_impure_ptr
 .rodata.zeroes.6926
                0x000075b0       0x10 c:/nxp/lpcxpresso_7.9.2_493/lpcxpresso/tools/bin/../lib/gcc/arm-none-eabi/4.9.3/../../../../arm-none-eabi/lib/armv7-m\libc.a(lib_a-vfprintf.o)
 .rodata.str1.4
                0x000075c0       0x42 c:/nxp/lpcxpresso_7.9.2_493/lpcxpresso/tools/bin/../lib/gcc/arm-none-eabi/4.9.3/../../../../arm-none-eabi/lib/armv7-m\libc.a(lib_a-vfprintf.o)
 *fill*         0x00007602        0x2 
 .rodata.blanks.6925
                0x00007604       0x10 c:/nxp/lpcxpresso_7.9.2_493/lpcxpresso/tools/bin/../lib/gcc/arm-none-eabi/4.9.3/../../../../arm-none-eabi/lib/armv7-m\libc.a(lib_a-vfprintf.o)
 .rodata.str1.4
                0x00007614       0x10 c:/nxp/lpcxpresso_7.9.2_493/lpcxpresso/tools/bin/../lib/gcc/arm-none-eabi/4.9.3/../../../../arm-none-eabi/lib/armv7-m\libc.a(lib_a-dtoa.o)
                                 0x12 (size before relaxing)
 .rodata.str1.4
                0x00007624        0xc c:/nxp/lpcxpresso_7.9.2_493/lpcxpresso/tools/bin/../lib/gcc/arm-none-eabi/4.9.3/../../../../arm-none-eabi/lib/armv7-m\libc.a(lib_a-locale.o)
                                 0x12 (size before relaxing)
 .rodata.__mprec_tens
                0x00007630       0xc8 c:/nxp/lpcxpresso_7.9.2_493/lpcxpresso/tools/bin/../lib/gcc/arm-none-eabi/4.9.3/../../../../arm-none-eabi/lib/armv7-m\libc.a(lib_a-mprec.o)
                0x00007630                __mprec_tens
 .rodata.p05.5302
                0x000076f8        0xc c:/nxp/lpcxpresso_7.9.2_493/lpcxpresso/tools/bin/../lib/gcc/arm-none-eabi/4.9.3/../../../../arm-none-eabi/lib/armv7-m\libc.a(lib_a-mprec.o)
 *fill*         0x00007704        0x4 
 .rodata.__mprec_bigtens
                0x00007708       0x28 c:/nxp/lpcxpresso_7.9.2_493/lpcxpresso/tools/bin/../lib/gcc/arm-none-eabi/4.9.3/../../../../arm-none-eabi/lib/armv7-m\libc.a(lib_a-mprec.o)
                0x00007708                __mprec_bigtens
                0x00007730                . = ALIGN (0x4)
                0x00007730                . = ALIGN (0x4)
 *(.init)
 .init          0x00007730        0x4 c:/nxp/lpcxpresso_7.9.2_493/lpcxpresso/tools/bin/../lib/gcc/arm-none-eabi/4.9.3/armv7-m\crti.o
                0x00007730                _init
 .init          0x00007734        0x8 c:/nxp/lpcxpresso_7.9.2_493/lpcxpresso/tools/bin/../lib/gcc/arm-none-eabi/4.9.3/armv7-m\crtn.o
                0x0000773c                . = ALIGN (0x4)
                0x0000773c                __preinit_array_start = .
 *(.preinit_array)
                0x0000773c                __preinit_array_end = .
                0x0000773c                . = ALIGN (0x4)
                0x0000773c                __init_array_start = .
 *(SORT(.init_array.*))
 *(.init_array)
 .init_array    0x0000773c        0x4 ./main.o
 .init_array    0x00007740        0x4 c:/nxp/lpcxpresso_7.9.2_493/lpcxpresso/tools/bin/../lib/gcc/arm-none-eabi/4.9.3/armv7-m\crtbegin.o
                0x00007744                __init_array_end = .
 *(.fini)
 .fini          0x00007744        0x4 c:/nxp/lpcxpresso_7.9.2_493/lpcxpresso/tools/bin/../lib/gcc/arm-none-eabi/4.9.3/armv7-m\crti.o
                0x00007744                _fini
 .fini          0x00007748        0x8 c:/nxp/lpcxpresso_7.9.2_493/lpcxpresso/tools/bin/../lib/gcc/arm-none-eabi/4.9.3/armv7-m\crtn.o
                0x00007750                . = ALIGN (0x4)
 *crtbegin.o(.ctors)
 *(EXCLUDE_FILE(*crtend.o) .ctors)
 *(SORT(.ctors.*))
 *crtend.o(.ctors)
                0x00007750                . = ALIGN (0x4)
 *crtbegin.o(.dtors)
 *(EXCLUDE_FILE(*crtend.o) .dtors)
 *(SORT(.dtors.*))
 *crtend.o(.dtors)

.glue_7         0x00007750        0x0
 .glue_7        0x00000000        0x0 linker stubs

.glue_7t        0x00007750        0x0
 .glue_7t       0x00000000        0x0 linker stubs

.vfp11_veneer   0x00007750        0x0
 .vfp11_veneer  0x00000000        0x0 linker stubs

.v4_bx          0x00007750        0x0
 .v4_bx         0x00000000        0x0 linker stubs

.iplt           0x00007750        0x0
 .iplt          0x00000000        0x0 ./nRF24L01P/nRF24L01P.o

.ARM.extab
 *(.ARM.extab* .gnu.linkonce.armextab.*)
                0x00007750                __exidx_start = .

.ARM.exidx      0x00007750        0x8
 *(.ARM.exidx* .gnu.linkonce.armexidx.*)
 .ARM.exidx     0x00007750        0x8 c:/nxp/lpcxpresso_7.9.2_493/lpcxpresso/tools/bin/../lib/gcc/arm-none-eabi/4.9.3/armv7-m\libgcc.a(_divdi3.o)
 .ARM.exidx     0x00007758        0x0 c:/nxp/lpcxpresso_7.9.2_493/lpcxpresso/tools/bin/../lib/gcc/arm-none-eabi/4.9.3/armv7-m\libgcc.a(_udivdi3.o)
                                  0x8 (size before relaxing)
                0x00007758                __exidx_end = .
                0x00007758                _etext = .

.rel.dyn        0x00007758        0x0
 .rel.iplt      0x00000000        0x0 ./nRF24L01P/nRF24L01P.o

.eh_frame       0x00007758        0x0
 .eh_frame      0x00007758        0x0 c:/nxp/lpcxpresso_7.9.2_493/lpcxpresso/tools/bin/../lib/gcc/arm-none-eabi/4.9.3/armv7-m\crtbegin.o

.data_RAM2      0x2007c000        0x0 load address 0x00007758
 FILL mask 0xff
 *(.data.$RAM2*)
 *(.data.$RamAHB32*)
                0x2007c000                . = ALIGN (0x4)

.uninit_RESERVED
 *(.bss.$RESERVED*)

.data           0x100000c8      0x8a4 load address 0x00007758
 FILL mask 0xff
                0x100000c8                _data = .
 *(vtable)
 *(.data*)
 .data.SystemCoreClock
                0x100000c8        0x4 C:/EstacaoMeteo/EstacaoMet/mbed/TARGET_LPC1768/TOOLCHAIN_GCC_CR/system_LPC17xx.o
                0x100000c8                SystemCoreClock
 *fill*         0x100000cc        0x4 
 .data.impure_data
                0x100000d0      0x428 c:/nxp/lpcxpresso_7.9.2_493/lpcxpresso/tools/bin/../lib/gcc/arm-none-eabi/4.9.3/../../../../arm-none-eabi/lib/armv7-m\libc.a(lib_a-impure.o)
 .data._impure_ptr
                0x100004f8        0x4 c:/nxp/lpcxpresso_7.9.2_493/lpcxpresso/tools/bin/../lib/gcc/arm-none-eabi/4.9.3/../../../../arm-none-eabi/lib/armv7-m\libc.a(lib_a-impure.o)
                0x100004f8                _impure_ptr
 .data.__malloc_av_
                0x100004fc      0x408 c:/nxp/lpcxpresso_7.9.2_493/lpcxpresso/tools/bin/../lib/gcc/arm-none-eabi/4.9.3/../../../../arm-none-eabi/lib/armv7-m\libc.a(lib_a-mallocr.o)
                0x100004fc                __malloc_av_
 .data.__malloc_trim_threshold
                0x10000904        0x4 c:/nxp/lpcxpresso_7.9.2_493/lpcxpresso/tools/bin/../lib/gcc/arm-none-eabi/4.9.3/../../../../arm-none-eabi/lib/armv7-m\libc.a(lib_a-mallocr.o)
                0x10000904                __malloc_trim_threshold
 .data.__malloc_sbrk_base
                0x10000908        0x4 c:/nxp/lpcxpresso_7.9.2_493/lpcxpresso/tools/bin/../lib/gcc/arm-none-eabi/4.9.3/../../../../arm-none-eabi/lib/armv7-m\libc.a(lib_a-mallocr.o)
                0x10000908                __malloc_sbrk_base
 .data.lconv    0x1000090c       0x38 c:/nxp/lpcxpresso_7.9.2_493/lpcxpresso/tools/bin/../lib/gcc/arm-none-eabi/4.9.3/../../../../arm-none-eabi/lib/armv7-m\libc.a(lib_a-locale.o)
 .data.lc_ctype_charset
                0x10000944       0x20 c:/nxp/lpcxpresso_7.9.2_493/lpcxpresso/tools/bin/../lib/gcc/arm-none-eabi/4.9.3/../../../../arm-none-eabi/lib/armv7-m\libc.a(lib_a-locale.o)
 .data.__mb_cur_max
                0x10000964        0x4 c:/nxp/lpcxpresso_7.9.2_493/lpcxpresso/tools/bin/../lib/gcc/arm-none-eabi/4.9.3/../../../../arm-none-eabi/lib/armv7-m\libc.a(lib_a-locale.o)
                0x10000964                __mb_cur_max
 .data.__wctomb
                0x10000968        0x4 c:/nxp/lpcxpresso_7.9.2_493/lpcxpresso/tools/bin/../lib/gcc/arm-none-eabi/4.9.3/../../../../arm-none-eabi/lib/armv7-m\libc.a(lib_a-wctomb_r.o)
                0x10000968                __wctomb
                0x1000096c                . = ALIGN (0x4)
                0x1000096c                _edata = .

.igot.plt       0x1000096c        0x0 load address 0x00007ffc
 .igot.plt      0x00000000        0x0 ./nRF24L01P/nRF24L01P.o

.jcr            0x1000096c        0x0 load address 0x00007ffc
 .jcr           0x1000096c        0x0 c:/nxp/lpcxpresso_7.9.2_493/lpcxpresso/tools/bin/../lib/gcc/arm-none-eabi/4.9.3/armv7-m\crtbegin.o

.bss_RAM2       0x2007c000        0x0
 *(.bss.$RAM2*)
 *(.bss.$RamAHB32*)
 *(AHBSRAM0)
                0x2007c000                . = ALIGN (0x4)

.bss_RAM3       0x20080000        0x0
 *(AHBSRAM1)
                0x20080000                . = ALIGN (0x4)

.bss            0x1000096c      0x26c
                0x1000096c                _bss = .
 *(.bss*)
 .bss.myled     0x1000096c       0x18 ./main.o
                0x1000096c                myled
 .bss._ZL11filehandles
                0x10000984      0x100 C:/EstacaoMeteo/EstacaoMet/mbed/TARGET_LPC1768/TOOLCHAIN_GCC_CR/retarget.o
 .bss.stdio_uart_inited
                0x10000a84        0x4 C:\EstacaoMeteo\EstacaoMet\mbed\TARGET_LPC1768\TOOLCHAIN_GCC_CR\libmbed.a(serial_api.o)
                0x10000a84                stdio_uart_inited
 .bss.irq_handler
                0x10000a88        0x4 C:\EstacaoMeteo\EstacaoMet\mbed\TARGET_LPC1768\TOOLCHAIN_GCC_CR\libmbed.a(serial_api.o)
 .bss.uart_data
                0x10000a8c       0xe0 C:\EstacaoMeteo\EstacaoMet\mbed\TARGET_LPC1768\TOOLCHAIN_GCC_CR\libmbed.a(serial_api.o)
 .bss.us_ticker_inited
                0x10000b6c        0x4 C:\EstacaoMeteo\EstacaoMet\mbed\TARGET_LPC1768\TOOLCHAIN_GCC_CR\libmbed.a(us_ticker.o)
                0x10000b6c                us_ticker_inited
 .bss.events    0x10000b70        0x8 C:\EstacaoMeteo\EstacaoMet\mbed\TARGET_LPC1768\TOOLCHAIN_GCC_CR\libmbed.a(us_ticker_api.o)
 .bss.__malloc_max_total_mem
                0x10000b78        0x4 c:/nxp/lpcxpresso_7.9.2_493/lpcxpresso/tools/bin/../lib/gcc/arm-none-eabi/4.9.3/../../../../arm-none-eabi/lib/armv7-m\libc.a(lib_a-mallocr.o)
                0x10000b78                __malloc_max_total_mem
 .bss.__malloc_max_sbrked_mem
                0x10000b7c        0x4 c:/nxp/lpcxpresso_7.9.2_493/lpcxpresso/tools/bin/../lib/gcc/arm-none-eabi/4.9.3/../../../../arm-none-eabi/lib/armv7-m\libc.a(lib_a-mallocr.o)
                0x10000b7c                __malloc_max_sbrked_mem
 .bss.__malloc_top_pad
                0x10000b80        0x4 c:/nxp/lpcxpresso_7.9.2_493/lpcxpresso/tools/bin/../lib/gcc/arm-none-eabi/4.9.3/../../../../arm-none-eabi/lib/armv7-m\libc.a(lib_a-mallocr.o)
                0x10000b80                __malloc_top_pad
 .bss.__malloc_current_mallinfo
                0x10000b84       0x28 c:/nxp/lpcxpresso_7.9.2_493/lpcxpresso/tools/bin/../lib/gcc/arm-none-eabi/4.9.3/../../../../arm-none-eabi/lib/armv7-m\libc.a(lib_a-mallocr.o)
                0x10000b84                __malloc_current_mallinfo
 .bss           0x10000bac       0x1c c:/nxp/lpcxpresso_7.9.2_493/lpcxpresso/tools/bin/../lib/gcc/arm-none-eabi/4.9.3/armv7-m\crtbegin.o
 *(COMMON)
 COMMON         0x10000bc8        0x8 C:\EstacaoMeteo\EstacaoMet\mbed\TARGET_LPC1768\TOOLCHAIN_GCC_CR\libmbed.a(serial_api.o)
                0x10000bc8                stdio_uart
 COMMON         0x10000bd0        0x4 c:/nxp/lpcxpresso_7.9.2_493/lpcxpresso/tools/bin/../lib/gcc/arm-none-eabi/4.9.3/../../../../arm-none-eabi/lib/armv7-m\libc.a(lib_a-reent.o)
                0x10000bd0                errno
 COMMON         0x10000bd4        0x4 c:/nxp/lpcxpresso_7.9.2_493/lpcxpresso/tools/bin/../lib/gcc/arm-none-eabi/4.9.3/../../../../arm-none-eabi/lib/armv7-m\libcr_newlib_nohost.a(_cr_sbrk.o)
                0x10000bd4                __end_of_heap
                0x10000bd8                . = ALIGN (0x4)
                0x10000bd8                _ebss = .
                0x10000bd8                PROVIDE (end, .)
                0x10000bd8                __end__ = .
                0x10000bd8                PROVIDE (_pvHeapStart, .)
                0x10008000                PROVIDE (_vStackTop, (__top_RamLoc32 - 0x0))
OUTPUT(EstacaoMet.axf elf32-littlearm)

.debug_info     0x00000000     0x542e
 .debug_info    0x00000000     0x3146 ./nRF24L01P/nRF24L01P.o
 .debug_info    0x00003146     0x2151 ./main.o
 .debug_info    0x00005297      0x12d c:/nxp/lpcxpresso_7.9.2_493/lpcxpresso/tools/bin/../lib/gcc/arm-none-eabi/4.9.3/../../../../arm-none-eabi/lib/armv7-m\libcr_newlib_nohost.a(_cr_sbrk.o)
 .debug_info    0x000053c4       0x6a c:/nxp/lpcxpresso_7.9.2_493/lpcxpresso/tools/bin/../lib/gcc/arm-none-eabi/4.9.3/../../../../arm-none-eabi/lib/armv7-m\libcr_newlib_nohost.a(_cr_check_heap.o)

.debug_abbrev   0x00000000      0x9e3
 .debug_abbrev  0x00000000      0x4b2 ./nRF24L01P/nRF24L01P.o
 .debug_abbrev  0x000004b2      0x3d9 ./main.o
 .debug_abbrev  0x0000088b       0xf6 c:/nxp/lpcxpresso_7.9.2_493/lpcxpresso/tools/bin/../lib/gcc/arm-none-eabi/4.9.3/../../../../arm-none-eabi/lib/armv7-m\libcr_newlib_nohost.a(_cr_sbrk.o)
 .debug_abbrev  0x00000981       0x62 c:/nxp/lpcxpresso_7.9.2_493/lpcxpresso/tools/bin/../lib/gcc/arm-none-eabi/4.9.3/../../../../arm-none-eabi/lib/armv7-m\libcr_newlib_nohost.a(_cr_check_heap.o)

.debug_aranges  0x00000000      0x1e8
 .debug_aranges
                0x00000000      0x158 ./nRF24L01P/nRF24L01P.o
 .debug_aranges
                0x00000158       0x50 ./main.o
 .debug_aranges
                0x000001a8       0x20 c:/nxp/lpcxpresso_7.9.2_493/lpcxpresso/tools/bin/../lib/gcc/arm-none-eabi/4.9.3/../../../../arm-none-eabi/lib/armv7-m\libcr_newlib_nohost.a(_cr_sbrk.o)
 .debug_aranges
                0x000001c8       0x20 c:/nxp/lpcxpresso_7.9.2_493/lpcxpresso/tools/bin/../lib/gcc/arm-none-eabi/4.9.3/../../../../arm-none-eabi/lib/armv7-m\libcr_newlib_nohost.a(_cr_check_heap.o)

.debug_ranges   0x00000000      0x1c0
 .debug_ranges  0x00000000      0x160 ./nRF24L01P/nRF24L01P.o
 .debug_ranges  0x00000160       0x40 ./main.o
 .debug_ranges  0x000001a0       0x10 c:/nxp/lpcxpresso_7.9.2_493/lpcxpresso/tools/bin/../lib/gcc/arm-none-eabi/4.9.3/../../../../arm-none-eabi/lib/armv7-m\libcr_newlib_nohost.a(_cr_sbrk.o)
 .debug_ranges  0x000001b0       0x10 c:/nxp/lpcxpresso_7.9.2_493/lpcxpresso/tools/bin/../lib/gcc/arm-none-eabi/4.9.3/../../../../arm-none-eabi/lib/armv7-m\libcr_newlib_nohost.a(_cr_check_heap.o)

.debug_macro    0x00000000     0x42bc
 .debug_macro   0x00000000      0x769 ./nRF24L01P/nRF24L01P.o
 .debug_macro   0x00000769      0x8e6 ./nRF24L01P/nRF24L01P.o
 .debug_macro   0x0000104f       0x10 ./nRF24L01P/nRF24L01P.o
 .debug_macro   0x0000105f       0x10 ./nRF24L01P/nRF24L01P.o
 .debug_macro   0x0000106f       0x9a ./nRF24L01P/nRF24L01P.o
 .debug_macro   0x00001109       0x1c ./nRF24L01P/nRF24L01P.o
 .debug_macro   0x00001125       0x3a ./nRF24L01P/nRF24L01P.o
 .debug_macro   0x0000115f       0x22 ./nRF24L01P/nRF24L01P.o
 .debug_macro   0x00001181       0x44 ./nRF24L01P/nRF24L01P.o
 .debug_macro   0x000011c5       0x58 ./nRF24L01P/nRF24L01P.o
 .debug_macro   0x0000121d       0x22 ./nRF24L01P/nRF24L01P.o
 .debug_macro   0x0000123f      0x1df ./nRF24L01P/nRF24L01P.o
 .debug_macro   0x0000141e       0x34 ./nRF24L01P/nRF24L01P.o
 .debug_macro   0x00001452      0xc91 ./nRF24L01P/nRF24L01P.o
 .debug_macro   0x000020e3      0x2c7 ./nRF24L01P/nRF24L01P.o
 .debug_macro   0x000023aa       0x10 ./nRF24L01P/nRF24L01P.o
 .debug_macro   0x000023ba       0x17 ./nRF24L01P/nRF24L01P.o
 .debug_macro   0x000023d1       0x9a ./nRF24L01P/nRF24L01P.o
 .debug_macro   0x0000246b       0x10 ./nRF24L01P/nRF24L01P.o
 .debug_macro   0x0000247b       0xef ./nRF24L01P/nRF24L01P.o
 .debug_macro   0x0000256a      0x337 ./nRF24L01P/nRF24L01P.o
 .debug_macro   0x000028a1      0x166 ./nRF24L01P/nRF24L01P.o
 .debug_macro   0x00002a07       0x58 ./nRF24L01P/nRF24L01P.o
 .debug_macro   0x00002a5f       0x35 ./nRF24L01P/nRF24L01P.o
 .debug_macro   0x00002a94       0x9c ./nRF24L01P/nRF24L01P.o
 .debug_macro   0x00002b30       0x16 ./nRF24L01P/nRF24L01P.o
 .debug_macro   0x00002b46       0x35 ./nRF24L01P/nRF24L01P.o
 .debug_macro   0x00002b7b       0x52 ./nRF24L01P/nRF24L01P.o
 .debug_macro   0x00002bcd       0x16 ./nRF24L01P/nRF24L01P.o
 .debug_macro   0x00002be3       0x43 ./nRF24L01P/nRF24L01P.o
 .debug_macro   0x00002c26      0x180 ./nRF24L01P/nRF24L01P.o
 .debug_macro   0x00002da6      0x2b2 ./nRF24L01P/nRF24L01P.o
 .debug_macro   0x00003058       0x16 ./nRF24L01P/nRF24L01P.o
 .debug_macro   0x0000306e       0x29 ./nRF24L01P/nRF24L01P.o
 .debug_macro   0x00003097       0xac ./nRF24L01P/nRF24L01P.o
 .debug_macro   0x00003143       0x1c ./nRF24L01P/nRF24L01P.o
 .debug_macro   0x0000315f       0x10 ./nRF24L01P/nRF24L01P.o
 .debug_macro   0x0000316f       0x10 ./nRF24L01P/nRF24L01P.o
 .debug_macro   0x0000317f       0x22 ./nRF24L01P/nRF24L01P.o
 .debug_macro   0x000031a1       0xbe ./nRF24L01P/nRF24L01P.o
 .debug_macro   0x0000325f       0x16 ./nRF24L01P/nRF24L01P.o
 .debug_macro   0x00003275      0x197 ./nRF24L01P/nRF24L01P.o
 .debug_macro   0x0000340c      0x100 ./nRF24L01P/nRF24L01P.o
 .debug_macro   0x0000350c       0x16 ./nRF24L01P/nRF24L01P.o
 .debug_macro   0x00003522       0x8e ./nRF24L01P/nRF24L01P.o
 .debug_macro   0x000035b0      0x1da ./nRF24L01P/nRF24L01P.o
 .debug_macro   0x0000378a       0x16 ./nRF24L01P/nRF24L01P.o
 .debug_macro   0x000037a0       0x10 ./nRF24L01P/nRF24L01P.o
 .debug_macro   0x000037b0       0x10 ./nRF24L01P/nRF24L01P.o
 .debug_macro   0x000037c0       0x10 ./nRF24L01P/nRF24L01P.o
 .debug_macro   0x000037d0       0x35 ./nRF24L01P/nRF24L01P.o
 .debug_macro   0x00003805       0x3a ./nRF24L01P/nRF24L01P.o
 .debug_macro   0x0000383f      0x1cd ./nRF24L01P/nRF24L01P.o
 .debug_macro   0x00003a0c      0x128 ./nRF24L01P/nRF24L01P.o
 .debug_macro   0x00003b34       0x10 ./nRF24L01P/nRF24L01P.o
 .debug_macro   0x00003b44       0x7c ./nRF24L01P/nRF24L01P.o
 .debug_macro   0x00003bc0       0x52 ./nRF24L01P/nRF24L01P.o
 .debug_macro   0x00003c12       0x10 ./nRF24L01P/nRF24L01P.o
 .debug_macro   0x00003c22       0x5e ./nRF24L01P/nRF24L01P.o
 .debug_macro   0x00003c80       0x2e ./nRF24L01P/nRF24L01P.o
 .debug_macro   0x00003cae       0x28 ./nRF24L01P/nRF24L01P.o
 .debug_macro   0x00003cd6       0x9a ./nRF24L01P/nRF24L01P.o
 .debug_macro   0x00003d70      0x54c ./main.o

.debug_line     0x00000000     0x1a2f
 .debug_line    0x00000000      0xecd ./nRF24L01P/nRF24L01P.o
 .debug_line    0x00000ecd      0xa14 ./main.o
 .debug_line    0x000018e1      0x101 c:/nxp/lpcxpresso_7.9.2_493/lpcxpresso/tools/bin/../lib/gcc/arm-none-eabi/4.9.3/../../../../arm-none-eabi/lib/armv7-m\libcr_newlib_nohost.a(_cr_sbrk.o)
 .debug_line    0x000019e2       0x4d c:/nxp/lpcxpresso_7.9.2_493/lpcxpresso/tools/bin/../lib/gcc/arm-none-eabi/4.9.3/../../../../arm-none-eabi/lib/armv7-m\libcr_newlib_nohost.a(_cr_check_heap.o)

.debug_str      0x00000000    0x11459
 .debug_str     0x00000000    0x111d1 ./nRF24L01P/nRF24L01P.o
                              0x11534 (size before relaxing)
 .debug_str     0x000111d1       0xeb ./main.o
                               0xff68 (size before relaxing)
 .debug_str     0x000112bc      0x178 c:/nxp/lpcxpresso_7.9.2_493/lpcxpresso/tools/bin/../lib/gcc/arm-none-eabi/4.9.3/../../../../arm-none-eabi/lib/armv7-m\libcr_newlib_nohost.a(_cr_sbrk.o)
                                0x211 (size before relaxing)
 .debug_str     0x00011434       0x25 c:/nxp/lpcxpresso_7.9.2_493/lpcxpresso/tools/bin/../lib/gcc/arm-none-eabi/4.9.3/../../../../arm-none-eabi/lib/armv7-m\libcr_newlib_nohost.a(_cr_check_heap.o)
                                0x15f (size before relaxing)

.comment        0x00000000       0xe0
 .comment       0x00000000       0x70 ./nRF24L01P/nRF24L01P.o
                                 0x71 (size before relaxing)
 .comment       0x00000000       0x71 ./main.o
 .comment       0x00000070       0x70 C:/EstacaoMeteo/EstacaoMet/mbed/TARGET_LPC1768/TOOLCHAIN_GCC_CR/board.o
                                 0x71 (size before relaxing)
 .comment       0x00000000       0x71 C:/EstacaoMeteo/EstacaoMet/mbed/TARGET_LPC1768/TOOLCHAIN_GCC_CR/cmsis_nvic.o
 .comment       0x00000000       0x71 C:/EstacaoMeteo/EstacaoMet/mbed/TARGET_LPC1768/TOOLCHAIN_GCC_CR/retarget.o
 .comment       0x00000000       0x71 C:/EstacaoMeteo/EstacaoMet/mbed/TARGET_LPC1768/TOOLCHAIN_GCC_CR/startup_LPC17xx.o
 .comment       0x00000000       0x71 C:/EstacaoMeteo/EstacaoMet/mbed/TARGET_LPC1768/TOOLCHAIN_GCC_CR/system_LPC17xx.o
 .comment       0x00000000       0x71 C:\EstacaoMeteo\EstacaoMet\mbed\TARGET_LPC1768\TOOLCHAIN_GCC_CR\libmbed.a(gpio_api.o)
 .comment       0x00000000       0x71 C:\EstacaoMeteo\EstacaoMet\mbed\TARGET_LPC1768\TOOLCHAIN_GCC_CR\libmbed.a(pinmap.o)
 .comment       0x00000000       0x71 C:\EstacaoMeteo\EstacaoMet\mbed\TARGET_LPC1768\TOOLCHAIN_GCC_CR\libmbed.a(serial_api.o)
 .comment       0x00000000       0x71 C:\EstacaoMeteo\EstacaoMet\mbed\TARGET_LPC1768\TOOLCHAIN_GCC_CR\libmbed.a(assert.o)
 .comment       0x00000000       0x71 C:\EstacaoMeteo\EstacaoMet\mbed\TARGET_LPC1768\TOOLCHAIN_GCC_CR\libmbed.a(error.o)
 .comment       0x00000000       0x71 C:\EstacaoMeteo\EstacaoMet\mbed\TARGET_LPC1768\TOOLCHAIN_GCC_CR\libmbed.a(gpio.o)
 .comment       0x00000000       0x71 C:\EstacaoMeteo\EstacaoMet\mbed\TARGET_LPC1768\TOOLCHAIN_GCC_CR\libmbed.a(mbed_interface.o)
 .comment       0x00000000       0x71 C:\EstacaoMeteo\EstacaoMet\mbed\TARGET_LPC1768\TOOLCHAIN_GCC_CR\libmbed.a(pinmap_common.o)
 .comment       0x00000000       0x71 C:\EstacaoMeteo\EstacaoMet\mbed\TARGET_LPC1768\TOOLCHAIN_GCC_CR\libmbed.a(semihost_api.o)
 .comment       0x00000000       0x71 C:\EstacaoMeteo\EstacaoMet\mbed\TARGET_LPC1768\TOOLCHAIN_GCC_CR\libmbed.a(wait_api.o)
 .comment       0x00000000       0x71 C:\EstacaoMeteo\EstacaoMet\mbed\TARGET_LPC1768\TOOLCHAIN_GCC_CR\libmbed.a(us_ticker.o)
 .comment       0x00000000       0x71 C:\EstacaoMeteo\EstacaoMet\mbed\TARGET_LPC1768\TOOLCHAIN_GCC_CR\libmbed.a(us_ticker_api.o)
 .comment       0x00000000       0x71 C:\EstacaoMeteo\EstacaoMet\mbed\TARGET_LPC1768\TOOLCHAIN_GCC_CR\libmbed.a(ticker_api.o)
 .comment       0x00000000       0x71 c:/nxp/lpcxpresso_7.9.2_493/lpcxpresso/tools/bin/../lib/gcc/arm-none-eabi/4.9.3/../../../../arm-none-eabi/lib/armv7-m\libcr_newlib_nohost.a(_cr_sbrk.o)
 .comment       0x00000000       0x71 c:/nxp/lpcxpresso_7.9.2_493/lpcxpresso/tools/bin/../lib/gcc/arm-none-eabi/4.9.3/../../../../arm-none-eabi/lib/armv7-m\libcr_newlib_nohost.a(_cr_check_heap.o)

.ARM.attributes
                0x00000000       0x31
 .ARM.attributes
                0x00000000       0x33 ./nRF24L01P/nRF24L01P.o
 .ARM.attributes
                0x00000033       0x33 ./main.o
 .ARM.attributes
                0x00000066       0x33 C:/EstacaoMeteo/EstacaoMet/mbed/TARGET_LPC1768/TOOLCHAIN_GCC_CR/board.o
 .ARM.attributes
                0x00000099       0x33 C:/EstacaoMeteo/EstacaoMet/mbed/TARGET_LPC1768/TOOLCHAIN_GCC_CR/cmsis_nvic.o
 .ARM.attributes
                0x000000cc       0x33 C:/EstacaoMeteo/EstacaoMet/mbed/TARGET_LPC1768/TOOLCHAIN_GCC_CR/retarget.o
 .ARM.attributes
                0x000000ff       0x33 C:/EstacaoMeteo/EstacaoMet/mbed/TARGET_LPC1768/TOOLCHAIN_GCC_CR/startup_LPC17xx.o
 .ARM.attributes
                0x00000132       0x33 C:/EstacaoMeteo/EstacaoMet/mbed/TARGET_LPC1768/TOOLCHAIN_GCC_CR/system_LPC17xx.o
 .ARM.attributes
                0x00000165       0x33 C:\EstacaoMeteo\EstacaoMet\mbed\TARGET_LPC1768\TOOLCHAIN_GCC_CR\libmbed.a(gpio_api.o)
 .ARM.attributes
                0x00000198       0x33 C:\EstacaoMeteo\EstacaoMet\mbed\TARGET_LPC1768\TOOLCHAIN_GCC_CR\libmbed.a(pinmap.o)
 .ARM.attributes
                0x000001cb       0x33 C:\EstacaoMeteo\EstacaoMet\mbed\TARGET_LPC1768\TOOLCHAIN_GCC_CR\libmbed.a(serial_api.o)
 .ARM.attributes
                0x000001fe       0x33 C:\EstacaoMeteo\EstacaoMet\mbed\TARGET_LPC1768\TOOLCHAIN_GCC_CR\libmbed.a(assert.o)
 .ARM.attributes
                0x00000231       0x33 C:\EstacaoMeteo\EstacaoMet\mbed\TARGET_LPC1768\TOOLCHAIN_GCC_CR\libmbed.a(error.o)
 .ARM.attributes
                0x00000264       0x33 C:\EstacaoMeteo\EstacaoMet\mbed\TARGET_LPC1768\TOOLCHAIN_GCC_CR\libmbed.a(gpio.o)
 .ARM.attributes
                0x00000297       0x33 C:\EstacaoMeteo\EstacaoMet\mbed\TARGET_LPC1768\TOOLCHAIN_GCC_CR\libmbed.a(mbed_interface.o)
 .ARM.attributes
                0x000002ca       0x33 C:\EstacaoMeteo\EstacaoMet\mbed\TARGET_LPC1768\TOOLCHAIN_GCC_CR\libmbed.a(pinmap_common.o)
 .ARM.attributes
                0x000002fd       0x33 C:\EstacaoMeteo\EstacaoMet\mbed\TARGET_LPC1768\TOOLCHAIN_GCC_CR\libmbed.a(semihost_api.o)
 .ARM.attributes
                0x00000330       0x33 C:\EstacaoMeteo\EstacaoMet\mbed\TARGET_LPC1768\TOOLCHAIN_GCC_CR\libmbed.a(wait_api.o)
 .ARM.attributes
                0x00000363       0x33 C:\EstacaoMeteo\EstacaoMet\mbed\TARGET_LPC1768\TOOLCHAIN_GCC_CR\libmbed.a(us_ticker.o)
 .ARM.attributes
                0x00000396       0x33 C:\EstacaoMeteo\EstacaoMet\mbed\TARGET_LPC1768\TOOLCHAIN_GCC_CR\libmbed.a(us_ticker_api.o)
 .ARM.attributes
                0x000003c9       0x33 C:\EstacaoMeteo\EstacaoMet\mbed\TARGET_LPC1768\TOOLCHAIN_GCC_CR\libmbed.a(ticker_api.o)
 .ARM.attributes
                0x000003fc       0x1d c:/nxp/lpcxpresso_7.9.2_493/lpcxpresso/tools/bin/../lib/gcc/arm-none-eabi/4.9.3/armv7-m\libgcc.a(_arm_addsubdf3.o)
 .ARM.attributes
                0x00000419       0x1d c:/nxp/lpcxpresso_7.9.2_493/lpcxpresso/tools/bin/../lib/gcc/arm-none-eabi/4.9.3/armv7-m\libgcc.a(_arm_fixdfsi.o)
 .ARM.attributes
                0x00000436       0x1d c:/nxp/lpcxpresso_7.9.2_493/lpcxpresso/tools/bin/../lib/gcc/arm-none-eabi/4.9.3/armv7-m\libgcc.a(_arm_muldivsf3.o)
 .ARM.attributes
                0x00000453       0x1d c:/nxp/lpcxpresso_7.9.2_493/lpcxpresso/tools/bin/../lib/gcc/arm-none-eabi/4.9.3/armv7-m\libgcc.a(_arm_fixsfsi.o)
 .ARM.attributes
                0x00000470       0x1d c:/nxp/lpcxpresso_7.9.2_493/lpcxpresso/tools/bin/../lib/gcc/arm-none-eabi/4.9.3/armv7-m\libgcc.a(_aeabi_uldivmod.o)
 .ARM.attributes
                0x0000048d       0x2d c:/nxp/lpcxpresso_7.9.2_493/lpcxpresso/tools/bin/../lib/gcc/arm-none-eabi/4.9.3/armv7-m\libgcc.a(bpabi.o)
 .ARM.attributes
                0x000004ba       0x1d c:/nxp/lpcxpresso_7.9.2_493/lpcxpresso/tools/bin/../lib/gcc/arm-none-eabi/4.9.3/armv7-m\libgcc.a(_dvmd_tls.o)
 .ARM.attributes
                0x000004d7       0x2d c:/nxp/lpcxpresso_7.9.2_493/lpcxpresso/tools/bin/../lib/gcc/arm-none-eabi/4.9.3/armv7-m\libgcc.a(_divdi3.o)
 .ARM.attributes
                0x00000504       0x2d c:/nxp/lpcxpresso_7.9.2_493/lpcxpresso/tools/bin/../lib/gcc/arm-none-eabi/4.9.3/armv7-m\libgcc.a(_udivdi3.o)
 .ARM.attributes
                0x00000531       0x2d c:/nxp/lpcxpresso_7.9.2_493/lpcxpresso/tools/bin/../lib/gcc/arm-none-eabi/4.9.3/../../../../arm-none-eabi/lib/armv7-m\libc.a(lib_a-abs.o)
 .ARM.attributes
                0x0000055e       0x2d c:/nxp/lpcxpresso_7.9.2_493/lpcxpresso/tools/bin/../lib/gcc/arm-none-eabi/4.9.3/../../../../arm-none-eabi/lib/armv7-m\libc.a(lib_a-callocr.o)
 .ARM.attributes
                0x0000058b       0x2d c:/nxp/lpcxpresso_7.9.2_493/lpcxpresso/tools/bin/../lib/gcc/arm-none-eabi/4.9.3/../../../../arm-none-eabi/lib/armv7-m\libc.a(lib_a-errno.o)
 .ARM.attributes
                0x000005b8       0x2d c:/nxp/lpcxpresso_7.9.2_493/lpcxpresso/tools/bin/../lib/gcc/arm-none-eabi/4.9.3/../../../../arm-none-eabi/lib/armv7-m\libc.a(lib_a-fclose.o)
 .ARM.attributes
                0x000005e5       0x2d c:/nxp/lpcxpresso_7.9.2_493/lpcxpresso/tools/bin/../lib/gcc/arm-none-eabi/4.9.3/../../../../arm-none-eabi/lib/armv7-m\libc.a(lib_a-fflush.o)
 .ARM.attributes
                0x00000612       0x2d c:/nxp/lpcxpresso_7.9.2_493/lpcxpresso/tools/bin/../lib/gcc/arm-none-eabi/4.9.3/../../../../arm-none-eabi/lib/armv7-m\libc.a(lib_a-findfp.o)
 .ARM.attributes
                0x0000063f       0x2d c:/nxp/lpcxpresso_7.9.2_493/lpcxpresso/tools/bin/../lib/gcc/arm-none-eabi/4.9.3/../../../../arm-none-eabi/lib/armv7-m\libc.a(lib_a-freer.o)
 .ARM.attributes
                0x0000066c       0x2d c:/nxp/lpcxpresso_7.9.2_493/lpcxpresso/tools/bin/../lib/gcc/arm-none-eabi/4.9.3/../../../../arm-none-eabi/lib/armv7-m\libc.a(lib_a-fstatr.o)
 .ARM.attributes
                0x00000699       0x2d c:/nxp/lpcxpresso_7.9.2_493/lpcxpresso/tools/bin/../lib/gcc/arm-none-eabi/4.9.3/../../../../arm-none-eabi/lib/armv7-m\libc.a(lib_a-fvwrite.o)
 .ARM.attributes
                0x000006c6       0x2d c:/nxp/lpcxpresso_7.9.2_493/lpcxpresso/tools/bin/../lib/gcc/arm-none-eabi/4.9.3/../../../../arm-none-eabi/lib/armv7-m\libc.a(lib_a-fwalk.o)
 .ARM.attributes
                0x000006f3       0x2d c:/nxp/lpcxpresso_7.9.2_493/lpcxpresso/tools/bin/../lib/gcc/arm-none-eabi/4.9.3/../../../../arm-none-eabi/lib/armv7-m\libc.a(lib_a-impure.o)
 .ARM.attributes
                0x00000720       0x2d c:/nxp/lpcxpresso_7.9.2_493/lpcxpresso/tools/bin/../lib/gcc/arm-none-eabi/4.9.3/../../../../arm-none-eabi/lib/armv7-m\libc.a(lib_a-init.o)
 .ARM.attributes
                0x0000074d       0x2d c:/nxp/lpcxpresso_7.9.2_493/lpcxpresso/tools/bin/../lib/gcc/arm-none-eabi/4.9.3/../../../../arm-none-eabi/lib/armv7-m\libc.a(lib_a-makebuf.o)
 .ARM.attributes
                0x0000077a       0x2d c:/nxp/lpcxpresso_7.9.2_493/lpcxpresso/tools/bin/../lib/gcc/arm-none-eabi/4.9.3/../../../../arm-none-eabi/lib/armv7-m\libc.a(lib_a-mallocr.o)
 .ARM.attributes
                0x000007a7       0x2d c:/nxp/lpcxpresso_7.9.2_493/lpcxpresso/tools/bin/../lib/gcc/arm-none-eabi/4.9.3/../../../../arm-none-eabi/lib/armv7-m\libc.a(lib_a-memchr.o)
 .ARM.attributes
                0x000007d4       0x1b c:/nxp/lpcxpresso_7.9.2_493/lpcxpresso/tools/bin/../lib/gcc/arm-none-eabi/4.9.3/../../../../arm-none-eabi/lib/armv7-m\libc.a(lib_a-memcpy.o)
 .ARM.attributes
                0x000007ef       0x2d c:/nxp/lpcxpresso_7.9.2_493/lpcxpresso/tools/bin/../lib/gcc/arm-none-eabi/4.9.3/../../../../arm-none-eabi/lib/armv7-m\libc.a(lib_a-memmove.o)
 .ARM.attributes
                0x0000081c       0x2d c:/nxp/lpcxpresso_7.9.2_493/lpcxpresso/tools/bin/../lib/gcc/arm-none-eabi/4.9.3/../../../../arm-none-eabi/lib/armv7-m\libc.a(lib_a-memset.o)
 .ARM.attributes
                0x00000849       0x2d c:/nxp/lpcxpresso_7.9.2_493/lpcxpresso/tools/bin/../lib/gcc/arm-none-eabi/4.9.3/../../../../arm-none-eabi/lib/armv7-m\libc.a(lib_a-mlock.o)
 .ARM.attributes
                0x00000876       0x2d c:/nxp/lpcxpresso_7.9.2_493/lpcxpresso/tools/bin/../lib/gcc/arm-none-eabi/4.9.3/../../../../arm-none-eabi/lib/armv7-m\libc.a(lib_a-reallocr.o)
 .ARM.attributes
                0x000008a3       0x2d c:/nxp/lpcxpresso_7.9.2_493/lpcxpresso/tools/bin/../lib/gcc/arm-none-eabi/4.9.3/../../../../arm-none-eabi/lib/armv7-m\libc.a(lib_a-reent.o)
 .ARM.attributes
                0x000008d0       0x2d c:/nxp/lpcxpresso_7.9.2_493/lpcxpresso/tools/bin/../lib/gcc/arm-none-eabi/4.9.3/../../../../arm-none-eabi/lib/armv7-m\libc.a(lib_a-sbrkr.o)
 .ARM.attributes
                0x000008fd       0x2d c:/nxp/lpcxpresso_7.9.2_493/lpcxpresso/tools/bin/../lib/gcc/arm-none-eabi/4.9.3/../../../../arm-none-eabi/lib/armv7-m\libc.a(lib_a-stdio.o)
 .ARM.attributes
                0x0000092a       0x2d c:/nxp/lpcxpresso_7.9.2_493/lpcxpresso/tools/bin/../lib/gcc/arm-none-eabi/4.9.3/../../../../arm-none-eabi/lib/armv7-m\libc.a(lib_a-strlen.o)
 .ARM.attributes
                0x00000957       0x2d c:/nxp/lpcxpresso_7.9.2_493/lpcxpresso/tools/bin/../lib/gcc/arm-none-eabi/4.9.3/../../../../arm-none-eabi/lib/armv7-m\libc.a(lib_a-vfprintf.o)
 .ARM.attributes
                0x00000984       0x2d c:/nxp/lpcxpresso_7.9.2_493/lpcxpresso/tools/bin/../lib/gcc/arm-none-eabi/4.9.3/../../../../arm-none-eabi/lib/armv7-m\libc.a(lib_a-wbuf.o)
 .ARM.attributes
                0x000009b1       0x2d c:/nxp/lpcxpresso_7.9.2_493/lpcxpresso/tools/bin/../lib/gcc/arm-none-eabi/4.9.3/../../../../arm-none-eabi/lib/armv7-m\libc.a(lib_a-writer.o)
 .ARM.attributes
                0x000009de       0x2d c:/nxp/lpcxpresso_7.9.2_493/lpcxpresso/tools/bin/../lib/gcc/arm-none-eabi/4.9.3/../../../../arm-none-eabi/lib/armv7-m\libc.a(lib_a-wsetup.o)
 .ARM.attributes
                0x00000a0b       0x2d c:/nxp/lpcxpresso_7.9.2_493/lpcxpresso/tools/bin/../lib/gcc/arm-none-eabi/4.9.3/../../../../arm-none-eabi/lib/armv7-m\libc.a(lib_a-closer.o)
 .ARM.attributes
                0x00000a38       0x2d c:/nxp/lpcxpresso_7.9.2_493/lpcxpresso/tools/bin/../lib/gcc/arm-none-eabi/4.9.3/../../../../arm-none-eabi/lib/armv7-m\libc.a(lib_a-dtoa.o)
 .ARM.attributes
                0x00000a65       0x2d c:/nxp/lpcxpresso_7.9.2_493/lpcxpresso/tools/bin/../lib/gcc/arm-none-eabi/4.9.3/../../../../arm-none-eabi/lib/armv7-m\libc.a(lib_a-isattyr.o)
 .ARM.attributes
                0x00000a92       0x2d c:/nxp/lpcxpresso_7.9.2_493/lpcxpresso/tools/bin/../lib/gcc/arm-none-eabi/4.9.3/../../../../arm-none-eabi/lib/armv7-m\libc.a(lib_a-locale.o)
 .ARM.attributes
                0x00000abf       0x2d c:/nxp/lpcxpresso_7.9.2_493/lpcxpresso/tools/bin/../lib/gcc/arm-none-eabi/4.9.3/../../../../arm-none-eabi/lib/armv7-m\libc.a(lib_a-lseekr.o)
 .ARM.attributes
                0x00000aec       0x2d c:/nxp/lpcxpresso_7.9.2_493/lpcxpresso/tools/bin/../lib/gcc/arm-none-eabi/4.9.3/../../../../arm-none-eabi/lib/armv7-m\libc.a(lib_a-mprec.o)
 .ARM.attributes
                0x00000b19       0x2d c:/nxp/lpcxpresso_7.9.2_493/lpcxpresso/tools/bin/../lib/gcc/arm-none-eabi/4.9.3/../../../../arm-none-eabi/lib/armv7-m\libc.a(lib_a-readr.o)
 .ARM.attributes
                0x00000b46       0x2d c:/nxp/lpcxpresso_7.9.2_493/lpcxpresso/tools/bin/../lib/gcc/arm-none-eabi/4.9.3/../../../../arm-none-eabi/lib/armv7-m\libc.a(lib_a-s_fpclassify.o)
 .ARM.attributes
                0x00000b73       0x2d c:/nxp/lpcxpresso_7.9.2_493/lpcxpresso/tools/bin/../lib/gcc/arm-none-eabi/4.9.3/../../../../arm-none-eabi/lib/armv7-m\libc.a(lib_a-vfiprintf.o)
 .ARM.attributes
                0x00000ba0       0x2d c:/nxp/lpcxpresso_7.9.2_493/lpcxpresso/tools/bin/../lib/gcc/arm-none-eabi/4.9.3/../../../../arm-none-eabi/lib/armv7-m\libc.a(lib_a-fputwc.o)
 .ARM.attributes
                0x00000bcd       0x2d c:/nxp/lpcxpresso_7.9.2_493/lpcxpresso/tools/bin/../lib/gcc/arm-none-eabi/4.9.3/../../../../arm-none-eabi/lib/armv7-m\libc.a(lib_a-wcrtomb.o)
 .ARM.attributes
                0x00000bfa       0x2d c:/nxp/lpcxpresso_7.9.2_493/lpcxpresso/tools/bin/../lib/gcc/arm-none-eabi/4.9.3/../../../../arm-none-eabi/lib/armv7-m\libc.a(lib_a-wctomb_r.o)
 .ARM.attributes
                0x00000c27       0x33 c:/nxp/lpcxpresso_7.9.2_493/lpcxpresso/tools/bin/../lib/gcc/arm-none-eabi/4.9.3/../../../../arm-none-eabi/lib/armv7-m\libcr_newlib_nohost.a(_cr_sbrk.o)
 .ARM.attributes
                0x00000c5a       0x33 c:/nxp/lpcxpresso_7.9.2_493/lpcxpresso/tools/bin/../lib/gcc/arm-none-eabi/4.9.3/../../../../arm-none-eabi/lib/armv7-m\libcr_newlib_nohost.a(_cr_check_heap.o)
 .ARM.attributes
                0x00000c8d       0x1d c:/nxp/lpcxpresso_7.9.2_493/lpcxpresso/tools/bin/../lib/gcc/arm-none-eabi/4.9.3/armv7-m\crti.o
 .ARM.attributes
                0x00000caa       0x1d c:/nxp/lpcxpresso_7.9.2_493/lpcxpresso/tools/bin/../lib/gcc/arm-none-eabi/4.9.3/armv7-m\crtn.o
 .ARM.attributes
                0x00000cc7       0x2d c:/nxp/lpcxpresso_7.9.2_493/lpcxpresso/tools/bin/../lib/gcc/arm-none-eabi/4.9.3/armv7-m\crtbegin.o
 .ARM.attributes
                0x00000cf4       0x1d c:/nxp/lpcxpresso_7.9.2_493/lpcxpresso/tools/bin/../lib/gcc/arm-none-eabi/4.9.3/armv7-m\libgcc.a(_arm_muldivdf3.o)
 .ARM.attributes
                0x00000d11       0x1d c:/nxp/lpcxpresso_7.9.2_493/lpcxpresso/tools/bin/../lib/gcc/arm-none-eabi/4.9.3/armv7-m\libgcc.a(_arm_cmpdf2.o)

.debug_frame    0x00000000     0x164c
 .debug_frame   0x00000000      0x5d8 ./nRF24L01P/nRF24L01P.o
 .debug_frame   0x000005d8       0xfc ./main.o
 .debug_frame   0x000006d4       0x28 c:/nxp/lpcxpresso_7.9.2_493/lpcxpresso/tools/bin/../lib/gcc/arm-none-eabi/4.9.3/armv7-m\libgcc.a(_aeabi_uldivmod.o)
 .debug_frame   0x000006fc       0x54 c:/nxp/lpcxpresso_7.9.2_493/lpcxpresso/tools/bin/../lib/gcc/arm-none-eabi/4.9.3/armv7-m\libgcc.a(bpabi.o)
 .debug_frame   0x00000750       0x34 c:/nxp/lpcxpresso_7.9.2_493/lpcxpresso/tools/bin/../lib/gcc/arm-none-eabi/4.9.3/armv7-m\libgcc.a(_divdi3.o)
 .debug_frame   0x00000784       0x34 c:/nxp/lpcxpresso_7.9.2_493/lpcxpresso/tools/bin/../lib/gcc/arm-none-eabi/4.9.3/armv7-m\libgcc.a(_udivdi3.o)
 .debug_frame   0x000007b8       0x20 c:/nxp/lpcxpresso_7.9.2_493/lpcxpresso/tools/bin/../lib/gcc/arm-none-eabi/4.9.3/../../../../arm-none-eabi/lib/armv7-m\libc.a(lib_a-abs.o)
 .debug_frame   0x000007d8       0x28 c:/nxp/lpcxpresso_7.9.2_493/lpcxpresso/tools/bin/../lib/gcc/arm-none-eabi/4.9.3/../../../../arm-none-eabi/lib/armv7-m\libc.a(lib_a-callocr.o)
 .debug_frame   0x00000800       0x20 c:/nxp/lpcxpresso_7.9.2_493/lpcxpresso/tools/bin/../lib/gcc/arm-none-eabi/4.9.3/../../../../arm-none-eabi/lib/armv7-m\libc.a(lib_a-errno.o)
 .debug_frame   0x00000820       0x44 c:/nxp/lpcxpresso_7.9.2_493/lpcxpresso/tools/bin/../lib/gcc/arm-none-eabi/4.9.3/../../../../arm-none-eabi/lib/armv7-m\libc.a(lib_a-fclose.o)
 .debug_frame   0x00000864       0x6c c:/nxp/lpcxpresso_7.9.2_493/lpcxpresso/tools/bin/../lib/gcc/arm-none-eabi/4.9.3/../../../../arm-none-eabi/lib/armv7-m\libc.a(lib_a-fflush.o)
 .debug_frame   0x000008d0      0x124 c:/nxp/lpcxpresso_7.9.2_493/lpcxpresso/tools/bin/../lib/gcc/arm-none-eabi/4.9.3/../../../../arm-none-eabi/lib/armv7-m\libc.a(lib_a-findfp.o)
 .debug_frame   0x000009f4       0x74 c:/nxp/lpcxpresso_7.9.2_493/lpcxpresso/tools/bin/../lib/gcc/arm-none-eabi/4.9.3/../../../../arm-none-eabi/lib/armv7-m\libc.a(lib_a-freer.o)
 .debug_frame   0x00000a68       0x2c c:/nxp/lpcxpresso_7.9.2_493/lpcxpresso/tools/bin/../lib/gcc/arm-none-eabi/4.9.3/../../../../arm-none-eabi/lib/armv7-m\libc.a(lib_a-fstatr.o)
 .debug_frame   0x00000a94       0x68 c:/nxp/lpcxpresso_7.9.2_493/lpcxpresso/tools/bin/../lib/gcc/arm-none-eabi/4.9.3/../../../../arm-none-eabi/lib/armv7-m\libc.a(lib_a-fvwrite.o)
 .debug_frame   0x00000afc       0x54 c:/nxp/lpcxpresso_7.9.2_493/lpcxpresso/tools/bin/../lib/gcc/arm-none-eabi/4.9.3/../../../../arm-none-eabi/lib/armv7-m\libc.a(lib_a-fwalk.o)
 .debug_frame   0x00000b50       0x2c c:/nxp/lpcxpresso_7.9.2_493/lpcxpresso/tools/bin/../lib/gcc/arm-none-eabi/4.9.3/../../../../arm-none-eabi/lib/armv7-m\libc.a(lib_a-init.o)
 .debug_frame   0x00000b7c       0x48 c:/nxp/lpcxpresso_7.9.2_493/lpcxpresso/tools/bin/../lib/gcc/arm-none-eabi/4.9.3/../../../../arm-none-eabi/lib/armv7-m\libc.a(lib_a-makebuf.o)
 .debug_frame   0x00000bc4       0x54 c:/nxp/lpcxpresso_7.9.2_493/lpcxpresso/tools/bin/../lib/gcc/arm-none-eabi/4.9.3/../../../../arm-none-eabi/lib/armv7-m\libc.a(lib_a-mallocr.o)
 .debug_frame   0x00000c18       0x3c c:/nxp/lpcxpresso_7.9.2_493/lpcxpresso/tools/bin/../lib/gcc/arm-none-eabi/4.9.3/../../../../arm-none-eabi/lib/armv7-m\libc.a(lib_a-memchr.o)
 .debug_frame   0x00000c54       0x30 c:/nxp/lpcxpresso_7.9.2_493/lpcxpresso/tools/bin/../lib/gcc/arm-none-eabi/4.9.3/../../../../arm-none-eabi/lib/armv7-m\libc.a(lib_a-memmove.o)
 .debug_frame   0x00000c84       0x34 c:/nxp/lpcxpresso_7.9.2_493/lpcxpresso/tools/bin/../lib/gcc/arm-none-eabi/4.9.3/../../../../arm-none-eabi/lib/armv7-m\libc.a(lib_a-memset.o)
 .debug_frame   0x00000cb8       0x30 c:/nxp/lpcxpresso_7.9.2_493/lpcxpresso/tools/bin/../lib/gcc/arm-none-eabi/4.9.3/../../../../arm-none-eabi/lib/armv7-m\libc.a(lib_a-mlock.o)
 .debug_frame   0x00000ce8       0x58 c:/nxp/lpcxpresso_7.9.2_493/lpcxpresso/tools/bin/../lib/gcc/arm-none-eabi/4.9.3/../../../../arm-none-eabi/lib/armv7-m\libc.a(lib_a-reallocr.o)
 .debug_frame   0x00000d40       0x58 c:/nxp/lpcxpresso_7.9.2_493/lpcxpresso/tools/bin/../lib/gcc/arm-none-eabi/4.9.3/../../../../arm-none-eabi/lib/armv7-m\libc.a(lib_a-reent.o)
 .debug_frame   0x00000d98       0x2c c:/nxp/lpcxpresso_7.9.2_493/lpcxpresso/tools/bin/../lib/gcc/arm-none-eabi/4.9.3/../../../../arm-none-eabi/lib/armv7-m\libc.a(lib_a-sbrkr.o)
 .debug_frame   0x00000dc4       0x88 c:/nxp/lpcxpresso_7.9.2_493/lpcxpresso/tools/bin/../lib/gcc/arm-none-eabi/4.9.3/../../../../arm-none-eabi/lib/armv7-m\libc.a(lib_a-stdio.o)
 .debug_frame   0x00000e4c       0x20 c:/nxp/lpcxpresso_7.9.2_493/lpcxpresso/tools/bin/../lib/gcc/arm-none-eabi/4.9.3/../../../../arm-none-eabi/lib/armv7-m\libc.a(lib_a-strlen.o)
 .debug_frame   0x00000e6c       0x90 c:/nxp/lpcxpresso_7.9.2_493/lpcxpresso/tools/bin/../lib/gcc/arm-none-eabi/4.9.3/../../../../arm-none-eabi/lib/armv7-m\libc.a(lib_a-vfprintf.o)
 .debug_frame   0x00000efc       0x3c c:/nxp/lpcxpresso_7.9.2_493/lpcxpresso/tools/bin/../lib/gcc/arm-none-eabi/4.9.3/../../../../arm-none-eabi/lib/armv7-m\libc.a(lib_a-wbuf.o)
 .debug_frame   0x00000f38       0x2c c:/nxp/lpcxpresso_7.9.2_493/lpcxpresso/tools/bin/../lib/gcc/arm-none-eabi/4.9.3/../../../../arm-none-eabi/lib/armv7-m\libc.a(lib_a-writer.o)
 .debug_frame   0x00000f64       0x2c c:/nxp/lpcxpresso_7.9.2_493/lpcxpresso/tools/bin/../lib/gcc/arm-none-eabi/4.9.3/../../../../arm-none-eabi/lib/armv7-m\libc.a(lib_a-wsetup.o)
 .debug_frame   0x00000f90       0x2c c:/nxp/lpcxpresso_7.9.2_493/lpcxpresso/tools/bin/../lib/gcc/arm-none-eabi/4.9.3/../../../../arm-none-eabi/lib/armv7-m\libc.a(lib_a-closer.o)
 .debug_frame   0x00000fbc       0x84 c:/nxp/lpcxpresso_7.9.2_493/lpcxpresso/tools/bin/../lib/gcc/arm-none-eabi/4.9.3/../../../../arm-none-eabi/lib/armv7-m\libc.a(lib_a-dtoa.o)
 .debug_frame   0x00001040       0x2c c:/nxp/lpcxpresso_7.9.2_493/lpcxpresso/tools/bin/../lib/gcc/arm-none-eabi/4.9.3/../../../../arm-none-eabi/lib/armv7-m\libc.a(lib_a-isattyr.o)
 .debug_frame   0x0000106c       0x9c c:/nxp/lpcxpresso_7.9.2_493/lpcxpresso/tools/bin/../lib/gcc/arm-none-eabi/4.9.3/../../../../arm-none-eabi/lib/armv7-m\libc.a(lib_a-locale.o)
 .debug_frame   0x00001108       0x2c c:/nxp/lpcxpresso_7.9.2_493/lpcxpresso/tools/bin/../lib/gcc/arm-none-eabi/4.9.3/../../../../arm-none-eabi/lib/armv7-m\libc.a(lib_a-lseekr.o)
 .debug_frame   0x00001134      0x268 c:/nxp/lpcxpresso_7.9.2_493/lpcxpresso/tools/bin/../lib/gcc/arm-none-eabi/4.9.3/../../../../arm-none-eabi/lib/armv7-m\libc.a(lib_a-mprec.o)
 .debug_frame   0x0000139c       0x2c c:/nxp/lpcxpresso_7.9.2_493/lpcxpresso/tools/bin/../lib/gcc/arm-none-eabi/4.9.3/../../../../arm-none-eabi/lib/armv7-m\libc.a(lib_a-readr.o)
 .debug_frame   0x000013c8       0x34 c:/nxp/lpcxpresso_7.9.2_493/lpcxpresso/tools/bin/../lib/gcc/arm-none-eabi/4.9.3/../../../../arm-none-eabi/lib/armv7-m\libc.a(lib_a-s_fpclassify.o)
 .debug_frame   0x000013fc       0xd8 c:/nxp/lpcxpresso_7.9.2_493/lpcxpresso/tools/bin/../lib/gcc/arm-none-eabi/4.9.3/../../../../arm-none-eabi/lib/armv7-m\libc.a(lib_a-vfiprintf.o)
 .debug_frame   0x000014d4       0x84 c:/nxp/lpcxpresso_7.9.2_493/lpcxpresso/tools/bin/../lib/gcc/arm-none-eabi/4.9.3/../../../../arm-none-eabi/lib/armv7-m\libc.a(lib_a-fputwc.o)
 .debug_frame   0x00001558       0x60 c:/nxp/lpcxpresso_7.9.2_493/lpcxpresso/tools/bin/../lib/gcc/arm-none-eabi/4.9.3/../../../../arm-none-eabi/lib/armv7-m\libc.a(lib_a-wcrtomb.o)
 .debug_frame   0x000015b8       0x48 c:/nxp/lpcxpresso_7.9.2_493/lpcxpresso/tools/bin/../lib/gcc/arm-none-eabi/4.9.3/../../../../arm-none-eabi/lib/armv7-m\libc.a(lib_a-wctomb_r.o)
 .debug_frame   0x00001600       0x2c c:/nxp/lpcxpresso_7.9.2_493/lpcxpresso/tools/bin/../lib/gcc/arm-none-eabi/4.9.3/../../../../arm-none-eabi/lib/armv7-m\libcr_newlib_nohost.a(_cr_sbrk.o)
 .debug_frame   0x0000162c       0x20 c:/nxp/lpcxpresso_7.9.2_493/lpcxpresso/tools/bin/../lib/gcc/arm-none-eabi/4.9.3/../../../../arm-none-eabi/lib/armv7-m\libcr_newlib_nohost.a(_cr_check_heap.o)

.debug_loc      0x00000000       0x81
 .debug_loc     0x00000000       0x47 c:/nxp/lpcxpresso_7.9.2_493/lpcxpresso/tools/bin/../lib/gcc/arm-none-eabi/4.9.3/../../../../arm-none-eabi/lib/armv7-m\libcr_newlib_nohost.a(_cr_sbrk.o)
 .debug_loc     0x00000047       0x3a c:/nxp/lpcxpresso_7.9.2_493/lpcxpresso/tools/bin/../lib/gcc/arm-none-eabi/4.9.3/../../../../arm-none-eabi/lib/armv7-m\libcr_newlib_nohost.a(_cr_check_heap.o)
