Archive member included because of file (symbol)

C:\-WeatherStation\EstacaoMet\mbed\TARGET_LPC1768\TOOLCHAIN_GCC_CR\libmbed.a(analogin_api.o)
                              ./WeatherStation.o (analogin_init)
C:\-WeatherStation\EstacaoMet\mbed\TARGET_LPC1768\TOOLCHAIN_GCC_CR\libmbed.a(gpio_api.o)
                              ./SHTx/i2c.o (gpio_dir)
C:\-WeatherStation\EstacaoMet\mbed\TARGET_LPC1768\TOOLCHAIN_GCC_CR\libmbed.a(gpio_irq_api.o)
                              ./FrequencyCounter.o (gpio_irq_set)
C:\-WeatherStation\EstacaoMet\mbed\TARGET_LPC1768\TOOLCHAIN_GCC_CR\libmbed.a(pinmap.o)
                              C:\-WeatherStation\EstacaoMet\mbed\TARGET_LPC1768\TOOLCHAIN_GCC_CR\libmbed.a(gpio_api.o) (pin_function)
C:\-WeatherStation\EstacaoMet\mbed\TARGET_LPC1768\TOOLCHAIN_GCC_CR\libmbed.a(serial_api.o)
                              C:/-WeatherStation/EstacaoMet/mbed/TARGET_LPC1768/TOOLCHAIN_GCC_CR/retarget.o (serial_getc)
C:\-WeatherStation\EstacaoMet\mbed\TARGET_LPC1768\TOOLCHAIN_GCC_CR\libmbed.a(FilePath.o)
                              C:/-WeatherStation/EstacaoMet/mbed/TARGET_LPC1768/TOOLCHAIN_GCC_CR/retarget.o (mbed::FilePath::FilePath(char const*))
C:\-WeatherStation\EstacaoMet\mbed\TARGET_LPC1768\TOOLCHAIN_GCC_CR\libmbed.a(FileSystemLike.o)
                              ./WeatherStation.o (mbed::FileSystemLike::~FileSystemLike())
C:\-WeatherStation\EstacaoMet\mbed\TARGET_LPC1768\TOOLCHAIN_GCC_CR\libmbed.a(InterruptIn.o)
                              ./FrequencyCounter.o (mbed::InterruptIn::~InterruptIn())
C:\-WeatherStation\EstacaoMet\mbed\TARGET_LPC1768\TOOLCHAIN_GCC_CR\libmbed.a(LocalFileSystem.o)
                              ./WeatherStation.o (vtable for mbed::LocalFileSystem)
C:\-WeatherStation\EstacaoMet\mbed\TARGET_LPC1768\TOOLCHAIN_GCC_CR\libmbed.a(SPI.o)
                              ./nRF24L01P/nRF24L01P.o (mbed::SPI::SPI(PinName, PinName, PinName, PinName))
C:\-WeatherStation\EstacaoMet\mbed\TARGET_LPC1768\TOOLCHAIN_GCC_CR\libmbed.a(Serial.o)
                              ./Logger/Logger.o (mbed::Serial::Serial(PinName, PinName, char const*))
C:\-WeatherStation\EstacaoMet\mbed\TARGET_LPC1768\TOOLCHAIN_GCC_CR\libmbed.a(SerialBase.o)
                              C:\-WeatherStation\EstacaoMet\mbed\TARGET_LPC1768\TOOLCHAIN_GCC_CR\libmbed.a(Serial.o) (mbed::SerialBase::SerialBase(PinName, PinName))
C:\-WeatherStation\EstacaoMet\mbed\TARGET_LPC1768\TOOLCHAIN_GCC_CR\libmbed.a(Ticker.o)
                              ./FrequencyCounter.o (mbed::Ticker::detach())
C:\-WeatherStation\EstacaoMet\mbed\TARGET_LPC1768\TOOLCHAIN_GCC_CR\libmbed.a(Stream.o)
                              C:\-WeatherStation\EstacaoMet\mbed\TARGET_LPC1768\TOOLCHAIN_GCC_CR\libmbed.a(Serial.o) (mbed::Stream::close())
C:\-WeatherStation\EstacaoMet\mbed\TARGET_LPC1768\TOOLCHAIN_GCC_CR\libmbed.a(Timeout.o)
                              ./FrequencyCounter.o (vtable for mbed::Timeout)
C:\-WeatherStation\EstacaoMet\mbed\TARGET_LPC1768\TOOLCHAIN_GCC_CR\libmbed.a(Timer.o)
                              ./PulseIn.o (mbed::Timer::Timer())
C:\-WeatherStation\EstacaoMet\mbed\TARGET_LPC1768\TOOLCHAIN_GCC_CR\libmbed.a(TimerEvent.o)
                              ./FrequencyCounter.o (mbed::TimerEvent::~TimerEvent())
C:\-WeatherStation\EstacaoMet\mbed\TARGET_LPC1768\TOOLCHAIN_GCC_CR\libmbed.a(assert.o)
                              ./nRF24L01P/nRF24L01P.o (mbed_assert_internal)
C:\-WeatherStation\EstacaoMet\mbed\TARGET_LPC1768\TOOLCHAIN_GCC_CR\libmbed.a(error.o)
                              ./nRF24L01P/nRF24L01P.o (error)
C:\-WeatherStation\EstacaoMet\mbed\TARGET_LPC1768\TOOLCHAIN_GCC_CR\libmbed.a(gpio.o)
                              ./SHTx/i2c.o (gpio_init_in)
C:\-WeatherStation\EstacaoMet\mbed\TARGET_LPC1768\TOOLCHAIN_GCC_CR\libmbed.a(mbed_interface.o)
                              C:/-WeatherStation/EstacaoMet/mbed/TARGET_LPC1768/TOOLCHAIN_GCC_CR/retarget.o (mbed_interface_connected)
C:\-WeatherStation\EstacaoMet\mbed\TARGET_LPC1768\TOOLCHAIN_GCC_CR\libmbed.a(pinmap_common.o)
                              C:\-WeatherStation\EstacaoMet\mbed\TARGET_LPC1768\TOOLCHAIN_GCC_CR\libmbed.a(analogin_api.o) (pinmap_pinout)
C:\-WeatherStation\EstacaoMet\mbed\TARGET_LPC1768\TOOLCHAIN_GCC_CR\libmbed.a(rtc_time.o)
                              ./Logger/Logger.o (time)
C:\-WeatherStation\EstacaoMet\mbed\TARGET_LPC1768\TOOLCHAIN_GCC_CR\libmbed.a(semihost_api.o)
                              C:\-WeatherStation\EstacaoMet\mbed\TARGET_LPC1768\TOOLCHAIN_GCC_CR\libmbed.a(LocalFileSystem.o) (semihost_open)
C:\-WeatherStation\EstacaoMet\mbed\TARGET_LPC1768\TOOLCHAIN_GCC_CR\libmbed.a(ticker_api.o)
                              C:\-WeatherStation\EstacaoMet\mbed\TARGET_LPC1768\TOOLCHAIN_GCC_CR\libmbed.a(TimerEvent.o) (ticker_set_handler)
C:\-WeatherStation\EstacaoMet\mbed\TARGET_LPC1768\TOOLCHAIN_GCC_CR\libmbed.a(us_ticker_api.o)
[...]
Memory Configuration

Name             Origin             Length             Attributes
MFlash512        0x00000000         0x00080000         xr
RamLoc32         0x100000c8         0x00007f38         xrw
RamAHB_USB       0x2007c000         0x00004000         xrw
RamAHB_Eth       0x20080000         0x00004000         xrw
*default*        0x00000000         0xffffffff

Linker script and memory map

LOAD ./nRF24L01P/nRF24L01P.o
LOAD ./SHTx/i2c.o
LOAD ./SHTx/sht15.o
LOAD ./PowerControl/EthernetPowerControl.o
LOAD ./Logger/Logger.o
LOAD ./GPS/GPS.o
LOAD ./FaultInjector/FaultInjector.o
LOAD ./ConfigFile/ConfigFile.o
LOAD ./ConfigFile/ConfigList.o
LOAD ./FrequencyCounter.o
LOAD ./PulseIn.o
LOAD ./ReadingData.o
LOAD ./Watchdog.o
LOAD ./WeatherStation.o
LOAD ./WeatherStationConfig.o
LOAD ./Wetting.o
LOAD ./main.o
LOAD C:/-WeatherStation/EstacaoMet/mbed/TARGET_LPC1768/TOOLCHAIN_GCC_CR/board.o
LOAD C:/-WeatherStation/EstacaoMet/mbed/TARGET_LPC1768/TOOLCHAIN_GCC_CR/cmsis_nvic.o
LOAD C:/-WeatherStation/EstacaoMet/mbed/TARGET_LPC1768/TOOLCHAIN_GCC_CR/retarget.o
LOAD C:/-WeatherStation/EstacaoMet/mbed/TARGET_LPC1768/TOOLCHAIN_GCC_CR/startup_LPC17xx.o
LOAD C:/-WeatherStation/EstacaoMet/mbed/TARGET_LPC1768/TOOLCHAIN_GCC_CR/system_LPC17xx.o
LOAD C:\-WeatherStation\EstacaoMet\mbed\TARGET_LPC1768\TOOLCHAIN_GCC_CR\libmbed.a
START GROUP
LOAD c:/nxp/lpcxpresso_7.9.2_493/lpcxpresso/tools/bin/../lib/gcc/arm-none-eabi/4.9.3/armv7-m\libgcc.a
LOAD c:/nxp/lpcxpresso_7.9.2_493/lpcxpresso/tools/bin/../lib/gcc/arm-none-eabi/4.9.3/../../../../arm-none-eabi/lib/armv7-m\libc.a
LOAD c:/nxp/lpcxpresso_7.9.2_493/lpcxpresso/tools/bin/../lib/gcc/arm-none-eabi/4.9.3/../../../../arm-none-eabi/lib/armv7-m\libstdc++.a
LOAD c:/nxp/lpcxpresso_7.9.2_493/lpcxpresso/tools/bin/../lib/gcc/arm-none-eabi/4.9.3/../../../../arm-none-eabi/lib/armv7-m\libm.a
LOAD c:/nxp/lpcxpresso_7.9.2_493/lpcxpresso/tools/bin/../lib/gcc/arm-none-eabi/4.9.3/../../../../arm-none-eabi/lib/armv7-m\libcr_newlib_nohost.a
LOAD c:/nxp/lpcxpresso_7.9.2_493/lpcxpresso/tools/bin/../lib/gcc/arm-none-eabi/4.9.3/armv7-m\crti.o
LOAD c:/nxp/lpcxpresso_7.9.2_493/lpcxpresso/tools/bin/../lib/gcc/arm-none-eabi/4.9.3/armv7-m\crtn.o
LOAD c:/nxp/lpcxpresso_7.9.2_493/lpcxpresso/tools/bin/../lib/gcc/arm-none-eabi/4.9.3/armv7-m\crtbegin.o
LOAD c:/nxp/lpcxpresso_7.9.2_493/lpcxpresso/tools/bin/../lib/gcc/arm-none-eabi/4.9.3/armv7-m\crtend.o
END GROUP
                0x00080000                __top_MFlash512 = 0x80000
                0x10008000                __top_RamLoc32 = 0x10008000
                0x20084000                __top_RamAHB32 = 0x20084000

.text           0x00000000    0x16a7c
 FILL mask 0xff
 *(.isr_vector)
 .isr_vector    0x00000000       0xcc C:/-WeatherStation/EstacaoMet/mbed/TARGET_LPC1768/TOOLCHAIN_GCC_CR/startup_LPC17xx.o
                0x00000000                g_pfnVectors
                0x000000cc                . = ALIGN (0x4)
                0x000000cc                __section_table_start = .
                0x000000cc                __data_section_table = .
                0x000000cc        0x4 LONG 0x16a84 LOADADDR (.data)
                0x000000d0        0x4 LONG 0x100000c8 ADDR (.data)
                0x000000d4        0x4 LONG 0x90c SIZEOF (.data)
                0x000000d8        0x4 LONG 0x16a84 LOADADDR (.data_RAM2)
                0x000000dc        0x4 LONG 0x2007c000 ADDR (.data_RAM2)
                0x000000e0        0x4 LONG 0x0 SIZEOF (.data_RAM2)
                0x000000e4                __data_section_table_end = .
                0x000000e4                __bss_section_table = .
                0x000000e4        0x4 LONG 0x100009d4 ADDR (.bss)
                0x000000e8        0x4 LONG 0x4bc SIZEOF (.bss)
                0x000000ec        0x4 LONG 0x2007c000 ADDR (.bss_RAM2)
                0x000000f0        0x4 LONG 0x0 SIZEOF (.bss_RAM2)
                0x000000f4                __bss_section_table_end = .
                0x000000f4                __section_table_end = .
 *(.after_vectors*)
 .after_vectors
                0x000000f4       0xd0 C:/-WeatherStation/EstacaoMet/mbed/TARGET_LPC1768/TOOLCHAIN_GCC_CR/startup_LPC17xx.o
                0x000000f4                NMI_Handler
                0x000000f8                HardFault_Handler
                0x000000fc                MemManage_Handler
                0x00000100                BusFault_Handler
                0x00000104                UsageFault_Handler
                0x00000108                SVC_Handler
                0x0000010c                DebugMon_Handler
                0x00000110                PendSV_Handler
                0x00000114                SysTick_Handler
                0x00000118                PWM1_IRQHandler
                0x00000118                I2C1_IRQHandler
                0x00000118                EINT2_IRQHandler
                0x00000118                UART1_IRQHandler
                0x00000118                EINT3_IRQHandler
                0x00000118                CANActivity_IRQHandler
                0x00000118                TIMER3_IRQHandler
                0x00000118                UART0_IRQHandler
                0x00000118                MCPWM_IRQHandler
                0x00000118                I2C0_IRQHandler
                0x00000118                IntDefaultHandler
                0x00000118                RIT_IRQHandler
                0x00000118                CAN_IRQHandler
                0x00000118                PLL1_IRQHandler
                0x00000118                SSP0_IRQHandler
                0x00000118                I2S_IRQHandler
                0x00000118                I2C2_IRQHandler
                0x00000118                RTC_IRQHandler
                0x00000118                TIMER0_IRQHandler
                0x00000118                SPI_IRQHandler
                0x00000118                UART3_IRQHandler
                0x00000118                EINT1_IRQHandler
                0x00000118                TIMER1_IRQHandler
                0x00000118                UART2_IRQHandler
                0x00000118                ADC_IRQHandler
                0x00000118                SSP1_IRQHandler
                0x00000118                USB_IRQHandler
                0x00000118                BOD_IRQHandler
                0x00000118                USBActivity_IRQHandler
                0x00000118                WDT_IRQHandler
                0x00000118                PLL0_IRQHandler
                0x00000118                QEI_IRQHandler
                0x00000118                EINT0_IRQHandler
                0x00000118                TIMER2_IRQHandler
                0x00000118                DMA_IRQHandler
                0x00000118                ENET_IRQHandler
                0x0000011c                ResetISR
                0x0000019c                data_init
                0x000001b4                bss_init
 *(.text*)
 .text.gpio_write
                0x000001c4       0x48 ./nRF24L01P/nRF24L01P.o
 .text._ZN4mbed10DigitalOutC2E7PinName
                0x0000020c       0x44 ./nRF24L01P/nRF24L01P.o
                0x0000020c                mbed::DigitalOut::DigitalOut(PinName)
                0x0000020c                mbed::DigitalOut::DigitalOut(PinName)
 .text._ZN4mbed10DigitalOut5writeEi
                0x00000250       0x1c ./nRF24L01P/nRF24L01P.o
                0x00000250                mbed::DigitalOut::write(int)
 .text._ZN4mbed10DigitalOutaSEi
                0x0000026c       0x1c ./nRF24L01P/nRF24L01P.o
                0x0000026c                mbed::DigitalOut::operator=(int)
 .text.gpio_write
                0x00000288       0x48 ./SHTx/i2c.o
 .text.gpio_read
                0x000002d0       0x44 ./SHTx/i2c.o
 .text._ZN4mbed12DigitalInOutC2E7PinName
                0x00000314       0x44 ./SHTx/i2c.o
                0x00000314                mbed::DigitalInOut::DigitalInOut(PinName)
                0x00000314                mbed::DigitalInOut::DigitalInOut(PinName)
 .text._ZN4mbed12DigitalInOut5writeEi
                0x00000358       0x1c ./SHTx/i2c.o
                0x00000358                mbed::DigitalInOut::write(int)
 .text._ZN4mbed12DigitalInOut4readEv
                0x00000374       0x1c ./SHTx/i2c.o
                0x00000374                mbed::DigitalInOut::read()
 .text._ZN4mbed12DigitalInOut6outputEv
                0x00000390       0x18 ./SHTx/i2c.o
                0x00000390                mbed::DigitalInOut::output()
 .text._ZN4mbed12DigitalInOut5inputEv
                0x000003a8       0x18 ./SHTx/i2c.o
                0x000003a8                mbed::DigitalInOut::input()
 .text._ZN4mbed12DigitalInOutaSEi
                0x000003c0       0x1c ./SHTx/i2c.o
                0x000003c0                mbed::DigitalInOut::operator=(int)
 .text._ZN4mbed12DigitalInOutcviEv
                0x000003dc       0x18 ./SHTx/i2c.o
                0x000003dc                mbed::DigitalInOut::operator int()
 .text._ZN4SHTx3I2CC2E7PinNameS1_
                0x000003f4       0x44 ./SHTx/i2c.o
                0x000003f4                SHTx::I2C::I2C(PinName, PinName)
                0x000003f4                SHTx::I2C::I2C(PinName, PinName)
 .text._ZN4SHTx3I2C5startEv
                0x00000438       0x4c ./SHTx/i2c.o
                0x00000438                SHTx::I2C::start()
 .text._ZN4SHTx3I2C4stopEv
                0x00000484       0x2c ./SHTx/i2c.o
                0x00000484                SHTx::I2C::stop()
 .text._ZN4SHTx3I2C4waitEv
                0x000004b0       0x50 ./SHTx/i2c.o
                0x000004b0                SHTx::I2C::wait()
 .text._ZN4SHTx3I2C5writeEh
                0x00000500       0x58 ./SHTx/i2c.o
                0x00000500                SHTx::I2C::write(unsigned char)
 .text._ZN4SHTx3I2C4readEb
                0x00000558       0x60 ./SHTx/i2c.o
                0x00000558                SHTx::I2C::read(bool)
 .text._ZN4SHTx3I2C6outputEv
                0x000005b8       0x18 ./SHTx/i2c.o
                0x000005b8                SHTx::I2C::output()
 .text._ZN4SHTx3I2C5inputEv
                0x000005d0       0x18 ./SHTx/i2c.o
                0x000005d0                SHTx::I2C::input()
 .text._ZN4SHTx3I2C3sdaEb
                0x000005e8       0x2c ./SHTx/i2c.o
                0x000005e8                SHTx::I2C::sda(bool)
 .text._ZN4SHTx3I2C3sclEb
                0x00000614       0x28 ./SHTx/i2c.o
                0x00000614                SHTx::I2C::scl(bool)
 .text._ZN4SHTx3I2C9shift_outEb
                0x0000063c       0x2c ./SHTx/i2c.o
                0x0000063c                SHTx::I2C::shift_out(bool)
 .text._ZN4SHTx3I2C8shift_inEv
                0x00000668       0x44 ./SHTx/i2c.o
                0x00000668                SHTx::I2C::shift_in()
 .text._ZN4SHTx5SHT1512coefficientsC2Ev
                0x000006ac       0xac ./SHTx/sht15.o
                0x000006ac                SHTx::SHT15::coefficients::coefficients()
                0x000006ac                SHTx::SHT15::coefficients::coefficients()
 .text._ZN4SHTx5SHT15C2E7PinNameS1_
                0x00000758       0x3c ./SHTx/sht15.o
                0x00000758                SHTx::SHT15::SHT15(PinName, PinName)
                0x00000758                SHTx::SHT15::SHT15(PinName, PinName)
 .text._ZN4SHTx5SHT1513setResolutionEb
                0x00000794       0x28 ./SHTx/sht15.o
                0x00000794                SHTx::SHT15::setResolution(bool)
 .text._ZN4SHTx5SHT1512setOTPReloadEb
                0x000007bc       0x30 ./SHTx/sht15.o
                0x000007bc                SHTx::SHT15::setOTPReload(bool)
 .text._ZN4SHTx5SHT158setScaleEb
                0x000007ec       0x20 ./SHTx/sht15.o
                0x000007ec                SHTx::SHT15::setScale(bool)
 .text._ZN4SHTx5SHT156updateEv
                0x0000080c       0x58 ./SHTx/sht15.o
                0x0000080c                SHTx::SHT15::update()
 .text._ZN4SHTx5SHT1513writeRegisterEv
                0x00000864       0x68 ./SHTx/sht15.o
                0x00000864                SHTx::SHT15::writeRegister()
 .text._ZN4SHTx5SHT1512readRegisterENS0_8cmd_listE
                0x000008cc      0x1ac ./SHTx/sht15.o
                0x000008cc                SHTx::SHT15::readRegister(SHTx::SHT15::cmd_list)
 .text._ZN4SHTx5SHT157setFlagENS0_9flag_listEb
                0x00000a78       0x50 ./SHTx/sht15.o
                0x00000a78                SHTx::SHT15::setFlag(SHTx::SHT15::flag_list, bool)
 .text._Z18Peripheral_PowerUpj
                0x00000ac8       0x28 ./PowerControl/EthernetPowerControl.o
                0x00000ac8                Peripheral_PowerUp(unsigned int)
 .text._Z20Peripheral_PowerDownj
                0x00000af0       0x2c ./PowerControl/EthernetPowerControl.o
                0x00000af0                Peripheral_PowerDown(unsigned int)
 .text._Z20Peripheral_GetStatusj
                0x00000b1c       0x2c ./PowerControl/EthernetPowerControl.o
                0x00000b1c                Peripheral_GetStatus(unsigned int)
 .text._ZL9write_PHYjt
                0x00000b48       0x58 ./PowerControl/EthernetPowerControl.o
 .text._ZL8read_PHYj
                0x00000ba0       0x6c ./PowerControl/EthernetPowerControl.o
 .text._Z9EMAC_Initv
                0x00000c0c       0xf0 ./PowerControl/EthernetPowerControl.o
                0x00000c0c                EMAC_Init()
 .text._Z13PHY_PowerDownv
                0x00000cfc       0x6c ./PowerControl/EthernetPowerControl.o
                0x00000cfc                PHY_PowerDown()
 .text._ZN4mbed10SerialBaseD2Ev
                0x00000d68       0x28 ./Logger/Logger.o
                0x00000d68                mbed::SerialBase::~SerialBase()
                0x00000d68                mbed::SerialBase::~SerialBase()
 .text._ZN4mbed10SerialBaseD0Ev
                0x00000d90       0x20 ./Logger/Logger.o
                0x00000d90                mbed::SerialBase::~SerialBase()
 .text._ZN6LoggerC2EPKcb
                0x00000db0       0x54 ./Logger/Logger.o
                0x00000db0                Logger::Logger(char const*, bool)
                0x00000db0                Logger::Logger(char const*, bool)
 .text._ZN6LoggerD2Ev
                0x00000e04       0x34 ./Logger/Logger.o
                0x00000e04                Logger::~Logger()
                0x00000e04                Logger::~Logger()
 .text._ZN6LoggerD0Ev
                0x00000e38       0x20 ./Logger/Logger.o
                0x00000e38                Logger::~Logger()
 .text._ZN6Logger14printLoggerMsgENS_15LoggerEventTypeEPKc
                0x00000e58      0x140 ./Logger/Logger.o
                0x00000e58                Logger::printLoggerMsg(Logger::LoggerEventType, char const*)
 .text._ZN6Logger3logEPKcz
                0x00000f98       0x90 ./Logger/Logger.o
                0x00000f98                Logger::log(char const*, ...)
 .text._ZN6Logger4warnEPKcz
                0x00001028       0x90 ./Logger/Logger.o
                0x00001028                Logger::warn(char const*, ...)
 .text._ZN6Logger3errEPKcz
                0x000010b8       0x90 ./Logger/Logger.o
                0x000010b8                Logger::err(char const*, ...)
 .text._ZN4mbed6SerialD2Ev
                0x00001148       0x50 ./Logger/Logger.o
                0x00001148                mbed::Serial::~Serial()
                0x00001148                mbed::Serial::~Serial()
 .text._ZN4mbed6SerialD1Ev
                0x00001198       0x10 ./Logger/Logger.o
                0x00001198                non-virtual thunk to mbed::Serial::~Serial()
                0x000011a0                non-virtual thunk to mbed::Serial::~Serial()
 .text._ZN4mbed6SerialD0Ev
                0x000011a8       0x30 ./Logger/Logger.o
                0x000011a8                mbed::Serial::~Serial()
                0x000011c8                non-virtual thunk to mbed::Serial::~Serial()
                0x000011d0                non-virtual thunk to mbed::Serial::~Serial()
 .text._ZN3GPSC2E7PinNameS0_
                0x000011d8       0x48 ./GPS/GPS.o
                0x000011d8                GPS::GPS(PinName, PinName)
                0x000011d8                GPS::GPS(PinName, PinName)
 .text._ZN3GPS6sampleEv
                0x00001220      0x164 ./GPS/GPS.o
                0x00001220                GPS::sample()
 .text._ZN3GPS5truncEf
                0x00001384       0x7c ./GPS/GPS.o
                0x00001384                GPS::trunc(float)
 .text._ZN3GPS7getlineEv
                0x00001400       0x80 ./GPS/GPS.o
                0x00001400                GPS::getline()
 .text._ZSt6strchrPci
                0x00001480       0x1c ./ConfigFile/ConfigFile.o
                0x00001480                std::strchr(char*, int)
 .text._ZN10ConfigListC2Ev
                0x0000149c       0x20 ./ConfigFile/ConfigList.o
                0x0000149c                ConfigList::ConfigList()
                0x0000149c                ConfigList::ConfigList()
 .text._ZN10ConfigListD2Ev
                0x000014bc       0x70 ./ConfigFile/ConfigList.o
                0x000014bc                ConfigList::~ConfigList()
                0x000014bc                ConfigList::~ConfigList()
 .text._ZN10ConfigList8getValueEPKc
                0x0000152c       0x34 ./ConfigFile/ConfigList.o
                0x0000152c                ConfigList::getValue(char const*)
 .text._ZN10ConfigList8setValueEPKcS1_
                0x00001560      0x15c ./ConfigFile/ConfigList.o
                0x00001560                ConfigList::setValue(char const*, char const*)
 .text._ZN10ConfigList9removeAllEv
                0x000016bc       0x60 ./ConfigFile/ConfigList.o
                0x000016bc                ConfigList::removeAll()
 .text._ZN10ConfigList6searchEPKc
                0x0000171c       0x74 ./ConfigFile/ConfigList.o
                0x0000171c                ConfigList::search(char const*)
 .text._ZN10ConfigList3addEPNS_8config_tE
                0x00001790       0x4c ./ConfigFile/ConfigList.o
                0x00001790                ConfigList::add(ConfigList::config_t*)
 .text.gpio_read
                0x000017dc       0x44 ./FrequencyCounter.o
 .text._ZN4mbed9DigitalInC2E7PinName
                0x00001820       0x44 ./FrequencyCounter.o
                0x00001820                mbed::DigitalIn::DigitalIn(PinName)
                0x00001820                mbed::DigitalIn::DigitalIn(PinName)
 .text._ZN4mbed9DigitalIn4readEv
                0x00001864       0x1c ./FrequencyCounter.o
                0x00001864                mbed::DigitalIn::read()
 .text._ZN4mbed9DigitalIncviEv
                0x00001880       0x18 ./FrequencyCounter.o
                0x00001880                mbed::DigitalIn::operator int()
 .text._ZN4mbed6TickerC2Ev
                0x00001898       0x30 ./FrequencyCounter.o
                0x00001898                mbed::Ticker::Ticker()
                0x00001898                mbed::Ticker::Ticker()
 .text._ZN4mbed6TickerD2Ev
                0x000018c8       0x38 ./FrequencyCounter.o
                0x000018c8                mbed::Ticker::~Ticker()
                0x000018c8                mbed::Ticker::~Ticker()
 .text._ZN4mbed6TickerD0Ev
                0x00001900       0x20 ./FrequencyCounter.o
                0x00001900                mbed::Ticker::~Ticker()
 .text._ZN4mbed7TimeoutC2Ev
                0x00001920       0x24 ./FrequencyCounter.o
                0x00001920                mbed::Timeout::Timeout()
                0x00001920                mbed::Timeout::Timeout()
 .text._ZN16FrequencyCounterC2E7PinName7PinModeNS_9TransTypeEj
                0x00001944       0xb8 ./FrequencyCounter.o
                0x00001944                FrequencyCounter::FrequencyCounter(PinName, PinMode, FrequencyCounter::TransType, unsigned int)
                0x00001944                FrequencyCounter::FrequencyCounter(PinName, PinMode, FrequencyCounter::TransType, unsigned int)
 .text._ZN16FrequencyCounterD2Ev
                0x000019fc       0x3c ./FrequencyCounter.o
                0x000019fc                FrequencyCounter::~FrequencyCounter()
                0x000019fc                FrequencyCounter::~FrequencyCounter()
 .text._ZN16FrequencyCounterD0Ev
                0x00001a38       0x20 ./FrequencyCounter.o
                0x00001a38                FrequencyCounter::~FrequencyCounter()
 .text._ZN16FrequencyCounter8scheduleEv
                0x00001a58       0x38 ./FrequencyCounter.o
                0x00001a58                FrequencyCounter::schedule()
 .text._ZN16FrequencyCounter9incrementEv
                0x00001a90       0x4c ./FrequencyCounter.o
                0x00001a90                FrequencyCounter::increment()
 .text._ZN16FrequencyCounter10resetCountEv
                0x00001adc       0x28 ./FrequencyCounter.o
                0x00001adc                FrequencyCounter::resetCount()
 .text._ZN16FrequencyCounter8getCountEv
                0x00001b04       0x2c ./FrequencyCounter.o
                0x00001b04                FrequencyCounter::getCount()
 .text._ZN4mbed19FunctionPointerArg1IvvEC2EPFvvE
                0x00001b30       0x1c ./FrequencyCounter.o
                0x00001b30                mbed::FunctionPointerArg1<void, void>::FunctionPointerArg1(void (*)())
                0x00001b30                mbed::FunctionPointerArg1<void, void>::FunctionPointerArg1(void (*)())
 .text._ZN4mbed19FunctionPointerArg1IvvE6attachEPFvvE
                0x00001b4c       0x20 ./FrequencyCounter.o
                0x00001b4c                mbed::FunctionPointerArg1<void, void>::attach(void (*)())
 .text._ZN4mbed11InterruptIn4fallI16FrequencyCounterEEvPT_MS3_FvvE
                0x00001b6c       0x34 ./FrequencyCounter.o
                0x00001b6c                void mbed::InterruptIn::fall<FrequencyCounter>(FrequencyCounter*, void (FrequencyCounter::*)())
 .text._ZN4mbed11InterruptIn4riseI16FrequencyCounterEEvPT_MS3_FvvE
                0x00001ba0       0x34 ./FrequencyCounter.o
                0x00001ba0                void mbed::InterruptIn::rise<FrequencyCounter>(FrequencyCounter*, void (FrequencyCounter::*)())
 .text._ZN4mbed6Ticker9attach_usI16FrequencyCounterEEvPT_MS3_FvvEm
                0x00001bd4       0x30 ./FrequencyCounter.o
                0x00001bd4                void mbed::Ticker::attach_us<FrequencyCounter>(FrequencyCounter*, void (FrequencyCounter::*)(), unsigned long)
 .text._ZN4mbed19FunctionPointerArg1IvvE6attachI16FrequencyCounterEEvPT_MS4_FvvE
                0x00001c04       0x3c ./FrequencyCounter.o
                0x00001c04                void mbed::FunctionPointerArg1<void, void>::attach<FrequencyCounter>(FrequencyCounter*, void (FrequencyCounter::*)())
 .text._ZN4mbed19FunctionPointerArg1IvvE12membercallerI16FrequencyCounterEEvPvPj
                0x00001c40       0x50 ./FrequencyCounter.o
                0x00001c40                void mbed::FunctionPointerArg1<void, void>::membercaller<FrequencyCounter>(void*, unsigned int*)
 .text._ZN4mbed7TimeoutD2Ev
                0x00001c90       0x30 ./FrequencyCounter.o
                0x00001c90                mbed::Timeout::~Timeout()
                0x00001c90                mbed::Timeout::~Timeout()
 .text._ZN4mbed7TimeoutD0Ev
                0x00001cc0       0x20 ./FrequencyCounter.o
                0x00001cc0                mbed::Timeout::~Timeout()
 .text._ZN7PulseInC2E7PinNameNS_11MeasureTypeEji
                0x00001ce0       0x5c ./PulseIn.o
                0x00001ce0                PulseIn::PulseIn(PinName, PulseIn::MeasureType, unsigned int, int)
                0x00001ce0                PulseIn::PulseIn(PinName, PulseIn::MeasureType, unsigned int, int)
 .text._ZN7PulseInD2Ev
                0x00001d3c       0x3c ./PulseIn.o
                0x00001d3c                PulseIn::~PulseIn()
                0x00001d3c                PulseIn::~PulseIn()
 .text._ZN7PulseInD0Ev
                0x00001d78       0x20 ./PulseIn.o
                0x00001d78                PulseIn::~PulseIn()
 .text._ZN7PulseIn6configENS_11MeasureTypeEji
                0x00001d98       0x3c ./PulseIn.o
                0x00001d98                PulseIn::config(PulseIn::MeasureType, unsigned int, int)
 .text._ZN7PulseIn5startEv
                0x00001dd4       0x80 ./PulseIn.o
                0x00001dd4                PulseIn::start()
 .text._ZN7PulseIn4stopEv
                0x00001e54       0x4c ./PulseIn.o
                0x00001e54                PulseIn::stop()
 .text._ZN7PulseIn13timeoutDetashEv
                0x00001ea0       0x38 ./PulseIn.o
                0x00001ea0                PulseIn::timeoutDetash()
 .text._ZN7PulseIn7getTimeEv
                0x00001ed8       0xc0 ./PulseIn.o
                0x00001ed8                PulseIn::getTime()
 .text._ZN4mbed11InterruptIn4riseI7PulseInEEvPT_MS3_FvvE
                0x00001f98       0x34 ./PulseIn.o
                0x00001f98                void mbed::InterruptIn::rise<PulseIn>(PulseIn*, void (PulseIn::*)())
 .text._ZN4mbed11InterruptIn4fallI7PulseInEEvPT_MS3_FvvE
                0x00001fcc       0x34 ./PulseIn.o
                0x00001fcc                void mbed::InterruptIn::fall<PulseIn>(PulseIn*, void (PulseIn::*)())
 .text._ZN4mbed6Ticker9attach_usI7PulseInEEvPT_MS3_FvvEm
                0x00002000       0x30 ./PulseIn.o
                0x00002000                void mbed::Ticker::attach_us<PulseIn>(PulseIn*, void (PulseIn::*)(), unsigned long)
 .text._ZN4mbed19FunctionPointerArg1IvvE6attachI7PulseInEEvPT_MS4_FvvE
                0x00002030       0x3c ./PulseIn.o
                0x00002030                void mbed::FunctionPointerArg1<void, void>::attach<PulseIn>(PulseIn*, void (PulseIn::*)())
 .text._ZN4mbed19FunctionPointerArg1IvvE12membercallerI7PulseInEEvPvPj
                0x0000206c       0x50 ./PulseIn.o
                0x0000206c                void mbed::FunctionPointerArg1<void, void>::membercaller<PulseIn>(void*, unsigned int*)
 .text._ZNK11ReadingData7getTimeEv
                0x000020bc       0x18 ./ReadingData.o
                0x000020bc                ReadingData::getTime() const
 .text._ZN11ReadingData7setTimeEl
                0x000020d4       0x1c ./ReadingData.o
                0x000020d4                ReadingData::setTime(long)
 .text._ZN11ReadingData17getParameterValueEh
                0x000020f0       0x30 ./ReadingData.o
                0x000020f0                ReadingData::getParameterValue(unsigned char)
 .text._ZNK11ReadingData6getCRCEv
                0x00002120       0x1c ./ReadingData.o
                0x00002120                ReadingData::getCRC() const
 .text._ZN11ReadingData6setCRCEm
                0x0000213c       0x1c ./ReadingData.o
                0x0000213c                ReadingData::setCRC(unsigned long)
 .text._ZN11ReadingDataC2Ev
                0x00002158      0x108 ./ReadingData.o
                0x00002158                ReadingData::ReadingData()
                0x00002158                ReadingData::ReadingData()
 .text._ZN11ReadingDataD2Ev
                0x00002260       0x28 ./ReadingData.o
                0x00002260                ReadingData::~ReadingData()
                0x00002260                ReadingData::~ReadingData()
 .text._ZN11ReadingDataD0Ev
                0x00002288       0x20 ./ReadingData.o
                0x00002288                ReadingData::~ReadingData()
 .text._ZN11ReadingData4saveEPKc
                0x000022a8       0x78 ./ReadingData.o
                0x000022a8                ReadingData::save(char const*)
 .text._ZN11ReadingData12calculateCRCEv
                0x00002320       0x44 ./ReadingData.o
                0x00002320                ReadingData::calculateCRC()
 .text._ZN8WatchdogC2Ev
                0x00002364       0x20 ./Watchdog.o
                0x00002364                Watchdog::Watchdog()
                0x00002364                Watchdog::Watchdog()
 .text._ZN8WatchdogD2Ev
                0x00002384       0x28 ./Watchdog.o
                0x00002384                Watchdog::~Watchdog()
                0x00002384                Watchdog::~Watchdog()
 .text._ZN8WatchdogD0Ev
                0x000023ac       0x20 ./Watchdog.o
                0x000023ac                Watchdog::~Watchdog()
 .text._ZN8Watchdog4kickEf
                0x000023cc       0x54 ./Watchdog.o
                0x000023cc                Watchdog::kick(float)
 .text._ZN8Watchdog4kickEv
                0x00002420       0x24 ./Watchdog.o
                0x00002420                Watchdog::kick()
 .text._ZN4mbed8AnalogInC2E7PinName
                0x00002444       0x20 ./WeatherStation.o
                0x00002444                mbed::AnalogIn::AnalogIn(PinName)
                0x00002444                mbed::AnalogIn::AnalogIn(PinName)
 .text._ZN4mbed8AnalogIn4readEv
                0x00002464       0x1c ./WeatherStation.o
                0x00002464                mbed::AnalogIn::read()
 .text._ZN4mbed15LocalFileSystemC2EPKc
                0x00002480       0x28 ./WeatherStation.o
                0x00002480                mbed::LocalFileSystem::LocalFileSystem(char const*)
                0x00002480                mbed::LocalFileSystem::LocalFileSystem(char const*)
 .text._Z5Sleepv
                0x000024a8       0x10 ./WeatherStation.o
                0x000024a8                Sleep()
 .text._ZN10AnemometerC2E7PinName
                0x000024b8       0x34 ./WeatherStation.o
                0x000024b8                Anemometer::Anemometer(PinName)
                0x000024b8                Anemometer::Anemometer(PinName)
 .text._ZN10AnemometerD2Ev
                0x000024ec       0x30 ./WeatherStation.o
                0x000024ec                Anemometer::~Anemometer()
                0x000024ec                Anemometer::~Anemometer()
 .text._ZN10AnemometerD0Ev
                0x0000251c       0x20 ./WeatherStation.o
                0x0000251c                Anemometer::~Anemometer()
 .text._ZN10Anemometer4readEv
                0x0000253c       0x24 ./WeatherStation.o
                0x0000253c                Anemometer::read()
 .text._ZN11PluviometerC2Ev
                0x00002560       0x34 ./WeatherStation.o
                0x00002560                Pluviometer::Pluviometer()
                0x00002560                Pluviometer::Pluviometer()
 .text._ZN11PluviometerD2Ev
                0x00002594       0x30 ./WeatherStation.o
                0x00002594                Pluviometer::~Pluviometer()
                0x00002594                Pluviometer::~Pluviometer()
 .text._ZN11PluviometerD0Ev
                0x000025c4       0x20 ./WeatherStation.o
                0x000025c4                Pluviometer::~Pluviometer()
 *fill*         0x000025e4        0x4 
 .text._ZN11Pluviometer4readEv
                0x000025e8       0x48 ./WeatherStation.o
                0x000025e8                Pluviometer::read()
 .text._ZN11ReadingData13setAnemometerEf
                0x00002630       0x1c ./WeatherStation.o
                0x00002630                ReadingData::setAnemometer(float)
 .text._ZN11ReadingData14setPluviometerEf
                0x0000264c       0x1c ./WeatherStation.o
                0x0000264c                ReadingData::setPluviometer(float)
 .text._ZN11ReadingData10setWettingEf
                0x00002668       0x1c ./WeatherStation.o
                0x00002668                ReadingData::setWetting(float)
 .text._ZN11ReadingData14setTemperatureEf
                0x00002684       0x1c ./WeatherStation.o
                0x00002684                ReadingData::setTemperature(float)
 .text._ZN11ReadingData11setHumidityEf
                0x000026a0       0x1c ./WeatherStation.o
                0x000026a0                ReadingData::setHumidity(float)
 .text._ZN11ReadingData17setSoilTemperaureEf
                0x000026bc       0x1c ./WeatherStation.o
                0x000026bc                ReadingData::setSoilTemperaure(float)
 .text._ZN11ReadingData15setSoilHumidityEf
                0x000026d8       0x1c ./WeatherStation.o
                0x000026d8                ReadingData::setSoilHumidity(float)
 .text._ZN11ReadingData17setSolarRadiationEf
                0x000026f4       0x1c ./WeatherStation.o
                0x000026f4                ReadingData::setSolarRadiation(float)
 .text._ZN11ReadingData17setBatteryVoltageEf
                0x00002710       0x1c ./WeatherStation.o
                0x00002710                ReadingData::setBatteryVoltage(float)
 .text._ZN11ReadingData16getParameterNameEh
                0x0000272c       0x2c ./WeatherStation.o
                0x0000272c                ReadingData::getParameterName(unsigned char)
 .text._ZNK20WeatherStationConfig18getReadingIntervalEv
                0x00002758       0x18 ./WeatherStation.o
                0x00002758                WeatherStationConfig::getReadingInterval() const
 .text._ZNK20WeatherStationConfig11getSendTimeEv
                0x00002770       0x18 ./WeatherStation.o
                0x00002770                WeatherStationConfig::getSendTime() const
 .text._ZNK20WeatherStationConfig15getWatchdogTimeEv
                0x00002788       0x18 ./WeatherStation.o
                0x00002788                WeatherStationConfig::getWatchdogTime() const
 .text._ZN3GPSD2Ev
                0x000027a0       0x20 ./WeatherStation.o
                0x000027a0                GPS::~GPS()
                0x000027a0                GPS::~GPS()
 .text._ZN14WeatherStationC2Ev
                0x000027c0      0x168 ./WeatherStation.o
                0x000027c0                WeatherStation::WeatherStation()
                0x000027c0                WeatherStation::WeatherStation()
 .text._ZN14WeatherStationD2Ev
                0x00002928       0x80 ./WeatherStation.o
                0x00002928                WeatherStation::~WeatherStation()
                0x00002928                WeatherStation::~WeatherStation()
 .text._ZN14WeatherStationD0Ev
                0x000029a8       0x20 ./WeatherStation.o
                0x000029a8                WeatherStation::~WeatherStation()
 .text._ZN14WeatherStation7destroyEv
                0x000029c8       0x18 ./WeatherStation.o
                0x000029c8                WeatherStation::destroy()
 .text._ZN14WeatherStation11getInstanceEv
                0x000029e0       0x2c ./WeatherStation.o
                0x000029e0                WeatherStation::getInstance()
 .text._ZN14WeatherStation5startEv
                0x00002a0c       0xa8 ./WeatherStation.o
                0x00002a0c                WeatherStation::start()
 .text._ZN14WeatherStation4initEv
                0x00002ab4       0x98 ./WeatherStation.o
                0x00002ab4                WeatherStation::init()
 .text._ZN14WeatherStation6configEv
                0x00002b4c       0x64 ./WeatherStation.o
                0x00002b4c                WeatherStation::config()
 .text._ZN14WeatherStation14reloadWatchdogEv
                0x00002bb0       0x5c ./WeatherStation.o
                0x00002bb0                WeatherStation::reloadWatchdog()
 .text._ZN14WeatherStation12isTimeToReadEv
                0x00002c0c       0xa8 ./WeatherStation.o
                0x00002c0c                WeatherStation::isTimeToRead()
 .text._ZN14WeatherStation12isTimeToSendEv
                0x00002cb4       0x88 ./WeatherStation.o
                0x00002cb4                WeatherStation::isTimeToSend()
 *fill*         0x00002d3c        0x4 
 .text._ZN14WeatherStation10readSensorEiffff
                0x00002d40      0x1bc ./WeatherStation.o
                0x00002d40                WeatherStation::readSensor(int, float, float, float, float)
 .text._ZN14WeatherStation11readSensorsEv
                0x00002efc      0x2e8 ./WeatherStation.o
                0x00002efc                WeatherStation::readSensors()
 .text._ZN14WeatherStation7readGPSEv
                0x000031e4       0xe8 ./WeatherStation.o
                0x000031e4                WeatherStation::readGPS()
 .text._ZN14WeatherStation9_saveDataEv
                0x000032cc       0x64 ./WeatherStation.o
                0x000032cc                WeatherStation::_saveData()
 .text._ZN14WeatherStation8saveDataEv
                0x00003330       0x68 ./WeatherStation.o
                0x00003330                WeatherStation::saveData()
 .text._ZN14WeatherStation5_sendEv
                0x00003398       0x64 ./WeatherStation.o
                0x00003398                WeatherStation::_send()
 .text._ZN14WeatherStation4sendEv
                0x000033fc       0x24 ./WeatherStation.o
                0x000033fc                WeatherStation::send()
 .text._ZN14WeatherStation8blinkLEDE7PinNamehi
                0x00003420       0x94 ./WeatherStation.o
                0x00003420                WeatherStation::blinkLED(PinName, unsigned char, int)
 .text._ZN14WeatherStation9powerMbedENS_7_EnergyE
                0x000034b4       0x3c ./WeatherStation.o
                0x000034b4                WeatherStation::powerMbed(WeatherStation::_Energy)
 .text._ZN14WeatherStation12powerBatteryENS_7_EnergyE
                0x000034f0       0x3c ./WeatherStation.o
                0x000034f0                WeatherStation::powerBattery(WeatherStation::_Energy)
 .text._ZN14WeatherStation8powerGPSENS_7_EnergyE
                0x0000352c       0x3c ./WeatherStation.o
                0x0000352c                WeatherStation::powerGPS(WeatherStation::_Energy)
 .text._ZN14WeatherStation13printDataInfoEP11ReadingDataPKc
                0x00003568       0x9c ./WeatherStation.o
                0x00003568                WeatherStation::printDataInfo(ReadingData*, char const*)
 .text._ZN14WeatherStation8setStateENS_6StatesE
                0x00003604       0x68 ./WeatherStation.o
                0x00003604                WeatherStation::setState(WeatherStation::States)
 .text._ZN4mbed15LocalFileSystemD2Ev
                0x0000366c       0x30 ./WeatherStation.o
                0x0000366c                mbed::LocalFileSystem::~LocalFileSystem()
                0x0000366c                mbed::LocalFileSystem::~LocalFileSystem()
 .text._ZN4mbed15LocalFileSystemD0Ev
                0x0000369c       0x20 ./WeatherStation.o
                0x0000369c                mbed::LocalFileSystem::~LocalFileSystem()
 .text._ZN20WeatherStationConfig16setReadingConfigEhh
                0x000036bc       0x64 ./WeatherStationConfig.o
                0x000036bc                WeatherStationConfig::setReadingConfig(unsigned char, unsigned char)
 .text._ZN20WeatherStationConfig18setReadingIntervalENS_15ReadingUnitTypeEf
                0x00003720      0x100 ./WeatherStationConfig.o
                0x00003720                WeatherStationConfig::setReadingInterval(WeatherStationConfig::ReadingUnitType, float)
 .text._ZN20WeatherStationConfig11setSendTimeEPKc
                0x00003820       0x4c ./WeatherStationConfig.o
                0x00003820                WeatherStationConfig::setSendTime(char const*)
 .text._ZN20WeatherStationConfig15setWatchdogTimeEf
                0x0000386c       0x90 ./WeatherStationConfig.o
                0x0000386c                WeatherStationConfig::setWatchdogTime(float)
 .text._ZNK20WeatherStationConfig28getDefaultMinCorrectReadingsEv
                0x000038fc       0x18 ./WeatherStationConfig.o
                0x000038fc                WeatherStationConfig::getDefaultMinCorrectReadings() const
 .text._ZNK20WeatherStationConfig13getLowerBoundEh
                0x00003914       0x38 ./WeatherStationConfig.o
                0x00003914                WeatherStationConfig::getLowerBound(unsigned char) const
 .text._ZNK20WeatherStationConfig13getUpperBoundEh
                0x0000394c       0x1c ./WeatherStationConfig.o
                0x0000394c                WeatherStationConfig::getUpperBound(unsigned char) const
 .text._ZN20WeatherStationConfig22resetToDefaultSendTimeEv
                0x00003968       0x34 ./WeatherStationConfig.o
                0x00003968                WeatherStationConfig::resetToDefaultSendTime()
 .text._ZN20WeatherStationConfigC2Ev
                0x0000399c       0x5c ./WeatherStationConfig.o
                0x0000399c                WeatherStationConfig::WeatherStationConfig()
                0x0000399c                WeatherStationConfig::WeatherStationConfig()
 .text._ZN20WeatherStationConfigD2Ev
                0x000039f8       0x34 ./WeatherStationConfig.o
                0x000039f8                WeatherStationConfig::~WeatherStationConfig()
                0x000039f8                WeatherStationConfig::~WeatherStationConfig()
 .text._ZN20WeatherStationConfigD0Ev
                0x00003a2c       0x20 ./WeatherStationConfig.o
                0x00003a2c                WeatherStationConfig::~WeatherStationConfig()
 .text._ZN20WeatherStationConfig11convertUnitEPKc
                0x00003a4c       0x58 ./WeatherStationConfig.o
                0x00003a4c                WeatherStationConfig::convertUnit(char const*)
 .text._ZN20WeatherStationConfig12loadFromListEv
                0x00003aa4      0x144 ./WeatherStationConfig.o
                0x00003aa4                WeatherStationConfig::loadFromList()
 .text._ZN20WeatherStationConfig10saveToListEv
                0x00003be8      0x23c ./WeatherStationConfig.o
                0x00003be8                WeatherStationConfig::saveToList()
 .text._ZN20WeatherStationConfig12loadFromFileEPKc
                0x00003e24      0x138 ./WeatherStationConfig.o
                0x00003e24                WeatherStationConfig::loadFromFile(char const*)
 .text._ZN20WeatherStationConfig10saveToFileEPKcS1_NS_10FileFormatE
                0x00003f5c       0xc8 ./WeatherStationConfig.o
                0x00003f5c                WeatherStationConfig::saveToFile(char const*, char const*, WeatherStationConfig::FileFormat)
 .text._ZN20WeatherStationConfig9checkTimeEiii
                0x00004024       0x4c ./WeatherStationConfig.o
                0x00004024                WeatherStationConfig::checkTime(int, int, int)
 .text._ZN20WeatherStationConfig9checkTimeEPKc
                0x00004070       0x58 ./WeatherStationConfig.o
                0x00004070                WeatherStationConfig::checkTime(char const*)
 .text._ZN7WettingC2E7PinNameS0_S0_
                0x000040c8       0x74 ./Wetting.o
                0x000040c8                Wetting::Wetting(PinName, PinName, PinName)
                0x000040c8                Wetting::Wetting(PinName, PinName, PinName)
 .text._ZN7WettingD2Ev
                0x0000413c       0x28 ./Wetting.o
                0x0000413c                Wetting::~Wetting()
                0x0000413c                Wetting::~Wetting()
 .text._ZN7WettingD0Ev
                0x00004164       0x20 ./Wetting.o
                0x00004164                Wetting::~Wetting()
 .text._ZN7Wetting6configEfiff
                0x00004184       0x58 ./Wetting.o
                0x00004184                Wetting::config(float, int, float, float)
 .text._ZN7Wetting4readEv
                0x000041dc      0x120 ./Wetting.o
                0x000041dc                Wetting::read()
 .text.main     0x000042fc       0x34 ./main.o
                0x000042fc                main
 .text._Z41__static_initialization_and_destruction_0ii
                0x00004330       0x5c ./main.o
 .text._GLOBAL__sub_I_myled
                0x0000438c       0x10 ./main.o
 .text.mbed_die
                0x0000439c      0x10c C:/-WeatherStation/EstacaoMet/mbed/TARGET_LPC1768/TOOLCHAIN_GCC_CR/board.o
                0x0000439c                mbed_die
 .text.NVIC_SetVector
                0x000044a8       0x3c C:/-WeatherStation/EstacaoMet/mbed/TARGET_LPC1768/TOOLCHAIN_GCC_CR/cmsis_nvic.o
                0x000044a8                NVIC_SetVector
 .text._ZN4mbed10FileHandle4flenEv
                0x000044e4       0x34 C:/-WeatherStation/EstacaoMet/mbed/TARGET_LPC1768/TOOLCHAIN_GCC_CR/retarget.o
                0x000044e4                mbed::FileHandle::flen()
 .text._ZN4mbed10FileHandleD2Ev
                0x00004518       0x2c C:/-WeatherStation/EstacaoMet/mbed/TARGET_LPC1768/TOOLCHAIN_GCC_CR/retarget.o
                0x00004518                mbed::FileHandle::~FileHandle()
                0x00004518                mbed::FileHandle::~FileHandle()
 .text._ZN4mbed10FileHandleD0Ev
                0x00004544       0x34 C:/-WeatherStation/EstacaoMet/mbed/TARGET_LPC1768/TOOLCHAIN_GCC_CR/retarget.o
                0x00004544                mbed::FileHandle::~FileHandle()
 .text._ZL11init_serialv.part.0
                0x00004578       0x18 C:/-WeatherStation/EstacaoMet/mbed/TARGET_LPC1768/TOOLCHAIN_GCC_CR/retarget.o
 .text._open    0x00004590       0xf8 C:/-WeatherStation/EstacaoMet/mbed/TARGET_LPC1768/TOOLCHAIN_GCC_CR/retarget.o
                0x00004590                _open
 .text._close   0x00004688       0x2c C:/-WeatherStation/EstacaoMet/mbed/TARGET_LPC1768/TOOLCHAIN_GCC_CR/retarget.o
                0x00004688                _close
 .text._write   0x000046b4       0x50 C:/-WeatherStation/EstacaoMet/mbed/TARGET_LPC1768/TOOLCHAIN_GCC_CR/retarget.o
                0x000046b4                _write
 .text._read    0x00004704       0x4c C:/-WeatherStation/EstacaoMet/mbed/TARGET_LPC1768/TOOLCHAIN_GCC_CR/retarget.o
                0x00004704                _read
 .text._isatty  0x00004750       0x28 C:/-WeatherStation/EstacaoMet/mbed/TARGET_LPC1768/TOOLCHAIN_GCC_CR/retarget.o
                0x00004750                _isatty
 .text._lseek   0x00004778       0x28 C:/-WeatherStation/EstacaoMet/mbed/TARGET_LPC1768/TOOLCHAIN_GCC_CR/retarget.o
                0x00004778                _lseek
 .text._fstat   0x000047a0       0x20 C:/-WeatherStation/EstacaoMet/mbed/TARGET_LPC1768/TOOLCHAIN_GCC_CR/retarget.o
                0x000047a0                _fstat
 .text.exit     0x000047c0       0x30 C:/-WeatherStation/EstacaoMet/mbed/TARGET_LPC1768/TOOLCHAIN_GCC_CR/retarget.o
                0x000047c0                exit
 .text.__cxa_pure_virtual
                0x000047f0        0x8 C:/-WeatherStation/EstacaoMet/mbed/TARGET_LPC1768/TOOLCHAIN_GCC_CR/retarget.o
                0x000047f0                __cxa_pure_virtual
 .text._ZN4mbed26mbed_set_unbuffered_streamEP7__sFILE
                0x000047f8        0x8 C:/-WeatherStation/EstacaoMet/mbed/TARGET_LPC1768/TOOLCHAIN_GCC_CR/retarget.o
                0x000047f8                mbed::mbed_set_unbuffered_stream(__sFILE*)
 .text._ZN4mbed9mbed_getcEP7__sFILE
                0x00004800        0x4 C:/-WeatherStation/EstacaoMet/mbed/TARGET_LPC1768/TOOLCHAIN_GCC_CR/retarget.o
                0x00004800                mbed::mbed_getc(__sFILE*)
 .text.__aeabi_atexit
                0x00004804        0x4 C:/-WeatherStation/EstacaoMet/mbed/TARGET_LPC1768/TOOLCHAIN_GCC_CR/startup_LPC17xx.o
                0x00004804                __aeabi_atexit
 .text._Znwj    0x00004808        0x4 C:/-WeatherStation/EstacaoMet/mbed/TARGET_LPC1768/TOOLCHAIN_GCC_CR/startup_LPC17xx.o
                0x00004808                operator new(unsigned int)
 .text._ZdlPv   0x0000480c        0x4 C:/-WeatherStation/EstacaoMet/mbed/TARGET_LPC1768/TOOLCHAIN_GCC_CR/startup_LPC17xx.o
                0x0000480c                operator delete(void*)
 .text.SystemInit
                0x00004810       0xb8 C:/-WeatherStation/EstacaoMet/mbed/TARGET_LPC1768/TOOLCHAIN_GCC_CR/system_LPC17xx.o
                0x00004810                SystemInit
 .text.analogin_init
                0x000048c8       0x98 C:\-WeatherStation\EstacaoMet\mbed\TARGET_LPC1768\TOOLCHAIN_GCC_CR\libmbed.a(analogin_api.o)
                0x000048c8                analogin_init
 .text.analogin_read
                0x00004960       0xbc C:\-WeatherStation\EstacaoMet\mbed\TARGET_LPC1768\TOOLCHAIN_GCC_CR\libmbed.a(analogin_api.o)
                0x00004960                analogin_read
 .text.gpio_set
                0x00004a1c       0x30 C:\-WeatherStation\EstacaoMet\mbed\TARGET_LPC1768\TOOLCHAIN_GCC_CR\libmbed.a(gpio_api.o)
                0x00004a1c                gpio_set
 .text.gpio_init
                0x00004a4c       0x30 C:\-WeatherStation\EstacaoMet\mbed\TARGET_LPC1768\TOOLCHAIN_GCC_CR\libmbed.a(gpio_api.o)
                0x00004a4c                gpio_init
 .text.gpio_mode
                0x00004a7c        0x8 C:\-WeatherStation\EstacaoMet\mbed\TARGET_LPC1768\TOOLCHAIN_GCC_CR\libmbed.a(gpio_api.o)
                0x00004a7c                gpio_mode
 .text.gpio_dir
                0x00004a84       0x44 C:\-WeatherStation\EstacaoMet\mbed\TARGET_LPC1768\TOOLCHAIN_GCC_CR\libmbed.a(gpio_api.o)
                0x00004a84                gpio_dir
 .text.handle_interrupt_in
                0x00004ac8      0x118 C:\-WeatherStation\EstacaoMet\mbed\TARGET_LPC1768\TOOLCHAIN_GCC_CR\libmbed.a(gpio_irq_api.o)
 .text.gpio_irq_init
                0x00004be0       0x70 C:\-WeatherStation\EstacaoMet\mbed\TARGET_LPC1768\TOOLCHAIN_GCC_CR\libmbed.a(gpio_irq_api.o)
                0x00004be0                gpio_irq_init
 .text.gpio_irq_free
                0x00004c50       0x10 C:\-WeatherStation\EstacaoMet\mbed\TARGET_LPC1768\TOOLCHAIN_GCC_CR\libmbed.a(gpio_irq_api.o)
                0x00004c50                gpio_irq_free
 .text.gpio_irq_set
                0x00004c60       0xd8 C:\-WeatherStation\EstacaoMet\mbed\TARGET_LPC1768\TOOLCHAIN_GCC_CR\libmbed.a(gpio_irq_api.o)
                0x00004c60                gpio_irq_set
 .text.pin_function
                0x00004d38       0x50 C:\-WeatherStation\EstacaoMet\mbed\TARGET_LPC1768\TOOLCHAIN_GCC_CR\libmbed.a(pinmap.o)
                0x00004d38                pin_function
 .text.pin_mode
                0x00004d88       0x78 C:\-WeatherStation\EstacaoMet\mbed\TARGET_LPC1768\TOOLCHAIN_GCC_CR\libmbed.a(pinmap.o)
                0x00004d88                pin_mode
 .text.uart2_irq
                0x00004e00       0x64 C:\-WeatherStation\EstacaoMet\mbed\TARGET_LPC1768\TOOLCHAIN_GCC_CR\libmbed.a(serial_api.o)
                0x00004e00                uart2_irq
 .text.serial_irq_set_internal
                0x00004e64       0xcc C:\-WeatherStation\EstacaoMet\mbed\TARGET_LPC1768\TOOLCHAIN_GCC_CR\libmbed.a(serial_api.o)
 .text.uart0_irq
                0x00004f30       0x64 C:\-WeatherStation\EstacaoMet\mbed\TARGET_LPC1768\TOOLCHAIN_GCC_CR\libmbed.a(serial_api.o)
                0x00004f30                uart0_irq
 .text.uart3_irq
                0x00004f94       0x6c C:\-WeatherStation\EstacaoMet\mbed\TARGET_LPC1768\TOOLCHAIN_GCC_CR\libmbed.a(serial_api.o)
                0x00004f94                uart3_irq
 .text.uart1_irq
                0x00005000       0x64 C:\-WeatherStation\EstacaoMet\mbed\TARGET_LPC1768\TOOLCHAIN_GCC_CR\libmbed.a(serial_api.o)
                0x00005000                uart1_irq
 .text.serial_baud
                0x00005064      0x244 C:\-WeatherStation\EstacaoMet\mbed\TARGET_LPC1768\TOOLCHAIN_GCC_CR\libmbed.a(serial_api.o)
                0x00005064                serial_baud
 .text.serial_format
                0x000052a8       0x78 C:\-WeatherStation\EstacaoMet\mbed\TARGET_LPC1768\TOOLCHAIN_GCC_CR\libmbed.a(serial_api.o)
                0x000052a8                serial_format
 .text.serial_irq_handler
                0x00005320       0x20 C:\-WeatherStation\EstacaoMet\mbed\TARGET_LPC1768\TOOLCHAIN_GCC_CR\libmbed.a(serial_api.o)
                0x00005320                serial_irq_handler
 .text.serial_getc
                0x00005340       0x38 C:\-WeatherStation\EstacaoMet\mbed\TARGET_LPC1768\TOOLCHAIN_GCC_CR\libmbed.a(serial_api.o)
                0x00005340                serial_getc
 .text.serial_writable
                0x00005378       0x74 C:\-WeatherStation\EstacaoMet\mbed\TARGET_LPC1768\TOOLCHAIN_GCC_CR\libmbed.a(serial_api.o)
                0x00005378                serial_writable
 .text.serial_putc
                0x000053ec       0x34 C:\-WeatherStation\EstacaoMet\mbed\TARGET_LPC1768\TOOLCHAIN_GCC_CR\libmbed.a(serial_api.o)
                0x000053ec                serial_putc
 .text.serial_set_flow_control
                0x00005420      0x12c C:\-WeatherStation\EstacaoMet\mbed\TARGET_LPC1768\TOOLCHAIN_GCC_CR\libmbed.a(serial_api.o)
                0x00005420                serial_set_flow_control
 .text.serial_init
                0x0000554c      0x1bc C:\-WeatherStation\EstacaoMet\mbed\TARGET_LPC1768\TOOLCHAIN_GCC_CR\libmbed.a(serial_api.o)
                0x0000554c                serial_init
 .text._ZN4mbed8FilePathC2EPKc
                0x00005708       0x58 C:\-WeatherStation\EstacaoMet\mbed\TARGET_LPC1768\TOOLCHAIN_GCC_CR\libmbed.a(FilePath.o)
                0x00005708                mbed::FilePath::FilePath(char const*)
                0x00005708                mbed::FilePath::FilePath(char const*)
 .text._ZN4mbed8FilePath8fileNameEv
                0x00005760        0x4 C:\-WeatherStation\EstacaoMet\mbed\TARGET_LPC1768\TOOLCHAIN_GCC_CR\libmbed.a(FilePath.o)
                0x00005760                mbed::FilePath::fileName()
 .text._ZN4mbed8FilePath10fileSystemEv
                0x00005764       0x18 C:\-WeatherStation\EstacaoMet\mbed\TARGET_LPC1768\TOOLCHAIN_GCC_CR\libmbed.a(FilePath.o)
                0x00005764                mbed::FilePath::fileSystem()
 .text._ZN4mbed8FilePath6isFileEv
                0x0000577c       0x14 C:\-WeatherStation\EstacaoMet\mbed\TARGET_LPC1768\TOOLCHAIN_GCC_CR\libmbed.a(FilePath.o)
                0x0000577c                mbed::FilePath::isFile()
 .text._ZN4mbed8FilePath4fileEv
                0x00005790       0x1c C:\-WeatherStation\EstacaoMet\mbed\TARGET_LPC1768\TOOLCHAIN_GCC_CR\libmbed.a(FilePath.o)
                0x00005790                mbed::FilePath::file()
 .text._ZN4mbed8FilePath6existsEv
                0x000057ac        0xc C:\-WeatherStation\EstacaoMet\mbed\TARGET_LPC1768\TOOLCHAIN_GCC_CR\libmbed.a(FilePath.o)
                0x000057ac                mbed::FilePath::exists()
 .text._ZN4mbed9DirHandle7telldirEv
                0x000057b8        0x8 C:\-WeatherStation\EstacaoMet\mbed\TARGET_LPC1768\TOOLCHAIN_GCC_CR\libmbed.a(FileSystemLike.o)
                0x000057b8                mbed::DirHandle::telldir()
 .text._ZN4mbed9DirHandle7seekdirEl
                0x000057c0        0x4 C:\-WeatherStation\EstacaoMet\mbed\TARGET_LPC1768\TOOLCHAIN_GCC_CR\libmbed.a(FileSystemLike.o)
                0x000057c0                mbed::DirHandle::seekdir(long)
 .text._ZN4mbed9DirHandleD2Ev
                0x000057c4        0xc C:\-WeatherStation\EstacaoMet\mbed\TARGET_LPC1768\TOOLCHAIN_GCC_CR\libmbed.a(FileSystemLike.o)
                0x000057c4                mbed::DirHandle::~DirHandle()
                0x000057c4                mbed::DirHandle::~DirHandle()
 .text._ZN4mbed14FileSystemLike6removeEPKc
                0x000057d0        0x8 C:\-WeatherStation\EstacaoMet\mbed\TARGET_LPC1768\TOOLCHAIN_GCC_CR\libmbed.a(FileSystemLike.o)
                0x000057d0                mbed::FileSystemLike::remove(char const*)
 .text._ZN4mbed14FileSystemLike6renameEPKcS2_
                0x000057d8        0x8 C:\-WeatherStation\EstacaoMet\mbed\TARGET_LPC1768\TOOLCHAIN_GCC_CR\libmbed.a(FileSystemLike.o)
                0x000057d8                mbed::FileSystemLike::rename(char const*, char const*)
 .text._ZN4mbed14FileSystemLike7opendirEPKc
                0x000057e0        0x4 C:\-WeatherStation\EstacaoMet\mbed\TARGET_LPC1768\TOOLCHAIN_GCC_CR\libmbed.a(FileSystemLike.o)
                0x000057e0                mbed::FileSystemLike::opendir(char const*)
 .text._ZN4mbed14FileSystemLike5mkdirEPKcj
                0x000057e4        0x8 C:\-WeatherStation\EstacaoMet\mbed\TARGET_LPC1768\TOOLCHAIN_GCC_CR\libmbed.a(FileSystemLike.o)
                0x000057e4                mbed::FileSystemLike::mkdir(char const*, unsigned int)
 .text._ZN4mbed9DirHandleD0Ev
                0x000057ec       0x14 C:\-WeatherStation\EstacaoMet\mbed\TARGET_LPC1768\TOOLCHAIN_GCC_CR\libmbed.a(FileSystemLike.o)
                0x000057ec                mbed::DirHandle::~DirHandle()
 .text._ZN4mbed14FileSystemLikeD2Ev
                0x00005800       0x14 C:\-WeatherStation\EstacaoMet\mbed\TARGET_LPC1768\TOOLCHAIN_GCC_CR\libmbed.a(FileSystemLike.o)
                0x00005800                mbed::FileSystemLike::~FileSystemLike()
                0x00005800                mbed::FileSystemLike::~FileSystemLike()
 .text._ZN4mbed14FileSystemLikeD0Ev
                0x00005814       0x1c C:\-WeatherStation\EstacaoMet\mbed\TARGET_LPC1768\TOOLCHAIN_GCC_CR\libmbed.a(FileSystemLike.o)
                0x00005814                mbed::FileSystemLike::~FileSystemLike()
 .text._ZN4mbed14FileSystemLikeC2EPKc
                0x00005830       0x18 C:\-WeatherStation\EstacaoMet\mbed\TARGET_LPC1768\TOOLCHAIN_GCC_CR\libmbed.a(FileSystemLike.o)
                0x00005830                mbed::FileSystemLike::FileSystemLike(char const*)
                0x00005830                mbed::FileSystemLike::FileSystemLike(char const*)
 .text._ZN4mbed11InterruptInD2Ev
                0x00005848       0x18 C:\-WeatherStation\EstacaoMet\mbed\TARGET_LPC1768\TOOLCHAIN_GCC_CR\libmbed.a(InterruptIn.o)
                0x00005848                mbed::InterruptIn::~InterruptIn()
                0x00005848                mbed::InterruptIn::~InterruptIn()
 .text._ZN4mbed11InterruptInD0Ev
                0x00005860       0x1c C:\-WeatherStation\EstacaoMet\mbed\TARGET_LPC1768\TOOLCHAIN_GCC_CR\libmbed.a(InterruptIn.o)
                0x00005860                mbed::InterruptIn::~InterruptIn()
 .text._ZN4mbed11InterruptIn12_irq_handlerEm14gpio_irq_event
                0x0000587c       0x44 C:\-WeatherStation\EstacaoMet\mbed\TARGET_LPC1768\TOOLCHAIN_GCC_CR\libmbed.a(InterruptIn.o)
                0x0000587c                mbed::InterruptIn::_irq_handler(unsigned long, gpio_irq_event)
 .text._ZN4mbed11InterruptInC2E7PinName
                0x000058c0       0x44 C:\-WeatherStation\EstacaoMet\mbed\TARGET_LPC1768\TOOLCHAIN_GCC_CR\libmbed.a(InterruptIn.o)
                0x000058c0                mbed::InterruptIn::InterruptIn(PinName)
                0x000058c0                mbed::InterruptIn::InterruptIn(PinName)
 .text._ZN4mbed11InterruptIn4modeE7PinMode
                0x00005904        0x8 C:\-WeatherStation\EstacaoMet\mbed\TARGET_LPC1768\TOOLCHAIN_GCC_CR\libmbed.a(InterruptIn.o)
                0x00005904                mbed::InterruptIn::mode(PinMode)
 .text._ZN4mbed11InterruptIn4riseEPFvvE
                0x0000590c       0x20 C:\-WeatherStation\EstacaoMet\mbed\TARGET_LPC1768\TOOLCHAIN_GCC_CR\libmbed.a(InterruptIn.o)
                0x0000590c                mbed::InterruptIn::rise(void (*)())
 .text._ZN4mbed11InterruptIn4fallEPFvvE
                0x0000592c       0x20 C:\-WeatherStation\EstacaoMet\mbed\TARGET_LPC1768\TOOLCHAIN_GCC_CR\libmbed.a(InterruptIn.o)
                0x0000592c                mbed::InterruptIn::fall(void (*)())
 .text._ZN4mbed14LocalDirHandle8closedirEv
                0x0000594c       0x10 C:\-WeatherStation\EstacaoMet\mbed\TARGET_LPC1768\TOOLCHAIN_GCC_CR\libmbed.a(LocalFileSystem.o)
                0x0000594c                mbed::LocalDirHandle::closedir()
 .text._ZN4mbed14LocalDirHandle9rewinddirEv
                0x0000595c        0x8 C:\-WeatherStation\EstacaoMet\mbed\TARGET_LPC1768\TOOLCHAIN_GCC_CR\libmbed.a(LocalFileSystem.o)
                0x0000595c                mbed::LocalDirHandle::rewinddir()
 .text._ZN4mbed14LocalDirHandle7telldirEv
                0x00005964        0x8 C:\-WeatherStation\EstacaoMet\mbed\TARGET_LPC1768\TOOLCHAIN_GCC_CR\libmbed.a(LocalFileSystem.o)
                0x00005964                mbed::LocalDirHandle::telldir()
 .text._ZN4mbed14LocalDirHandle7seekdirEl
                0x0000596c        0x8 C:\-WeatherStation\EstacaoMet\mbed\TARGET_LPC1768\TOOLCHAIN_GCC_CR\libmbed.a(LocalFileSystem.o)
                0x0000596c                mbed::LocalDirHandle::seekdir(long)
 .text._ZN4mbed14LocalDirHandleD2Ev
                0x00005974        0xc C:\-WeatherStation\EstacaoMet\mbed\TARGET_LPC1768\TOOLCHAIN_GCC_CR\libmbed.a(LocalFileSystem.o)
                0x00005974                mbed::LocalDirHandle::~LocalDirHandle()
                0x00005974                mbed::LocalDirHandle::~LocalDirHandle()
 .text._ZN4mbed14LocalDirHandleD0Ev
                0x00005980       0x14 C:\-WeatherStation\EstacaoMet\mbed\TARGET_LPC1768\TOOLCHAIN_GCC_CR\libmbed.a(LocalFileSystem.o)
                0x00005980                mbed::LocalDirHandle::~LocalDirHandle()
 .text._ZN4mbed15LocalFileHandle5closeEv
                0x00005994       0x1c C:\-WeatherStation\EstacaoMet\mbed\TARGET_LPC1768\TOOLCHAIN_GCC_CR\libmbed.a(LocalFileSystem.o)
                0x00005994                mbed::LocalFileHandle::close()
 .text._ZN4mbed15LocalFileHandle5writeEPKvj
                0x000059b0       0x18 C:\-WeatherStation\EstacaoMet\mbed\TARGET_LPC1768\TOOLCHAIN_GCC_CR\libmbed.a(LocalFileSystem.o)
                0x000059b0                mbed::LocalFileHandle::write(void const*, unsigned int)
 .text._ZN4mbed15LocalFileHandle4readEPvj
                0x000059c8       0x18 C:\-WeatherStation\EstacaoMet\mbed\TARGET_LPC1768\TOOLCHAIN_GCC_CR\libmbed.a(LocalFileSystem.o)
                0x000059c8                mbed::LocalFileHandle::read(void*, unsigned int)
 .text._ZN4mbed15LocalFileHandle6isattyEv
                0x000059e0        0x8 C:\-WeatherStation\EstacaoMet\mbed\TARGET_LPC1768\TOOLCHAIN_GCC_CR\libmbed.a(LocalFileSystem.o)
                0x000059e0                mbed::LocalFileHandle::isatty()
 .text._ZN4mbed15LocalFileHandle4flenEv
                0x000059e8        0x8 C:\-WeatherStation\EstacaoMet\mbed\TARGET_LPC1768\TOOLCHAIN_GCC_CR\libmbed.a(LocalFileSystem.o)
                0x000059e8                mbed::LocalFileHandle::flen()
 .text._ZN4mbed15LocalFileHandle5lseekEli
                0x000059f0       0x2c C:\-WeatherStation\EstacaoMet\mbed\TARGET_LPC1768\TOOLCHAIN_GCC_CR\libmbed.a(LocalFileSystem.o)
                0x000059f0                mbed::LocalFileHandle::lseek(long, int)
 .text._ZN4mbed15LocalFileHandle5fsyncEv
                0x00005a1c        0x8 C:\-WeatherStation\EstacaoMet\mbed\TARGET_LPC1768\TOOLCHAIN_GCC_CR\libmbed.a(LocalFileSystem.o)
                0x00005a1c                mbed::LocalFileHandle::fsync()
 .text._ZN4mbed15LocalFileSystem7opendirEPKc
                0x00005a24       0x60 C:\-WeatherStation\EstacaoMet\mbed\TARGET_LPC1768\TOOLCHAIN_GCC_CR\libmbed.a(LocalFileSystem.o)
                0x00005a24                mbed::LocalFileSystem::opendir(char const*)
 .text._ZN4mbed15LocalFileSystem6removeEPKc
                0x00005a84        0x8 C:\-WeatherStation\EstacaoMet\mbed\TARGET_LPC1768\TOOLCHAIN_GCC_CR\libmbed.a(LocalFileSystem.o)
                0x00005a84                mbed::LocalFileSystem::remove(char const*)
 .text._ZN4mbed15LocalFileHandleD2Ev
                0x00005a8c       0x14 C:\-WeatherStation\EstacaoMet\mbed\TARGET_LPC1768\TOOLCHAIN_GCC_CR\libmbed.a(LocalFileSystem.o)
                0x00005a8c                mbed::LocalFileHandle::~LocalFileHandle()
                0x00005a8c                mbed::LocalFileHandle::~LocalFileHandle()
 .text._ZN4mbed15LocalFileHandleD0Ev
                0x00005aa0       0x1c C:\-WeatherStation\EstacaoMet\mbed\TARGET_LPC1768\TOOLCHAIN_GCC_CR\libmbed.a(LocalFileSystem.o)
                0x00005aa0                mbed::LocalFileHandle::~LocalFileHandle()
 .text._ZN4mbed14LocalDirHandle7readdirEv
                0x00005abc       0x48 C:\-WeatherStation\EstacaoMet\mbed\TARGET_LPC1768\TOOLCHAIN_GCC_CR\libmbed.a(LocalFileSystem.o)
                0x00005abc                mbed::LocalDirHandle::readdir()
 .text._ZN4mbed28posix_to_semihost_open_flagsEi
                0x00005b04       0x34 C:\-WeatherStation\EstacaoMet\mbed\TARGET_LPC1768\TOOLCHAIN_GCC_CR\libmbed.a(LocalFileSystem.o)
                0x00005b04                mbed::posix_to_semihost_open_flags(int)
 .text._ZN4mbed15LocalFileSystem4openEPKci
                0x00005b38       0x50 C:\-WeatherStation\EstacaoMet\mbed\TARGET_LPC1768\TOOLCHAIN_GCC_CR\libmbed.a(LocalFileSystem.o)
                0x00005b38                mbed::LocalFileSystem::open(char const*, int)
 .text._ZN4mbed6Serial5_getcEv
                0x00005b88        0x4 C:\-WeatherStation\EstacaoMet\mbed\TARGET_LPC1768\TOOLCHAIN_GCC_CR\libmbed.a(Serial.o)
                0x00005b88                mbed::Serial::_getc()
 .text._ZThn64_N4mbed6Serial5_getcEv
                0x00005b8c        0x8 C:\-WeatherStation\EstacaoMet\mbed\TARGET_LPC1768\TOOLCHAIN_GCC_CR\libmbed.a(Serial.o)
                0x00005b8c                non-virtual thunk to mbed::Serial::_getc()
 .text._ZN4mbed6Serial5_putcEi
                0x00005b94        0x4 C:\-WeatherStation\EstacaoMet\mbed\TARGET_LPC1768\TOOLCHAIN_GCC_CR\libmbed.a(Serial.o)
                0x00005b94                mbed::Serial::_putc(int)
 .text._ZThn64_N4mbed6Serial5_putcEi
                0x00005b98        0x8 C:\-WeatherStation\EstacaoMet\mbed\TARGET_LPC1768\TOOLCHAIN_GCC_CR\libmbed.a(Serial.o)
                0x00005b98                non-virtual thunk to mbed::Serial::_putc(int)
 .text._ZN4mbed6SerialC2E7PinNameS1_PKc
                0x00005ba0       0x30 C:\-WeatherStation\EstacaoMet\mbed\TARGET_LPC1768\TOOLCHAIN_GCC_CR\libmbed.a(Serial.o)
                0x00005ba0                mbed::Serial::Serial(PinName, PinName, char const*)
                0x00005ba0                mbed::Serial::Serial(PinName, PinName, char const*)
 .text._ZN4mbed10SerialBase12_irq_handlerEm9SerialIrq
                0x00005bd0       0x28 C:\-WeatherStation\EstacaoMet\mbed\TARGET_LPC1768\TOOLCHAIN_GCC_CR\libmbed.a(SerialBase.o)
                0x00005bd0                mbed::SerialBase::_irq_handler(unsigned long, SerialIrq)
 .text._ZN4mbed10SerialBaseC2E7PinNameS1_
                0x00005bf8       0x3c C:\-WeatherStation\EstacaoMet\mbed\TARGET_LPC1768\TOOLCHAIN_GCC_CR\libmbed.a(SerialBase.o)
                0x00005bf8                mbed::SerialBase::SerialBase(PinName, PinName)
                0x00005bf8                mbed::SerialBase::SerialBase(PinName, PinName)
 .text._ZN4mbed10SerialBase4baudEi
                0x00005c34       0x10 C:\-WeatherStation\EstacaoMet\mbed\TARGET_LPC1768\TOOLCHAIN_GCC_CR\libmbed.a(SerialBase.o)
                0x00005c34                mbed::SerialBase::baud(int)
 .text._ZN4mbed10SerialBase10_base_getcEv
                0x00005c44        0x8 C:\-WeatherStation\EstacaoMet\mbed\TARGET_LPC1768\TOOLCHAIN_GCC_CR\libmbed.a(SerialBase.o)
                0x00005c44                mbed::SerialBase::_base_getc()
 .text._ZN4mbed10SerialBase10_base_putcEi
                0x00005c4c       0x10 C:\-WeatherStation\EstacaoMet\mbed\TARGET_LPC1768\TOOLCHAIN_GCC_CR\libmbed.a(SerialBase.o)
                0x00005c4c                mbed::SerialBase::_base_putc(int)
 .text._ZN4mbed6Ticker7handlerEv
                0x00005c5c       0x28 C:\-WeatherStation\EstacaoMet\mbed\TARGET_LPC1768\TOOLCHAIN_GCC_CR\libmbed.a(Ticker.o)
                0x00005c5c                mbed::Ticker::handler()
 .text._ZN4mbed6Ticker6detachEv
                0x00005c84       0x10 C:\-WeatherStation\EstacaoMet\mbed\TARGET_LPC1768\TOOLCHAIN_GCC_CR\libmbed.a(Ticker.o)
                0x00005c84                mbed::Ticker::detach()
 .text._ZN4mbed6Ticker5setupEm
                0x00005c94       0x20 C:\-WeatherStation\EstacaoMet\mbed\TARGET_LPC1768\TOOLCHAIN_GCC_CR\libmbed.a(Ticker.o)
                0x00005c94                mbed::Ticker::setup(unsigned long)
 .text._ZN4mbed6Stream5closeEv
                0x00005cb4        0x4 C:\-WeatherStation\EstacaoMet\mbed\TARGET_LPC1768\TOOLCHAIN_GCC_CR\libmbed.a(Stream.o)
                0x00005cb4                mbed::Stream::close()
 .text._ZN4mbed6Stream5writeEPKvj
                0x00005cb8       0x30 C:\-WeatherStation\EstacaoMet\mbed\TARGET_LPC1768\TOOLCHAIN_GCC_CR\libmbed.a(Stream.o)
                0x00005cb8                mbed::Stream::write(void const*, unsigned int)
 .text._ZN4mbed6Stream4readEPvj
                0x00005ce8       0x30 C:\-WeatherStation\EstacaoMet\mbed\TARGET_LPC1768\TOOLCHAIN_GCC_CR\libmbed.a(Stream.o)
                0x00005ce8                mbed::Stream::read(void*, unsigned int)
 .text._ZN4mbed6Stream5lseekEli
                0x00005d18        0x4 C:\-WeatherStation\EstacaoMet\mbed\TARGET_LPC1768\TOOLCHAIN_GCC_CR\libmbed.a(Stream.o)
                0x00005d18                mbed::Stream::lseek(long, int)
 .text._ZN4mbed6Stream6isattyEv
                0x00005d1c        0x4 C:\-WeatherStation\EstacaoMet\mbed\TARGET_LPC1768\TOOLCHAIN_GCC_CR\libmbed.a(Stream.o)
                0x00005d1c                mbed::Stream::isatty()
 .text._ZN4mbed6Stream5fsyncEv
                0x00005d20        0x4 C:\-WeatherStation\EstacaoMet\mbed\TARGET_LPC1768\TOOLCHAIN_GCC_CR\libmbed.a(Stream.o)
                0x00005d20                mbed::Stream::fsync()
 .text._ZN4mbed6Stream4flenEv
                0x00005d24        0x4 C:\-WeatherStation\EstacaoMet\mbed\TARGET_LPC1768\TOOLCHAIN_GCC_CR\libmbed.a(Stream.o)
                0x00005d24                mbed::Stream::flen()
 .text._ZN4mbed6StreamD2Ev
                0x00005d28       0x24 C:\-WeatherStation\EstacaoMet\mbed\TARGET_LPC1768\TOOLCHAIN_GCC_CR\libmbed.a(Stream.o)
                0x00005d28                mbed::Stream::~Stream()
                0x00005d28                mbed::Stream::~Stream()
 .text._ZThn4_N4mbed6StreamD1Ev
                0x00005d4c        0x8 C:\-WeatherStation\EstacaoMet\mbed\TARGET_LPC1768\TOOLCHAIN_GCC_CR\libmbed.a(Stream.o)
                0x00005d4c                non-virtual thunk to mbed::Stream::~Stream()
 .text._ZN4mbed6StreamD0Ev
                0x00005d54       0x14 C:\-WeatherStation\EstacaoMet\mbed\TARGET_LPC1768\TOOLCHAIN_GCC_CR\libmbed.a(Stream.o)
                0x00005d54                mbed::Stream::~Stream()
 .text._ZThn4_N4mbed6StreamD0Ev
                0x00005d68        0x8 C:\-WeatherStation\EstacaoMet\mbed\TARGET_LPC1768\TOOLCHAIN_GCC_CR\libmbed.a(Stream.o)
                0x00005d68                non-virtual thunk to mbed::Stream::~Stream()
 .text._ZN4mbed6StreamC2EPKc
                0x00005d70       0x44 C:\-WeatherStation\EstacaoMet\mbed\TARGET_LPC1768\TOOLCHAIN_GCC_CR\libmbed.a(Stream.o)
                0x00005d70                mbed::Stream::Stream(char const*)
                0x00005d70                mbed::Stream::Stream(char const*)
 .text._ZN4mbed6Stream4getcEv
                0x00005db4       0x14 C:\-WeatherStation\EstacaoMet\mbed\TARGET_LPC1768\TOOLCHAIN_GCC_CR\libmbed.a(Stream.o)
                0x00005db4                mbed::Stream::getc()
 .text._ZN4mbed6Stream6printfEPKcz
                0x00005dc8       0x2c C:\-WeatherStation\EstacaoMet\mbed\TARGET_LPC1768\TOOLCHAIN_GCC_CR\libmbed.a(Stream.o)
                0x00005dc8                mbed::Stream::printf(char const*, ...)
 .text._ZN4mbed7Timeout7handlerEv
                0x00005df4       0x1c C:\-WeatherStation\EstacaoMet\mbed\TARGET_LPC1768\TOOLCHAIN_GCC_CR\libmbed.a(Timeout.o)
                0x00005df4                mbed::Timeout::handler()
 .text._ZN4mbed5Timer9slicetimeEv.part.0
                0x00005e10       0x10 C:\-WeatherStation\EstacaoMet\mbed\TARGET_LPC1768\TOOLCHAIN_GCC_CR\libmbed.a(Timer.o)
 .text._ZN4mbed5TimerC2Ev
                0x00005e20       0x20 C:\-WeatherStation\EstacaoMet\mbed\TARGET_LPC1768\TOOLCHAIN_GCC_CR\libmbed.a(Timer.o)
                0x00005e20                mbed::Timer::Timer()
                0x00005e20                mbed::Timer::Timer()
 .text._ZN4mbed5Timer5startEv
                0x00005e40       0x18 C:\-WeatherStation\EstacaoMet\mbed\TARGET_LPC1768\TOOLCHAIN_GCC_CR\libmbed.a(Timer.o)
                0x00005e40                mbed::Timer::start()
 .text._ZN4mbed5Timer4stopEv
                0x00005e58       0x1c C:\-WeatherStation\EstacaoMet\mbed\TARGET_LPC1768\TOOLCHAIN_GCC_CR\libmbed.a(Timer.o)
                0x00005e58                mbed::Timer::stop()
 .text._ZN4mbed5Timer4readEv
                0x00005e74       0x20 C:\-WeatherStation\EstacaoMet\mbed\TARGET_LPC1768\TOOLCHAIN_GCC_CR\libmbed.a(Timer.o)
                0x00005e74                mbed::Timer::read()
 .text._ZN4mbed5Timer7read_msEv
                0x00005e94       0x24 C:\-WeatherStation\EstacaoMet\mbed\TARGET_LPC1768\TOOLCHAIN_GCC_CR\libmbed.a(Timer.o)
                0x00005e94                mbed::Timer::read_ms()
 .text._ZN4mbed5Timer5resetEv
                0x00005eb8       0x14 C:\-WeatherStation\EstacaoMet\mbed\TARGET_LPC1768\TOOLCHAIN_GCC_CR\libmbed.a(Timer.o)
                0x00005eb8                mbed::Timer::reset()
 .text._ZN4mbed10TimerEvent3irqEm
                0x00005ecc        0xc C:\-WeatherStation\EstacaoMet\mbed\TARGET_LPC1768\TOOLCHAIN_GCC_CR\libmbed.a(TimerEvent.o)
                0x00005ecc                mbed::TimerEvent::irq(unsigned long)
 .text._ZN4mbed10TimerEventD2Ev
                0x00005ed8       0x18 C:\-WeatherStation\EstacaoMet\mbed\TARGET_LPC1768\TOOLCHAIN_GCC_CR\libmbed.a(TimerEvent.o)
                0x00005ed8                mbed::TimerEvent::~TimerEvent()
                0x00005ed8                mbed::TimerEvent::~TimerEvent()
 .text._ZN4mbed10TimerEventD0Ev
                0x00005ef0       0x20 C:\-WeatherStation\EstacaoMet\mbed\TARGET_LPC1768\TOOLCHAIN_GCC_CR\libmbed.a(TimerEvent.o)
                0x00005ef0                mbed::TimerEvent::~TimerEvent()
 .text._ZN4mbed10TimerEventC2Ev
                0x00005f10       0x28 C:\-WeatherStation\EstacaoMet\mbed\TARGET_LPC1768\TOOLCHAIN_GCC_CR\libmbed.a(TimerEvent.o)
                0x00005f10                mbed::TimerEvent::TimerEvent()
                0x00005f10                mbed::TimerEvent::TimerEvent()
 .text._ZN4mbed10TimerEvent6insertEm
                0x00005f38        0xc C:\-WeatherStation\EstacaoMet\mbed\TARGET_LPC1768\TOOLCHAIN_GCC_CR\libmbed.a(TimerEvent.o)
                0x00005f38                mbed::TimerEvent::insert(unsigned long)
 .text._ZN4mbed10TimerEvent6removeEv
                0x00005f44        0xc C:\-WeatherStation\EstacaoMet\mbed\TARGET_LPC1768\TOOLCHAIN_GCC_CR\libmbed.a(TimerEvent.o)
                0x00005f44                mbed::TimerEvent::remove()
 .text.mbed_assert_internal
                0x00005f50       0x18 C:\-WeatherStation\EstacaoMet\mbed\TARGET_LPC1768\TOOLCHAIN_GCC_CR\libmbed.a(assert.o)
                0x00005f50                mbed_assert_internal
 .text.error    0x00005f68       0x24 C:\-WeatherStation\EstacaoMet\mbed\TARGET_LPC1768\TOOLCHAIN_GCC_CR\libmbed.a(error.o)
                0x00005f68                error
 .text.gpio_init_in
                0x00005f8c       0x24 C:\-WeatherStation\EstacaoMet\mbed\TARGET_LPC1768\TOOLCHAIN_GCC_CR\libmbed.a(gpio.o)
                0x00005f8c                gpio_init_in
 .text.gpio_init_out
                0x00005fb0       0x44 C:\-WeatherStation\EstacaoMet\mbed\TARGET_LPC1768\TOOLCHAIN_GCC_CR\libmbed.a(gpio.o)
                0x00005fb0                gpio_init_out
 .text.gpio_init_out_ex
                0x00005ff4       0x54 C:\-WeatherStation\EstacaoMet\mbed\TARGET_LPC1768\TOOLCHAIN_GCC_CR\libmbed.a(gpio.o)
                0x00005ff4                gpio_init_out_ex
 .text.mbed_interface_connected
                0x00006048        0x4 C:\-WeatherStation\EstacaoMet\mbed\TARGET_LPC1768\TOOLCHAIN_GCC_CR\libmbed.a(mbed_interface.o)
                0x00006048                mbed_interface_connected
 .text.pinmap_pinout
                0x0000604c       0x40 C:\-WeatherStation\EstacaoMet\mbed\TARGET_LPC1768\TOOLCHAIN_GCC_CR\libmbed.a(pinmap_common.o)
                0x0000604c                pinmap_pinout
 .text.pinmap_merge
                0x0000608c       0x24 C:\-WeatherStation\EstacaoMet\mbed\TARGET_LPC1768\TOOLCHAIN_GCC_CR\libmbed.a(pinmap_common.o)
                0x0000608c                pinmap_merge
 .text.pinmap_find_peripheral
                0x000060b0       0x1c C:\-WeatherStation\EstacaoMet\mbed\TARGET_LPC1768\TOOLCHAIN_GCC_CR\libmbed.a(pinmap_common.o)
                0x000060b0                pinmap_find_peripheral
 .text.pinmap_peripheral
                0x000060cc       0x34 C:\-WeatherStation\EstacaoMet\mbed\TARGET_LPC1768\TOOLCHAIN_GCC_CR\libmbed.a(pinmap_common.o)
                0x000060cc                pinmap_peripheral
 .text.time     0x00006100       0x44 C:\-WeatherStation\EstacaoMet\mbed\TARGET_LPC1768\TOOLCHAIN_GCC_CR\libmbed.a(rtc_time.o)
                0x00006100                time
 .text.semihost_open
                0x00006144       0x20 C:\-WeatherStation\EstacaoMet\mbed\TARGET_LPC1768\TOOLCHAIN_GCC_CR\libmbed.a(semihost_api.o)
                0x00006144                semihost_open
 .text.semihost_close
                0x00006164       0x1c C:\-WeatherStation\EstacaoMet\mbed\TARGET_LPC1768\TOOLCHAIN_GCC_CR\libmbed.a(semihost_api.o)
                0x00006164                semihost_close
 .text.semihost_write
                0x00006180       0x28 C:\-WeatherStation\EstacaoMet\mbed\TARGET_LPC1768\TOOLCHAIN_GCC_CR\libmbed.a(semihost_api.o)
                0x00006180                semihost_write
 .text.semihost_read
                0x000061a8       0x1c C:\-WeatherStation\EstacaoMet\mbed\TARGET_LPC1768\TOOLCHAIN_GCC_CR\libmbed.a(semihost_api.o)
                0x000061a8                semihost_read
 .text.semihost_istty
                0x000061c4       0x1c C:\-WeatherStation\EstacaoMet\mbed\TARGET_LPC1768\TOOLCHAIN_GCC_CR\libmbed.a(semihost_api.o)
                0x000061c4                semihost_istty
 .text.semihost_seek
                0x000061e0       0x1c C:\-WeatherStation\EstacaoMet\mbed\TARGET_LPC1768\TOOLCHAIN_GCC_CR\libmbed.a(semihost_api.o)
                0x000061e0                semihost_seek
 .text.semihost_ensure
                0x000061fc       0x1c C:\-WeatherStation\EstacaoMet\mbed\TARGET_LPC1768\TOOLCHAIN_GCC_CR\libmbed.a(semihost_api.o)
                0x000061fc                semihost_ensure
 .text.semihost_flen
                0x00006218       0x1c C:\-WeatherStation\EstacaoMet\mbed\TARGET_LPC1768\TOOLCHAIN_GCC_CR\libmbed.a(semihost_api.o)
                0x00006218                semihost_flen
 .text.semihost_remove
                0x00006234       0x20 C:\-WeatherStation\EstacaoMet\mbed\TARGET_LPC1768\TOOLCHAIN_GCC_CR\libmbed.a(semihost_api.o)
                0x00006234                semihost_remove
 .text.semihost_exit
                0x00006254       0x18 C:\-WeatherStation\EstacaoMet\mbed\TARGET_LPC1768\TOOLCHAIN_GCC_CR\libmbed.a(semihost_api.o)
                0x00006254                semihost_exit
 .text.semihost_connected
                0x0000626c       0x10 C:\-WeatherStation\EstacaoMet\mbed\TARGET_LPC1768\TOOLCHAIN_GCC_CR\libmbed.a(semihost_api.o)
                0x0000626c                semihost_connected
 .text.ticker_set_handler
                0x0000627c       0x14 C:\-WeatherStation\EstacaoMet\mbed\TARGET_LPC1768\TOOLCHAIN_GCC_CR\libmbed.a(ticker_api.o)
                0x0000627c                ticker_set_handler
 .text.ticker_irq_handler
                0x00006290       0x48 C:\-WeatherStation\EstacaoMet\mbed\TARGET_LPC1768\TOOLCHAIN_GCC_CR\libmbed.a(ticker_api.o)
                0x00006290                ticker_irq_handler
 .text.ticker_insert_event
                0x000062d8       0x48 C:\-WeatherStation\EstacaoMet\mbed\TARGET_LPC1768\TOOLCHAIN_GCC_CR\libmbed.a(ticker_api.o)
                0x000062d8                ticker_insert_event
 .text.ticker_remove_event
                0x00006320       0x48 C:\-WeatherStation\EstacaoMet\mbed\TARGET_LPC1768\TOOLCHAIN_GCC_CR\libmbed.a(ticker_api.o)
                0x00006320                ticker_remove_event
 .text.ticker_read
                0x00006368        0xc C:\-WeatherStation\EstacaoMet\mbed\TARGET_LPC1768\TOOLCHAIN_GCC_CR\libmbed.a(ticker_api.o)
                0x00006368                ticker_read
 .text.get_us_ticker_data
                0x00006374        0x8 C:\-WeatherStation\EstacaoMet\mbed\TARGET_LPC1768\TOOLCHAIN_GCC_CR\libmbed.a(us_ticker_api.o)
                0x00006374                get_us_ticker_data
 .text.us_ticker_irq_handler
                0x0000637c        0xc C:\-WeatherStation\EstacaoMet\mbed\TARGET_LPC1768\TOOLCHAIN_GCC_CR\libmbed.a(us_ticker_api.o)
                0x0000637c                us_ticker_irq_handler
 .text.wait_us  0x00006388       0x18 C:\-WeatherStation\EstacaoMet\mbed\TARGET_LPC1768\TOOLCHAIN_GCC_CR\libmbed.a(wait_api.o)
                0x00006388                wait_us
 .text.wait     0x000063a0       0x18 C:\-WeatherStation\EstacaoMet\mbed\TARGET_LPC1768\TOOLCHAIN_GCC_CR\libmbed.a(wait_api.o)
                0x000063a0                wait
 .text.wait_ms  0x000063b8        0xc C:\-WeatherStation\EstacaoMet\mbed\TARGET_LPC1768\TOOLCHAIN_GCC_CR\libmbed.a(wait_api.o)
                0x000063b8                wait_ms
 .text.rtc_init
                0x000063c4       0x28 C:\-WeatherStation\EstacaoMet\mbed\TARGET_LPC1768\TOOLCHAIN_GCC_CR\libmbed.a(rtc_api.o)
                0x000063c4                rtc_init
 .text.rtc_isenabled
                0x000063ec       0x10 C:\-WeatherStation\EstacaoMet\mbed\TARGET_LPC1768\TOOLCHAIN_GCC_CR\libmbed.a(rtc_api.o)
                0x000063ec                rtc_isenabled
 .text.rtc_read
                0x000063fc       0x40 C:\-WeatherStation\EstacaoMet\mbed\TARGET_LPC1768\TOOLCHAIN_GCC_CR\libmbed.a(rtc_api.o)
                0x000063fc                rtc_read
 .text.rtc_write
                0x0000643c       0x58 C:\-WeatherStation\EstacaoMet\mbed\TARGET_LPC1768\TOOLCHAIN_GCC_CR\libmbed.a(rtc_api.o)
                0x0000643c                rtc_write
 .text.us_ticker_init
                0x00006494       0x68 C:\-WeatherStation\EstacaoMet\mbed\TARGET_LPC1768\TOOLCHAIN_GCC_CR\libmbed.a(us_ticker.o)
                0x00006494                us_ticker_init
 .text.us_ticker_read
                0x000064fc       0x1c C:\-WeatherStation\EstacaoMet\mbed\TARGET_LPC1768\TOOLCHAIN_GCC_CR\libmbed.a(us_ticker.o)
                0x000064fc                us_ticker_read
 .text.us_ticker_set_interrupt
                0x00006518       0x14 C:\-WeatherStation\EstacaoMet\mbed\TARGET_LPC1768\TOOLCHAIN_GCC_CR\libmbed.a(us_ticker.o)
                0x00006518                us_ticker_set_interrupt
 .text.us_ticker_disable_interrupt
                0x0000652c       0x10 C:\-WeatherStation\EstacaoMet\mbed\TARGET_LPC1768\TOOLCHAIN_GCC_CR\libmbed.a(us_ticker.o)
                0x0000652c                us_ticker_disable_interrupt
 .text.us_ticker_clear_interrupt
                0x0000653c        0xc C:\-WeatherStation\EstacaoMet\mbed\TARGET_LPC1768\TOOLCHAIN_GCC_CR\libmbed.a(us_ticker.o)
                0x0000653c                us_ticker_clear_interrupt
 .text._ZN4mbed8FileLikeD2Ev
                0x00006548       0x24 C:\-WeatherStation\EstacaoMet\mbed\TARGET_LPC1768\TOOLCHAIN_GCC_CR\libmbed.a(FileLike.o)
                0x00006548                mbed::FileLike::~FileLike()
                0x00006548                mbed::FileLike::~FileLike()
 .text._ZThn4_N4mbed8FileLikeD1Ev
                0x0000656c        0x8 C:\-WeatherStation\EstacaoMet\mbed\TARGET_LPC1768\TOOLCHAIN_GCC_CR\libmbed.a(FileLike.o)
                0x0000656c                non-virtual thunk to mbed::FileLike::~FileLike()
 .text._ZN4mbed8FileLikeD0Ev
                0x00006574       0x2c C:\-WeatherStation\EstacaoMet\mbed\TARGET_LPC1768\TOOLCHAIN_GCC_CR\libmbed.a(FileLike.o)
                0x00006574                mbed::FileLike::~FileLike()
 .text._ZThn4_N4mbed8FileLikeD0Ev
                0x000065a0        0x8 C:\-WeatherStation\EstacaoMet\mbed\TARGET_LPC1768\TOOLCHAIN_GCC_CR\libmbed.a(FileLike.o)
                0x000065a0                non-virtual thunk to mbed::FileLike::~FileLike()
 .text._ZN4mbed8FileLikeC2EPKc
                0x000065a8       0x28 C:\-WeatherStation\EstacaoMet\mbed\TARGET_LPC1768\TOOLCHAIN_GCC_CR\libmbed.a(FileLike.o)
                0x000065a8                mbed::FileLike::FileLike(char const*)
                0x000065a8                mbed::FileLike::FileLike(char const*)
 .text._ZN4mbed8FileBaseD2Ev
                0x000065d0       0x30 C:\-WeatherStation\EstacaoMet\mbed\TARGET_LPC1768\TOOLCHAIN_GCC_CR\libmbed.a(FileBase.o)
                0x000065d0                mbed::FileBase::~FileBase()
                0x000065d0                mbed::FileBase::~FileBase()
 .text._ZN4mbed8FileBaseD0Ev
                0x00006600       0x3c C:\-WeatherStation\EstacaoMet\mbed\TARGET_LPC1768\TOOLCHAIN_GCC_CR\libmbed.a(FileBase.o)
                0x00006600                mbed::FileBase::~FileBase()
 .text._ZN4mbed8FileBaseC2EPKcNS_8PathTypeE
                0x0000663c       0x28 C:\-WeatherStation\EstacaoMet\mbed\TARGET_LPC1768\TOOLCHAIN_GCC_CR\libmbed.a(FileBase.o)
                0x0000663c                mbed::FileBase::FileBase(char const*, mbed::PathType)
                0x0000663c                mbed::FileBase::FileBase(char const*, mbed::PathType)
 .text._ZN4mbed8FileBase6lookupEPKcj
                0x00006664       0x3c C:\-WeatherStation\EstacaoMet\mbed\TARGET_LPC1768\TOOLCHAIN_GCC_CR\libmbed.a(FileBase.o)
                0x00006664                mbed::FileBase::lookup(char const*, unsigned int)
 .text._ZN4mbed8FileBase11getPathTypeEv
                0x000066a0        0x4 C:\-WeatherStation\EstacaoMet\mbed\TARGET_LPC1768\TOOLCHAIN_GCC_CR\libmbed.a(FileBase.o)
                0x000066a0                mbed::FileBase::getPathType()
 .text          0x000066a4      0x370 c:/nxp/lpcxpresso_7.9.2_493/lpcxpresso/tools/bin/../lib/gcc/arm-none-eabi/4.9.3/armv7-m\libgcc.a(_arm_addsubdf3.o)
                0x000066a4                __aeabi_drsub
                0x000066ac                __aeabi_dsub
                0x000066ac                __subdf3
                0x000066b0                __aeabi_dadd
                0x000066b0                __adddf3
                0x00006928                __floatunsidf
                0x00006928                __aeabi_ui2d
                0x00006948                __floatsidf
                0x00006948                __aeabi_i2d
                0x0000696c                __aeabi_f2d
                0x0000696c                __extendsfdf2
                0x000069a8                __floatundidf
                0x000069a8                __aeabi_ul2d
                0x000069b8                __floatdidf
                0x000069b8                __aeabi_l2d
 .text          0x00006a14      0x424 c:/nxp/lpcxpresso_7.9.2_493/lpcxpresso/tools/bin/../lib/gcc/arm-none-eabi/4.9.3/armv7-m\libgcc.a(_arm_muldivdf3.o)
                0x00006a14                __aeabi_dmul
                0x00006a14                __muldf3
                0x00006c68                __divdf3
                0x00006c68                __aeabi_ddiv
 .text          0x00006e38      0x110 c:/nxp/lpcxpresso_7.9.2_493/lpcxpresso/tools/bin/../lib/gcc/arm-none-eabi/4.9.3/armv7-m\libgcc.a(_arm_cmpdf2.o)
                0x00006e38                __gtdf2
                0x00006e38                __gedf2
                0x00006e40                __ltdf2
                0x00006e40                __ledf2
                0x00006e48                __nedf2
                0x00006e48                __eqdf2
                0x00006e48                __cmpdf2
                0x00006ec4                __aeabi_cdrcmple
                0x00006ed4                __aeabi_cdcmpeq
                0x00006ed4                __aeabi_cdcmple
                0x00006ee4                __aeabi_dcmpeq
                0x00006ef8                __aeabi_dcmplt
                0x00006f0c                __aeabi_dcmple
                0x00006f20                __aeabi_dcmpge
                0x00006f34                __aeabi_dcmpgt
 .text          0x00006f48       0x50 c:/nxp/lpcxpresso_7.9.2_493/lpcxpresso/tools/bin/../lib/gcc/arm-none-eabi/4.9.3/armv7-m\libgcc.a(_arm_fixdfsi.o)
                0x00006f48                __aeabi_d2iz
                0x00006f48                __fixdfsi
 .text          0x00006f98       0xa0 c:/nxp/lpcxpresso_7.9.2_493/lpcxpresso/tools/bin/../lib/gcc/arm-none-eabi/4.9.3/armv7-m\libgcc.a(_arm_truncdfsf2.o)
                0x00006f98                __truncdfsf2
                0x00006f98                __aeabi_d2f
 .text          0x00007038      0x21c c:/nxp/lpcxpresso_7.9.2_493/lpcxpresso/tools/bin/../lib/gcc/arm-none-eabi/4.9.3/armv7-m\libgcc.a(_arm_addsubsf3.o)
                0x00007038                __aeabi_frsub
                0x00007040                __subsf3
                0x00007040                __aeabi_fsub
                0x00007044                __aeabi_fadd
                0x00007044                __addsf3
                0x000071a4                __aeabi_ui2f
                0x000071a4                __floatunsisf
                0x000071ac                __aeabi_i2f
                0x000071ac                __floatsisf
                0x000071c8                __aeabi_ul2f
                0x000071c8                __floatundisf
                0x000071d8                __aeabi_l2f
                0x000071d8                __floatdisf
 .text          0x00007254      0x2a0 c:/nxp/lpcxpresso_7.9.2_493/lpcxpresso/tools/bin/../lib/gcc/arm-none-eabi/4.9.3/armv7-m\libgcc.a(_arm_muldivsf3.o)
                0x00007254                __mulsf3
                0x00007254                __aeabi_fmul
                0x000073bc                __aeabi_fdiv
                0x000073bc                __divsf3
 .text          0x000074f4       0xec c:/nxp/lpcxpresso_7.9.2_493/lpcxpresso/tools/bin/../lib/gcc/arm-none-eabi/4.9.3/armv7-m\libgcc.a(_arm_cmpsf2.o)
                0x000074f4                __gesf2
                0x000074f4                __gtsf2
                0x000074fc                __lesf2
                0x000074fc                __ltsf2
                0x00007504                __nesf2
                0x00007504                __eqsf2
                0x00007504                __cmpsf2
                0x00007564                __aeabi_cfrcmple
                0x0000756c                __aeabi_cfcmpeq
                0x0000756c                __aeabi_cfcmple
                0x0000757c                __aeabi_fcmpeq
                0x00007590                __aeabi_fcmplt
                0x000075a4                __aeabi_fcmple
                0x000075b8                __aeabi_fcmpge
                0x000075cc                __aeabi_fcmpgt
 .text          0x000075e0       0x4c c:/nxp/lpcxpresso_7.9.2_493/lpcxpresso/tools/bin/../lib/gcc/arm-none-eabi/4.9.3/armv7-m\libgcc.a(_arm_fixsfsi.o)
                0x000075e0                __aeabi_f2iz
                0x000075e0                __fixsfsi
 .text          0x0000762c       0x40 c:/nxp/lpcxpresso_7.9.2_493/lpcxpresso/tools/bin/../lib/gcc/arm-none-eabi/4.9.3/armv7-m\libgcc.a(_arm_fixunssfsi.o)
                0x0000762c                __fixunssfsi
                0x0000762c                __aeabi_f2uiz
 .text          0x0000766c       0x30 c:/nxp/lpcxpresso_7.9.2_493/lpcxpresso/tools/bin/../lib/gcc/arm-none-eabi/4.9.3/armv7-m\libgcc.a(_aeabi_uldivmod.o)
                0x0000766c                __aeabi_uldivmod
 .text          0x0000769c       0x60 c:/nxp/lpcxpresso_7.9.2_493/lpcxpresso/tools/bin/../lib/gcc/arm-none-eabi/4.9.3/armv7-m\libgcc.a(bpabi.o)
                0x0000769c                __gnu_ldivmod_helper
                0x000076cc                __gnu_uldivmod_helper
 .text          0x000076fc        0x4 c:/nxp/lpcxpresso_7.9.2_493/lpcxpresso/tools/bin/../lib/gcc/arm-none-eabi/4.9.3/armv7-m\libgcc.a(_dvmd_tls.o)
                0x000076fc                __aeabi_idiv0
                0x000076fc                __aeabi_ldiv0
 .text          0x00007700      0x2ac c:/nxp/lpcxpresso_7.9.2_493/lpcxpresso/tools/bin/../lib/gcc/arm-none-eabi/4.9.3/armv7-m\libgcc.a(_divdi3.o)
                0x00007700                __divdi3
 .text          0x000079ac      0x270 c:/nxp/lpcxpresso_7.9.2_493/lpcxpresso/tools/bin/../lib/gcc/arm-none-eabi/4.9.3/armv7-m\libgcc.a(_udivdi3.o)
                0x000079ac                __udivdi3
 .text.abs      0x00007c1c        0x8 c:/nxp/lpcxpresso_7.9.2_493/lpcxpresso/tools/bin/../lib/gcc/arm-none-eabi/4.9.3/../../../../arm-none-eabi/lib/armv7-m\libc.a(lib_a-abs.o)
                0x00007c1c                abs
 .text.atoff    0x00007c24        0x8 c:/nxp/lpcxpresso_7.9.2_493/lpcxpresso/tools/bin/../lib/gcc/arm-none-eabi/4.9.3/../../../../arm-none-eabi/lib/armv7-m\libc.a(lib_a-atoff.o)
                0x00007c24                atoff
 .text.atoi     0x00007c2c        0x8 c:/nxp/lpcxpresso_7.9.2_493/lpcxpresso/tools/bin/../lib/gcc/arm-none-eabi/4.9.3/../../../../arm-none-eabi/lib/armv7-m\libc.a(lib_a-atoi.o)
                0x00007c2c                atoi
 .text.calloc   0x00007c34       0x10 c:/nxp/lpcxpresso_7.9.2_493/lpcxpresso/tools/bin/../lib/gcc/arm-none-eabi/4.9.3/../../../../arm-none-eabi/lib/armv7-m\libc.a(lib_a-calloc.o)
                0x00007c34                calloc
 .text._calloc_r
                0x00007c44       0x60 c:/nxp/lpcxpresso_7.9.2_493/lpcxpresso/tools/bin/../lib/gcc/arm-none-eabi/4.9.3/../../../../arm-none-eabi/lib/armv7-m\libc.a(lib_a-callocr.o)
                0x00007c44                _calloc_r
 .text.__errno  0x00007ca4        0xc c:/nxp/lpcxpresso_7.9.2_493/lpcxpresso/tools/bin/../lib/gcc/arm-none-eabi/4.9.3/../../../../arm-none-eabi/lib/armv7-m\libc.a(lib_a-errno.o)
                0x00007ca4                __errno
 .text._fclose_r