19:41:29 **** Incremental Build of configuration Debug for project EstacaoMet ****
make -r all 
Building target: EstacaoMet.axf
Invoking: MCU C++ Linker
arm-none-eabi-c++ -nostdlib -L"C:\-WeatherStation\EstacaoMet" -L"C:\-WeatherStation\EstacaoMet\GPS" -L"C:\-WeatherStation\EstacaoMet\ConfigFile" -L"C:\-WeatherStation\EstacaoMet\Logger" -L"C:\-WeatherStation\EstacaoMet\nRF24L01P" -L"C:\-WeatherStation\EstacaoMet\PowerControl" -L"C:\-WeatherStation\EstacaoMet\SHTx" -L"C:\-WeatherStation\EstacaoMet\mbed" -L"C:\-WeatherStation\EstacaoMet\mbed\TARGET_LPC1768" -L"C:\-WeatherStation\EstacaoMet\mbed\TARGET_LPC1768\TARGET_NXP" -L"C:\-WeatherStation\EstacaoMet\mbed\TARGET_LPC1768\TARGET_NXP\TARGET_LPC176X" -L"C:\-WeatherStation\EstacaoMet\mbed\TARGET_LPC1768\TARGET_NXP\TARGET_LPC176X\TARGET_MBED_LPC1768" -L"C:\-WeatherStation\EstacaoMet\mbed\TARGET_LPC1768\TOOLCHAIN_GCC_CR" -Xlinker -Map="EstacaoMet.map" -Xlinker --gc-sections -mcpu=cortex-m3 -mthumb -T "C:\-WeatherStation\EstacaoMet\mbed\TARGET_LPC1768\TOOLCHAIN_GCC_CR\LPC1768.ld" -o "EstacaoMet.axf"  ./nRF24L01P/nRF24L01P.o  ./StateMachine/StateMachine.o  ./SHTx/i2c.o ./SHTx/sht15.o  ./PowerControl/EthernetPowerControl.o  ./Logger/Logger.o  ./IAP/IAP.o  ./GPS/GPS.o  ./FaultRecovery/Main.o ./FaultRecovery/ParkingApp.o ./FaultRecovery/StateMachine.o  ./FaultInjector/FaultInjector.o ./FaultInjector/Utils.o  ./ConfigFile/ConfigFile.o ./ConfigFile/ConfigList.o  ./FrequencyCounter.o ./PulseIn.o ./ReadingData.o ./Watchdog.o ./WeatherStation.o ./WeatherStationConfig.o ./Wetting.o ./main.o  C:/-WeatherStation/EstacaoMet/mbed/TARGET_LPC1768/TOOLCHAIN_GCC_CR/board.o C:/-WeatherStation/EstacaoMet/mbed/TARGET_LPC1768/TOOLCHAIN_GCC_CR/cmsis_nvic.o C:/-WeatherStation/EstacaoMet/mbed/TARGET_LPC1768/TOOLCHAIN_GCC_CR/retarget.o C:/-WeatherStation/EstacaoMet/mbed/TARGET_LPC1768/TOOLCHAIN_GCC_CR/startup_LPC17xx.o C:/-WeatherStation/EstacaoMet/mbed/TARGET_LPC1768/TOOLCHAIN_GCC_CR/system_LPC17xx.o -lmbed
Finished building target: EstacaoMet.axf
 
/usr/bin/make --no-print-directory post-build
Performing post-build steps
arm-none-eabi-size "EstacaoMet.axf"; arm-none-eabi-objcopy -O binary "EstacaoMet.axf" "EstacaoMet.bin" ; # checksum -p LPC1768 -d "EstacaoMet.bin";
   text	   data	    bss	    dec	    hex	filename
 216804	   2460	   8320	 227584	  37900	EstacaoMet.axf
 
