18:35:48 **** Incremental Build of configuration Debug for project ResultadoFlash ****
make -r all 
Building file: ../ConfigFile/ConfigFile.cpp
Invoking: MCU C++ Compiler
arm-none-eabi-c++ -D__NEWLIB__ -D__CODE_RED -DCPP_USE_HEAP -DTARGET_MBED_LPC1768 -DDEVICE_ERROR_PATTERN=1 -D__MBED__=1 -DDEVICE_I2CSLAVE=1 -DTARGET_LIKE_MBED -DTARGET_NXP -DTARGET_LPC176X -D__MBED_CMSIS_RTOS_CM -DDEVICE_RTC=1 -DTOOLCHAIN_object -D__CMSIS_RTOS -DTOOLCHAIN_GCC -DDEVICE_CAN=1 -DTARGET_LIKE_CORTEX_M3 -DTARGET_CORTEX_M -DARM_MATH_CM3 -DDEVICE_ANALOGOUT=1 -DTARGET_UVISOR_UNSUPPORTED -DMBED_BUILD_TIMESTAMP=1469571479.14 -DDEVICE_PWMOUT=1 -DDEVICE_INTERRUPTIN=1 -DDEVICE_I2C=1 -DDEVICE_PORTOUT=1 -D__CORTEX_M3 -DDEVICE_STDIO_MESSAGES=1 -DTARGET_M3 -DTARGET_LPC1768 -DTOOLCHAIN_GCC_CR -DDEVICE_PORTINOUT=1 -DDEVICE_SERIAL_FC=1 -DTARGET_RELEASE -DDEVICE_PORTIN=1 -DDEVICE_SLEEP=1 -DDEVICE_SPI=1 -DDEVICE_ETHERNET=1 -DDEVICE_SPISLAVE=1 -DDEVICE_ANALOGIN=1 -DDEVICE_SERIAL=1 -DDEVICE_SEMIHOST=1 -DDEVICE_DEBUG_AWARENESS=1 -DDEVICE_LOCALFILESYSTEM=1 -I"C:\-WeatherStation\ResultadoFlash" -I"C:\-WeatherStation\ResultadoFlash\ConfigFile" -I"C:\-WeatherStation\ResultadoFlash\mbed" -I"C:\-WeatherStation\ResultadoFlash\mbed\TARGET_LPC1768" -I"C:\-WeatherStation\ResultadoFlash\mbed\TARGET_LPC1768\TARGET_NXP" -I"C:\-WeatherStation\ResultadoFlash\mbed\TARGET_LPC1768\TARGET_NXP\TARGET_LPC176X" -I"C:\-WeatherStation\ResultadoFlash\mbed\TARGET_LPC1768\TARGET_NXP\TARGET_LPC176X\TARGET_MBED_LPC1768" -I"C:\-WeatherStation\ResultadoFlash\mbed\TARGET_LPC1768\TOOLCHAIN_GCC_CR" -O0 -g3 -Wall -c -std=gnu++98 -fno-rtti -Wvla -include mbed_config.h -c -Wall -Wextra -Wno-unused-parameter -Wno-missing-field-initializers -fmessage-length=0 -fno-exceptions -fno-builtin -ffunction-sections -fdata-sections -funsigned-char -MMD -fno-delete-null-pointer-checks -fomit-frame-pointer -mcpu=cortex-m3 -mthumb -Os -mcpu=cortex-m3 -mthumb -D__NEWLIB__ -MMD -MP -MF"ConfigFile/ConfigFile.d" -MT"ConfigFile/ConfigFile.o" -MT"ConfigFile/ConfigFile.d" -o "ConfigFile/ConfigFile.o" "../ConfigFile/ConfigFile.cpp"
Finished building: ../ConfigFile/ConfigFile.cpp
 
Building file: ../Main.cpp
Invoking: MCU C++ Compiler
arm-none-eabi-c++ -D__NEWLIB__ -D__CODE_RED -DCPP_USE_HEAP -DTARGET_MBED_LPC1768 -DDEVICE_ERROR_PATTERN=1 -D__MBED__=1 -DDEVICE_I2CSLAVE=1 -DTARGET_LIKE_MBED -DTARGET_NXP -DTARGET_LPC176X -D__MBED_CMSIS_RTOS_CM -DDEVICE_RTC=1 -DTOOLCHAIN_object -D__CMSIS_RTOS -DTOOLCHAIN_GCC -DDEVICE_CAN=1 -DTARGET_LIKE_CORTEX_M3 -DTARGET_CORTEX_M -DARM_MATH_CM3 -DDEVICE_ANALOGOUT=1 -DTARGET_UVISOR_UNSUPPORTED -DMBED_BUILD_TIMESTAMP=1469571479.14 -DDEVICE_PWMOUT=1 -DDEVICE_INTERRUPTIN=1 -DDEVICE_I2C=1 -DDEVICE_PORTOUT=1 -D__CORTEX_M3 -DDEVICE_STDIO_MESSAGES=1 -DTARGET_M3 -DTARGET_LPC1768 -DTOOLCHAIN_GCC_CR -DDEVICE_PORTINOUT=1 -DDEVICE_SERIAL_FC=1 -DTARGET_RELEASE -DDEVICE_PORTIN=1 -DDEVICE_SLEEP=1 -DDEVICE_SPI=1 -DDEVICE_ETHERNET=1 -DDEVICE_SPISLAVE=1 -DDEVICE_ANALOGIN=1 -DDEVICE_SERIAL=1 -DDEVICE_SEMIHOST=1 -DDEVICE_DEBUG_AWARENESS=1 -DDEVICE_LOCALFILESYSTEM=1 -I"C:\-WeatherStation\ResultadoFlash" -I"C:\-WeatherStation\ResultadoFlash\ConfigFile" -I"C:\-WeatherStation\ResultadoFlash\mbed" -I"C:\-WeatherStation\ResultadoFlash\mbed\TARGET_LPC1768" -I"C:\-WeatherStation\ResultadoFlash\mbed\TARGET_LPC1768\TARGET_NXP" -I"C:\-WeatherStation\ResultadoFlash\mbed\TARGET_LPC1768\TARGET_NXP\TARGET_LPC176X" -I"C:\-WeatherStation\ResultadoFlash\mbed\TARGET_LPC1768\TARGET_NXP\TARGET_LPC176X\TARGET_MBED_LPC1768" -I"C:\-WeatherStation\ResultadoFlash\mbed\TARGET_LPC1768\TOOLCHAIN_GCC_CR" -O0 -g3 -Wall -c -std=gnu++98 -fno-rtti -Wvla -include mbed_config.h -c -Wall -Wextra -Wno-unused-parameter -Wno-missing-field-initializers -fmessage-length=0 -fno-exceptions -fno-builtin -ffunction-sections -fdata-sections -funsigned-char -MMD -fno-delete-null-pointer-checks -fomit-frame-pointer -mcpu=cortex-m3 -mthumb -Os -mcpu=cortex-m3 -mthumb -D__NEWLIB__ -MMD -MP -MF"Main.d" -MT"Main.o" -MT"Main.d" -o "Main.o" "../Main.cpp"
In file included from ../Main.cpp:48:0:
C:\-WeatherStation\ResultadoFlash\ConfigFile/ConfigFile.h: In member function 'void ConfigFile::setLongLong(std::string, long long int)':
C:\-WeatherStation\ResultadoFlash\ConfigFile/ConfigFile.h:172:33: warning: conversion lacks type at end of format [-Wformat=]
   std::sprintf(buf, "%ll", value);
                                 ^
C:\-WeatherStation\ResultadoFlash\ConfigFile/ConfigFile.h:172:33: warning: too many arguments for format [-Wformat-extra-args]
C:\-WeatherStation\ResultadoFlash\ConfigFile/ConfigFile.h: In member function 'void ConfigFile::setLongDouble(std::string, long double)':
C:\-WeatherStation\ResultadoFlash\ConfigFile/ConfigFile.h:196:32: warning: conversion lacks type at end of format [-Wformat=]
   std::sprintf(buf, "%L", value);
                                ^
C:\-WeatherStation\ResultadoFlash\ConfigFile/ConfigFile.h:196:32: warning: too many arguments for format [-Wformat-extra-args]
../Main.cpp: In function 'int main()':
../Main.cpp:113:7: warning: unused variable 'a' [-Wunused-variable]
   int a = atoi(configFile.get("prop2"));
       ^
Finished building: ../Main.cpp
 
Building target: ResultadoFlash.axf
Invoking: MCU C++ Linker
arm-none-eabi-c++ -nostdlib -L"C:\-WeatherStation\ResultadoFlash" -L"C:\-WeatherStation\ResultadoFlash\ConfigFile" -L"C:\-WeatherStation\ResultadoFlash\mbed" -L"C:\-WeatherStation\ResultadoFlash\mbed\TARGET_LPC1768" -L"C:\-WeatherStation\ResultadoFlash\mbed\TARGET_LPC1768\TARGET_NXP" -L"C:\-WeatherStation\ResultadoFlash\mbed\TARGET_LPC1768\TARGET_NXP\TARGET_LPC176X" -L"C:\-WeatherStation\ResultadoFlash\mbed\TARGET_LPC1768\TARGET_NXP\TARGET_LPC176X\TARGET_MBED_LPC1768" -L"C:\-WeatherStation\ResultadoFlash\mbed\TARGET_LPC1768\TOOLCHAIN_GCC_CR" -Xlinker -Map="ResultadoFlash.map" -Xlinker --gc-sections -mcpu=cortex-m3 -mthumb -T "C:\-WeatherStation\ResultadoFlash\mbed\TARGET_LPC1768\TOOLCHAIN_GCC_CR\LPC1768.ld" -o "ResultadoFlash.axf"  ./Logger/Logger.o  ./IAP/IAP.o  ./FaultInjector/FaultInjector.o ./FaultInjector/Utils.o  ./ConfigFile/ConfigFile.o  ./Main.o  C:/-WeatherStation/ResultadoFlash/mbed/TARGET_LPC1768/TOOLCHAIN_GCC_CR/board.o C:/-WeatherStation/ResultadoFlash/mbed/TARGET_LPC1768/TOOLCHAIN_GCC_CR/cmsis_nvic.o C:/-WeatherStation/ResultadoFlash/mbed/TARGET_LPC1768/TOOLCHAIN_GCC_CR/retarget.o C:/-WeatherStation/ResultadoFlash/mbed/TARGET_LPC1768/TOOLCHAIN_GCC_CR/startup_LPC17xx.o C:/-WeatherStation/ResultadoFlash/mbed/TARGET_LPC1768/TOOLCHAIN_GCC_CR/system_LPC17xx.o -lmbed
Finished building target: ResultadoFlash.axf
 
/usr/bin/make --no-print-directory post-build
Performing post-build steps
arm-none-eabi-size "ResultadoFlash.axf"; arm-none-eabi-objcopy -O binary "ResultadoFlash.axf" "ResultadoFlash.bin" ; # checksum -p LPC1768 -d "ResultadoFlash.bin";
   text	   data	    bss	    dec	    hex	filename
 214644	   2444	   8140	 225228	  36fcc	ResultadoFlash.axf
 

18:36:18 Build Finished (took 29s.335ms)

