16:45:30 **** Incremental Build of configuration Debug for project ResultadoMaquinaEstados ****
make -r all 
Building file: ../Main.cpp
Invoking: MCU C++ Compiler
arm-none-eabi-c++ -D__NEWLIB__ -D__CODE_RED -DCPP_USE_HEAP -DTARGET_MBED_LPC1768 -DDEVICE_ERROR_PATTERN=1 -D__MBED__=1 -DDEVICE_I2CSLAVE=1 -DTARGET_LIKE_MBED -DTARGET_NXP -DTARGET_LPC176X -D__MBED_CMSIS_RTOS_CM -DDEVICE_RTC=1 -DTOOLCHAIN_object -D__CMSIS_RTOS -DTOOLCHAIN_GCC -DDEVICE_CAN=1 -DTARGET_LIKE_CORTEX_M3 -DTARGET_CORTEX_M -DARM_MATH_CM3 -DDEVICE_ANALOGOUT=1 -DTARGET_UVISOR_UNSUPPORTED -DTARGET_M3 -DDEVICE_PWMOUT=1 -DDEVICE_INTERRUPTIN=1 -DDEVICE_I2C=1 -DDEVICE_PORTOUT=1 -D__CORTEX_M3 -DDEVICE_STDIO_MESSAGES=1 -DTARGET_LPC1768 -DTOOLCHAIN_GCC_CR -DMBED_BUILD_TIMESTAMP=1469582270.3 -DDEVICE_PORTINOUT=1 -DDEVICE_SERIAL_FC=1 -DTARGET_RELEASE -DDEVICE_PORTIN=1 -DDEVICE_SLEEP=1 -DDEVICE_SPI=1 -DDEVICE_ETHERNET=1 -DDEVICE_SPISLAVE=1 -DDEVICE_ANALOGIN=1 -DDEVICE_SERIAL=1 -DDEVICE_SEMIHOST=1 -DDEVICE_DEBUG_AWARENESS=1 -DDEVICE_LOCALFILESYSTEM=1 -I"C:\-WeatherStation\ResultadoMaquinaEstados" -I"C:\-WeatherStation\ResultadoMaquinaEstados\ConfigFile" -I"C:\-WeatherStation\ResultadoMaquinaEstados\mbed" -I"C:\-WeatherStation\ResultadoMaquinaEstados\mbed\TARGET_LPC1768" -I"C:\-WeatherStation\ResultadoMaquinaEstados\mbed\TARGET_LPC1768\TARGET_NXP" -I"C:\-WeatherStation\ResultadoMaquinaEstados\mbed\TARGET_LPC1768\TARGET_NXP\TARGET_LPC176X" -I"C:\-WeatherStation\ResultadoMaquinaEstados\mbed\TARGET_LPC1768\TARGET_NXP\TARGET_LPC176X\TARGET_MBED_LPC1768" -I"C:\-WeatherStation\ResultadoMaquinaEstados\mbed\TARGET_LPC1768\TOOLCHAIN_GCC_CR" -O0 -g3 -Wall -c -std=gnu++98 -fno-rtti -Wvla -include mbed_config.h -c -Wall -Wextra -Wno-unused-parameter -Wno-missing-field-initializers -fmessage-length=0 -fno-exceptions -fno-builtin -ffunction-sections -fdata-sections -funsigned-char -MMD -fno-delete-null-pointer-checks -fomit-frame-pointer -mcpu=cortex-m3 -mthumb -Os -mcpu=cortex-m3 -mthumb -D__NEWLIB__ -MMD -MP -MF"Main.d" -MT"Main.o" -MT"Main.d" -o "Main.o" "../Main.cpp"
In file included from c:\-weatherstation\resultadomaquinaestados\faultrecovery\statemachine.h:22:0,
                 from ../ResultStateWTApp.h:12,
                 from ../Main.cpp:8:
C:\-WeatherStation\ResultadoMaquinaEstados\ConfigFile/ConfigFile.h: In member function 'void ConfigFile::setLongLong(std::string, long long int)':
C:\-WeatherStation\ResultadoMaquinaEstados\ConfigFile/ConfigFile.h:171:33: warning: conversion lacks type at end of format [-Wformat=]
   std::sprintf(buf, "%ll", value);
                                 ^
C:\-WeatherStation\ResultadoMaquinaEstados\ConfigFile/ConfigFile.h:171:33: warning: too many arguments for format [-Wformat-extra-args]
C:\-WeatherStation\ResultadoMaquinaEstados\ConfigFile/ConfigFile.h: In member function 'void ConfigFile::setLongDouble(std::string, long double)':
C:\-WeatherStation\ResultadoMaquinaEstados\ConfigFile/ConfigFile.h:195:32: warning: conversion lacks type at end of format [-Wformat=]
   std::sprintf(buf, "%L", value);
                                ^
C:\-WeatherStation\ResultadoMaquinaEstados\ConfigFile/ConfigFile.h:195:32: warning: too many arguments for format [-Wformat-extra-args]
Finished building: ../Main.cpp
 
Building file: ../ResultStateWTApp.cpp
Invoking: MCU C++ Compiler
arm-none-eabi-c++ -D__NEWLIB__ -D__CODE_RED -DCPP_USE_HEAP -DTARGET_MBED_LPC1768 -DDEVICE_ERROR_PATTERN=1 -D__MBED__=1 -DDEVICE_I2CSLAVE=1 -DTARGET_LIKE_MBED -DTARGET_NXP -DTARGET_LPC176X -D__MBED_CMSIS_RTOS_CM -DDEVICE_RTC=1 -DTOOLCHAIN_object -D__CMSIS_RTOS -DTOOLCHAIN_GCC -DDEVICE_CAN=1 -DTARGET_LIKE_CORTEX_M3 -DTARGET_CORTEX_M -DARM_MATH_CM3 -DDEVICE_ANALOGOUT=1 -DTARGET_UVISOR_UNSUPPORTED -DTARGET_M3 -DDEVICE_PWMOUT=1 -DDEVICE_INTERRUPTIN=1 -DDEVICE_I2C=1 -DDEVICE_PORTOUT=1 -D__CORTEX_M3 -DDEVICE_STDIO_MESSAGES=1 -DTARGET_LPC1768 -DTOOLCHAIN_GCC_CR -DMBED_BUILD_TIMESTAMP=1469582270.3 -DDEVICE_PORTINOUT=1 -DDEVICE_SERIAL_FC=1 -DTARGET_RELEASE -DDEVICE_PORTIN=1 -DDEVICE_SLEEP=1 -DDEVICE_SPI=1 -DDEVICE_ETHERNET=1 -DDEVICE_SPISLAVE=1 -DDEVICE_ANALOGIN=1 -DDEVICE_SERIAL=1 -DDEVICE_SEMIHOST=1 -DDEVICE_DEBUG_AWARENESS=1 -DDEVICE_LOCALFILESYSTEM=1 -I"C:\-WeatherStation\ResultadoMaquinaEstados" -I"C:\-WeatherStation\ResultadoMaquinaEstados\ConfigFile" -I"C:\-WeatherStation\ResultadoMaquinaEstados\mbed" -I"C:\-WeatherStation\ResultadoMaquinaEstados\mbed\TARGET_LPC1768" -I"C:\-WeatherStation\ResultadoMaquinaEstados\mbed\TARGET_LPC1768\TARGET_NXP" -I"C:\-WeatherStation\ResultadoMaquinaEstados\mbed\TARGET_LPC1768\TARGET_NXP\TARGET_LPC176X" -I"C:\-WeatherStation\ResultadoMaquinaEstados\mbed\TARGET_LPC1768\TARGET_NXP\TARGET_LPC176X\TARGET_MBED_LPC1768" -I"C:\-WeatherStation\ResultadoMaquinaEstados\mbed\TARGET_LPC1768\TOOLCHAIN_GCC_CR" -O0 -g3 -Wall -c -std=gnu++98 -fno-rtti -Wvla -include mbed_config.h -c -Wall -Wextra -Wno-unused-parameter -Wno-missing-field-initializers -fmessage-length=0 -fno-exceptions -fno-builtin -ffunction-sections -fdata-sections -funsigned-char -MMD -fno-delete-null-pointer-checks -fomit-frame-pointer -mcpu=cortex-m3 -mthumb -Os -mcpu=cortex-m3 -mthumb -D__NEWLIB__ -MMD -MP -MF"ResultStateWTApp.d" -MT"ResultStateWTApp.o" -MT"ResultStateWTApp.d" -o "ResultStateWTApp.o" "../ResultStateWTApp.cpp"
In file included from c:\-weatherstation\resultadomaquinaestados\faultrecovery\statemachine.h:22:0,
                 from ../ResultStateWTApp.h:12,
                 from ../ResultStateWTApp.cpp:8:
C:\-WeatherStation\ResultadoMaquinaEstados\ConfigFile/ConfigFile.h: In member function 'void ConfigFile::setLongLong(std::string, long long int)':
C:\-WeatherStation\ResultadoMaquinaEstados\ConfigFile/ConfigFile.h:171:33: warning: conversion lacks type at end of format [-Wformat=]
   std::sprintf(buf, "%ll", value);
                                 ^
C:\-WeatherStation\ResultadoMaquinaEstados\ConfigFile/ConfigFile.h:171:33: warning: too many arguments for format [-Wformat-extra-args]
C:\-WeatherStation\ResultadoMaquinaEstados\ConfigFile/ConfigFile.h: In member function 'void ConfigFile::setLongDouble(std::string, long double)':
C:\-WeatherStation\ResultadoMaquinaEstados\ConfigFile/ConfigFile.h:195:32: warning: conversion lacks type at end of format [-Wformat=]
   std::sprintf(buf, "%L", value);
                                ^
C:\-WeatherStation\ResultadoMaquinaEstados\ConfigFile/ConfigFile.h:195:32: warning: too many arguments for format [-Wformat-extra-args]
Finished building: ../ResultStateWTApp.cpp
 
Building target: ResultadoMaquinaEstados.axf
Invoking: MCU C++ Linker
arm-none-eabi-c++ -nostdlib -L"C:\-WeatherStation\ResultadoMaquinaEstados" -L"C:\-WeatherStation\ResultadoMaquinaEstados\ConfigFile" -L"C:\-WeatherStation\ResultadoMaquinaEstados\mbed" -L"C:\-WeatherStation\ResultadoMaquinaEstados\mbed\TARGET_LPC1768" -L"C:\-WeatherStation\ResultadoMaquinaEstados\mbed\TARGET_LPC1768\TARGET_NXP" -L"C:\-WeatherStation\ResultadoMaquinaEstados\mbed\TARGET_LPC1768\TARGET_NXP\TARGET_LPC176X" -L"C:\-WeatherStation\ResultadoMaquinaEstados\mbed\TARGET_LPC1768\TARGET_NXP\TARGET_LPC176X\TARGET_MBED_LPC1768" -L"C:\-WeatherStation\ResultadoMaquinaEstados\mbed\TARGET_LPC1768\TOOLCHAIN_GCC_CR" -Xlinker -Map="ResultadoMaquinaEstados.map" -Xlinker --gc-sections -mcpu=cortex-m3 -mthumb -T "C:\-WeatherStation\ResultadoMaquinaEstados\mbed\TARGET_LPC1768\TOOLCHAIN_GCC_CR\LPC1768.ld" -o "ResultadoMaquinaEstados.axf"  ./Logger/Logger.o  ./FaultRecovery/StateMachine.o  ./Main.o ./ResultStateWTApp.o  C:/-WeatherStation/ResultadoMaquinaEstados/mbed/TARGET_LPC1768/TOOLCHAIN_GCC_CR/board.o C:/-WeatherStation/ResultadoMaquinaEstados/mbed/TARGET_LPC1768/TOOLCHAIN_GCC_CR/cmsis_nvic.o C:/-WeatherStation/ResultadoMaquinaEstados/mbed/TARGET_LPC1768/TOOLCHAIN_GCC_CR/retarget.o C:/-WeatherStation/ResultadoMaquinaEstados/mbed/TARGET_LPC1768/TOOLCHAIN_GCC_CR/startup_LPC17xx.o C:/-WeatherStation/ResultadoMaquinaEstados/mbed/TARGET_LPC1768/TOOLCHAIN_GCC_CR/system_LPC17xx.o -lmbed
Finished building target: ResultadoMaquinaEstados.axf
 
/usr/bin/make --no-print-directory post-build
Performing post-build steps
arm-none-eabi-size "ResultadoMaquinaEstados.axf"; arm-none-eabi-objcopy -O binary "ResultadoMaquinaEstados.axf" "ResultadoMaquinaEstados.bin" ; # checksum -p LPC1768 -d "ResultadoMaquinaEstados.bin";
   text	   data	    bss	    dec	    hex	filename
 221276	   2444	  12628	 236348	  39b3c	ResultadoMaquinaEstados.axf
 

16:46:00 Build Finished (took 30s.661ms)

