14:20:33 **** Incremental Build of configuration Debug for project ResultadoSimplesFaultInjectorTData1024 ****
make -r all 
Building file: ../main.cpp
Invoking: MCU C++ Compiler
arm-none-eabi-c++ -D__NEWLIB__ -D__CODE_RED -DCPP_USE_HEAP -DTARGET_MBED_LPC1768 -DDEVICE_ERROR_PATTERN=1 -D__MBED__=1 -DDEVICE_I2CSLAVE=1 -DTARGET_LIKE_MBED -DTARGET_NXP -DTARGET_LPC176X -D__MBED_CMSIS_RTOS_CM -DDEVICE_RTC=1 -DTOOLCHAIN_object -D__CMSIS_RTOS -DTOOLCHAIN_GCC -DDEVICE_CAN=1 -DTARGET_LIKE_CORTEX_M3 -DTARGET_CORTEX_M -DARM_MATH_CM3 -DDEVICE_ANALOGOUT=1 -DTARGET_UVISOR_UNSUPPORTED -DMBED_BUILD_TIMESTAMP=1469717256.83 -DTARGET_M3 -DDEVICE_PWMOUT=1 -DDEVICE_INTERRUPTIN=1 -DDEVICE_I2C=1 -DDEVICE_PORTOUT=1 -D__CORTEX_M3 -DDEVICE_STDIO_MESSAGES=1 -DTARGET_LPC1768 -DTOOLCHAIN_GCC_CR -DDEVICE_PORTINOUT=1 -DDEVICE_SERIAL_FC=1 -DTARGET_RELEASE -DDEVICE_PORTIN=1 -DDEVICE_SLEEP=1 -DDEVICE_SPI=1 -DDEVICE_ETHERNET=1 -DDEVICE_SPISLAVE=1 -DDEVICE_ANALOGIN=1 -DDEVICE_SERIAL=1 -DDEVICE_SEMIHOST=1 -DDEVICE_DEBUG_AWARENESS=1 -DDEVICE_LOCALFILESYSTEM=1 -I"C:\-WeatherStation\ResultadoSimplesFaultInjectorTData1024" -I"C:\-WeatherStation\ResultadoSimplesFaultInjectorTData1024\mbed" -I"C:\-WeatherStation\ResultadoSimplesFaultInjectorTData1024\mbed\TARGET_LPC1768" -I"C:\-WeatherStation\ResultadoSimplesFaultInjectorTData1024\mbed\TARGET_LPC1768\TARGET_NXP" -I"C:\-WeatherStation\ResultadoSimplesFaultInjectorTData1024\mbed\TARGET_LPC1768\TARGET_NXP\TARGET_LPC176X" -I"C:\-WeatherStation\ResultadoSimplesFaultInjectorTData1024\mbed\TARGET_LPC1768\TARGET_NXP\TARGET_LPC176X\TARGET_MBED_LPC1768" -I"C:\-WeatherStation\ResultadoSimplesFaultInjectorTData1024\mbed\TARGET_LPC1768\TOOLCHAIN_GCC_CR" -O0 -g3 -Wall -c -std=gnu++98 -fno-rtti -Wvla -include mbed_config.h -c -Wall -Wextra -Wno-unused-parameter -Wno-missing-field-initializers -fmessage-length=0 -fno-exceptions -fno-builtin -ffunction-sections -fdata-sections -funsigned-char -MMD -fno-delete-null-pointer-checks -fomit-frame-pointer -mcpu=cortex-m3 -mthumb -Os -mcpu=cortex-m3 -mthumb -D__NEWLIB__ -MMD -MP -MF"main.d" -MT"main.o" -MT"main.d" -o "main.o" "../main.cpp"
Finished building: ../main.cpp
 
Building target: ResultadoSimplesFaultInjectorTData1024.axf
Invoking: MCU C++ Linker
arm-none-eabi-c++ -nostdlib -L"C:\-WeatherStation\ResultadoSimplesFaultInjectorTData1024" -L"C:\-WeatherStation\ResultadoSimplesFaultInjectorTData1024\mbed" -L"C:\-WeatherStation\ResultadoSimplesFaultInjectorTData1024\mbed\TARGET_LPC1768" -L"C:\-WeatherStation\ResultadoSimplesFaultInjectorTData1024\mbed\TARGET_LPC1768\TARGET_NXP" -L"C:\-WeatherStation\ResultadoSimplesFaultInjectorTData1024\mbed\TARGET_LPC1768\TARGET_NXP\TARGET_LPC176X" -L"C:\-WeatherStation\ResultadoSimplesFaultInjectorTData1024\mbed\TARGET_LPC1768\TARGET_NXP\TARGET_LPC176X\TARGET_MBED_LPC1768" -L"C:\-WeatherStation\ResultadoSimplesFaultInjectorTData1024\mbed\TARGET_LPC1768\TOOLCHAIN_GCC_CR" -Xlinker -Map="ResultadoSimplesFaultInjectorTData1024.map" -Xlinker --gc-sections -mcpu=cortex-m3 -mthumb -T "C:\-WeatherStation\ResultadoSimplesFaultInjectorTData1024\mbed\TARGET_LPC1768\TOOLCHAIN_GCC_CR\LPC1768.ld" -o "ResultadoSimplesFaultInjectorTData1024.axf"  ./Logger/Logger.o  ./FaultInjector/FaultInjector.o ./FaultInjector/Utils.o  ./main.o  C:/-WeatherStation/ResultadoSimplesFaultInjectorTData1024/mbed/TARGET_LPC1768/TOOLCHAIN_GCC_CR/board.o C:/-WeatherStation/ResultadoSimplesFaultInjectorTData1024/mbed/TARGET_LPC1768/TOOLCHAIN_GCC_CR/cmsis_nvic.o C:/-WeatherStation/ResultadoSimplesFaultInjectorTData1024/mbed/TARGET_LPC1768/TOOLCHAIN_GCC_CR/retarget.o C:/-WeatherStation/ResultadoSimplesFaultInjectorTData1024/mbed/TARGET_LPC1768/TOOLCHAIN_GCC_CR/startup_LPC17xx.o C:/-WeatherStation/ResultadoSimplesFaultInjectorTData1024/mbed/TARGET_LPC1768/TOOLCHAIN_GCC_CR/system_LPC17xx.o -lmbed
Finished building target: ResultadoSimplesFaultInjectorTData1024.axf
 
/usr/bin/make --no-print-directory post-build
Performing post-build steps
arm-none-eabi-size "ResultadoSimplesFaultInjectorTData1024.axf"; arm-none-eabi-objcopy -O binary "ResultadoSimplesFaultInjectorTData1024.axf" "ResultadoSimplesFaultInjectorTData1024.bin" ; # checksum -p LPC1768 -d "ResultadoSimplesFaultInjectorTData1024.bin";
   text	   data	    bss	    dec	    hex	filename
 212820	   2460	   8136	 223416	  368b8	ResultadoSimplesFaultInjectorTData1024.axf
 

14:20:57 Build Finished (took 23s.41ms)

